
   FAIL  Tests\Unit\AppointmentServiceTest
  Γ¿» staff available during working hours
  Γ¿» staff not available before working hours
  Γ¿» staff not available after working hours
  Γ¿» staff not available on non working day
  Γ¿» staff not available when appointment exceeds working hours
  Γ¿» staff not available when appointment exists
  Γ¿» staff available when appointment does not overlap
  Γ¿» get available salon ids for date
  Γ¿» get available salon ids for specific time
  Γ¿» no available salons for late evening
  Γ¿» get available slots for staff
  Γ¿» available slots exclude past times for today
  Γ¿» salon availability check
  Γ¿» salon not available when no staff working
  Γ¿» date conversion from european format
  Γ¿» date conversion from iso format

   PASS  Tests\Unit\ExampleTest
  Γ£ô that true is true

   FAIL  Tests\Feature\AppointmentTest
  Γ¿» create appointment as guest
  Γ¿» guest appointment validation missing name
  Γ¿» guest appointment validation invalid phone
  Γ¿» create appointment as client
  Γ¿» client cannot book outside working hours
  Γ¿» client cannot book on non working day
  Γ¿» client cannot book overlapping appointment
  Γ¿» get client appointments
  Γ¿» get single appointment
  Γ¿» client cannot view others appointment
  Γ¿» cancel appointment
  Γ¿» cannot cancel already cancelled appointment
  Γ¿» salon owner can view appointments
  Γ¿» salon owner can confirm appointment
  Γ¿» salon owner can reject appointment
  Γ¿» appointment date format validation
  Γ¿» appointment time format validation

   FAIL  Tests\Feature\AuthTest
  Γ¿» user registration                                                                                                                           0.10s  
  Γ¿» registration validation missing email                                                                                                       0.05s  
  Γ¿» registration validation invalid email                                                                                                       0.05s  
  Γ¿» registration validation password too short                                                                                                  0.05s  
  Γ¿» registration validation password mismatch                                                                                                   0.16s  
  Γ¿» registration validation duplicate email                                                                                                     0.05s  
  Γ¿» user login                                                                                                                                  0.06s  
  Γ¿» login with invalid credentials                                                                                                              0.06s  
  Γ¿» login with non existent user                                                                                                                0.17s  
  Γ¿» user logout                                                                                                                                 0.05s  
  Γ¿» get authenticated user                                                                                                                      0.05s  
  Γ¿» unauthenticated user cannot access protected route                                                                                          0.05s  
  Γ¿» password reset request                                                                                                                      0.05s  
  Γ¿» password reset with invalid email                                                                                                           0.05s  
  Γ¿» user profile update                                                                                                                         0.05s  
  Γ¿» change password                                                                                                                             0.07s  
  Γ¿» change password with wrong current password                                                                                                 0.05s  
  Γ¿» salon registration                                                                                                                          0.05s  
  Γ¿» admin registration should fail                                                                                                              0.05s  

   PASS  Tests\Feature\ExampleTest
  Γ£ô the application returns a successful response                                                                                               0.03s  

   FAIL  Tests\Feature\FavoriteTest
  Γ£ô add salon to favorites                                                                                                                      0.07s  
  Γ£ô cannot add same salon twice                                                                                                                 0.06s  
  Γ£ô remove salon from favorites                                                                                                                 0.17s  
  Γ£ô get user favorites                                                                                                                          0.08s  
  Γ¿» favorite pagination                                                                                                                         0.24s  
  Γ£ô unauthenticated user cannot add favorites                                                                                                   0.05s  
  Γ£ô adding non existent salon to favorites                                                                                                      0.06s  
  Γ£ô removing non existent favorite                                                                                                              0.06s  
  Γ£ô different users have different favorites                                                                                                    0.07s  
  Γ¿» favorite count in salon details                                                                                                             0.08s  
  Γ¿» salon owner cannot add own salon to favorites                                                                                               0.06s  

   FAIL  Tests\Feature\PublicSearchTest
  Γ¿» search returns all approved salons
  Γ¿» search filters by city
  Γ¿» search filters by name
  Γ¿» search filters by minimum rating
  Γ¿» search filters by service
  Γ¿» search filters by date today
  Γ¿» search filters by time morning
  Γ¿» search filters by time late evening
  Γ¿» search filters by time early morning
  Γ¿» search pagination default
  Γ¿» search pagination custom per page
  Γ¿» search pagination page 2
  Γ¿» search with combined filters
  Γ¿» search returns meta information
  Γ¿» search returns applied filters
  Γ¿» search with invalid date format
  Γ¿» search with invalid time format
  Γ¿» search excludes unapproved salons
  Γ¿» search filters by audience

   FAIL  Tests\Feature\ReviewTest
  Γ¿» create review                                                                                                                               0.06s  
  Γ¿» review validation missing rating                                                                                                            0.05s  
  Γ¿» review validation invalid rating too low                                                                                                    0.06s  
  Γ¿» review validation invalid rating too high                                                                                                   0.06s  
  Γ¿» review validation comment too short                                                                                                         0.06s  
  Γ¿» review validation comment too long                                                                                                          0.16s  
  Γ¿» user cannot create duplicate review                                                                                                         0.06s  
  Γ¿» get salon reviews                                                                                                                           0.07s  
  Γ¿» review pagination                                                                                                                           0.07s  
  Γ¿» update own review                                                                                                                           0.06s  
  Γ¿» user cannot update others review                                                                                                            0.05s  
  Γ¿» delete own review                                                                                                                           0.06s  
  Γ¿» user cannot delete others review                                                                                                            0.06s  
  Γ¿» salon rating calculation                                                                                                                    0.05s  
  Γ¿» review sorting by rating                                                                                                                    0.16s  
  Γ¿» unauthenticated user cannot create review                                                                                                   0.06s  
  Γ¿» review with all valid ratings                                                                                                               0.06s  

   FAIL  Tests\Feature\SalonTest
  Γ¿» get salon details                                                                                                                           0.06s  
  Γ£ô salon not found returns 404                                                                                                                 0.16s  
  Γ¿» get salon services                                                                                                                          0.07s  
  Γ¿» get salon staff                                                                                                                             0.06s  
  Γ£ô salon owner can update profile                                                                                                              0.19s  
  Γ£ô non owner cannot update salon                                                                                                               0.06s  
  Γ¿» salon images upload                                                                                                                         0.06s  
  Γ£ô salon working hours update                                                                                                                  0.06s  
  Γ¿» get salon reviews                                                                                                                           0.06s  
  Γ£ô salon search by location                                                                                                                    0.33s  
  Γ£ô salon target audience filter                                                                                                                0.08s  
  Γ¿» salon rating calculation                                                                                                                    0.06s  
  Γ¿» salon with no reviews                                                                                                                       0.06s  
  ΓöÇΓöÇΓöÇΓöÇΓöÇΓöÇΓöÇΓöÇΓöÇΓöÇΓöÇΓöÇΓöÇΓöÇΓöÇΓöÇΓöÇΓöÇΓöÇΓöÇΓöÇΓöÇΓöÇΓöÇΓöÇΓöÇΓöÇΓöÇΓöÇΓöÇΓöÇΓöÇΓöÇΓöÇΓöÇΓöÇΓöÇΓöÇΓöÇΓöÇΓöÇΓöÇΓöÇΓöÇΓöÇΓöÇΓöÇΓöÇΓöÇΓöÇΓöÇΓöÇΓöÇΓöÇΓöÇΓöÇΓöÇΓöÇΓöÇΓöÇΓöÇΓöÇΓöÇΓöÇΓöÇΓöÇΓöÇΓöÇΓöÇΓöÇΓöÇΓöÇΓöÇΓöÇΓöÇΓöÇΓöÇΓöÇΓöÇΓöÇΓöÇΓöÇΓöÇΓöÇΓöÇΓöÇΓöÇΓöÇΓöÇΓöÇΓöÇΓöÇΓöÇΓöÇΓöÇΓöÇΓöÇΓöÇΓöÇΓöÇΓöÇΓöÇΓöÇΓöÇΓöÇΓöÇΓöÇΓöÇΓöÇΓöÇΓöÇΓöÇΓöÇΓöÇΓöÇΓöÇΓöÇΓöÇΓöÇΓöÇΓöÇΓöÇΓöÇΓöÇΓöÇΓöÇΓöÇΓöÇΓöÇΓöÇΓöÇΓöÇΓöÇΓöÇΓöÇΓöÇΓöÇΓöÇΓöÇΓöÇΓöÇΓöÇΓöÇΓöÇΓöÇΓöÇΓöÇ  
   FAILED  Tests\Unit\AppointmentServiceTest > staff available during working hours                                                   QueryException   
  SQLSTATE[42703]: Undefined column: 7 ERROR:  column "email" of relation "staff" does not exist
LINE 1: ...sert into "staff" ("salon_id", "user_id", "name", "email", "...
                                                             ^ (Connection: pgsql, SQL: insert into "staff" ("salon_id", "user_id", "name", "email", "phone", "specialization", "bio", "working_hours", "is_active", "auto_confirm", "updated_at", "created_at") values (1, 2, Test Staff, bryana23@example.com, +1-816-271-9671, Hairdresser, Omnis vel libero aut. Rerum officiis dolorum repellendus animi. Beatae labore quisquam fugit sunt. Doloribus animi sint et quia., {"monday":{"start":"08:00","end":"18:00","is_working":true},"tuesday":{"start":"08:00","end":"18:00","is_working":true},"wednesday":{"start":"08:00","end":"18:00","is_working":true},"thursday":{"start":"08:00","end":"18:00","is_working":true},"friday":{"start":"08:00","end":"18:00","is_working":true},"saturday":{"start":"09:00","end":"17:00","is_working":true},"sunday":{"start":"00:00","end":"00:00","is_working":false}}, 1, 0, 2025-12-15 19:12:59, 2025-12-15 19:12:59) returning "id")

  at vendor\laravel\framework\src\Illuminate\Database\Connection.php:822
    818Γûò                     $this->getName(), $query, $this->prepareBindings($bindings), $e
    819Γûò                 );
    820Γûò             }
    821Γûò 
  Γ₧£ 822Γûò             throw new QueryException(
    823Γûò                 $this->getName(), $query, $this->prepareBindings($bindings), $e
    824Γûò             );
    825Γûò         }
    826Γûò     }

  1   vendor\laravel\framework\src\Illuminate\Database\Connection.php:822

  2   vendor\laravel\framework\src\Illuminate\Database\Connection.php:409
      NunoMaduro\Collision\Exceptions\TestException::("SQLSTATE[42703]: Undefined column: 7 ERROR:  column "email" of relation "staff" does not exist
LINE 1: ...sert into "staff" ("salon_id", "user_id", "name", "email", "...
                                                             ^")

  ΓöÇΓöÇΓöÇΓöÇΓöÇΓöÇΓöÇΓöÇΓöÇΓöÇΓöÇΓöÇΓöÇΓöÇΓöÇΓöÇΓöÇΓöÇΓöÇΓöÇΓöÇΓöÇΓöÇΓöÇΓöÇΓöÇΓöÇΓöÇΓöÇΓöÇΓöÇΓöÇΓöÇΓöÇΓöÇΓöÇΓöÇΓöÇΓöÇΓöÇΓöÇΓöÇΓöÇΓöÇΓöÇΓöÇΓöÇΓöÇΓöÇΓöÇΓöÇΓöÇΓöÇΓöÇΓöÇΓöÇΓöÇΓöÇΓöÇΓöÇΓöÇΓöÇΓöÇΓöÇΓöÇΓöÇΓöÇΓöÇΓöÇΓöÇΓöÇΓöÇΓöÇΓöÇΓöÇΓöÇΓöÇΓöÇΓöÇΓöÇΓöÇΓöÇΓöÇΓöÇΓöÇΓöÇΓöÇΓöÇΓöÇΓöÇΓöÇΓöÇΓöÇΓöÇΓöÇΓöÇΓöÇΓöÇΓöÇΓöÇΓöÇΓöÇΓöÇΓöÇΓöÇΓöÇΓöÇΓöÇΓöÇΓöÇΓöÇΓöÇΓöÇΓöÇΓöÇΓöÇΓöÇΓöÇΓöÇΓöÇΓöÇΓöÇΓöÇΓöÇΓöÇΓöÇΓöÇΓöÇΓöÇΓöÇΓöÇΓöÇΓöÇΓöÇΓöÇΓöÇΓöÇΓöÇΓöÇΓöÇΓöÇΓöÇΓöÇΓöÇΓöÇΓöÇΓöÇ  
   FAILED  Tests\Unit\AppointmentServiceTest > staff not available before working hours                                               QueryException   
  SQLSTATE[42703]: Undefined column: 7 ERROR:  column "email" of relation "staff" does not exist
LINE 1: ...sert into "staff" ("salon_id", "user_id", "name", "email", "...
                                                             ^ (Connection: pgsql, SQL: insert into "staff" ("salon_id", "user_id", "name", "email", "phone", "specialization", "bio", "working_hours", "is_active", "auto_confirm", "updated_at", "created_at") values (2, 4, Test Staff, tess40@example.org, 201-293-5939, Colorist, Quae error vel veniam. Est qui et perspiciatis voluptatum. Dolores eos id beatae velit et molestiae. Labore et est nesciunt expedita amet praesentium., {"monday":{"start":"08:00","end":"18:00","is_working":true},"tuesday":{"start":"08:00","end":"18:00","is_working":true},"wednesday":{"start":"08:00","end":"18:00","is_working":true},"thursday":{"start":"08:00","end":"18:00","is_working":true},"friday":{"start":"08:00","end":"18:00","is_working":true},"saturday":{"start":"09:00","end":"17:00","is_working":true},"sunday":{"start":"00:00","end":"00:00","is_working":false}}, 1, 0, 2025-12-15 19:12:59, 2025-12-15 19:12:59) returning "id")

  at vendor\laravel\framework\src\Illuminate\Database\Connection.php:822
    818Γûò                     $this->getName(), $query, $this->prepareBindings($bindings), $e
    819Γûò                 );
    820Γûò             }
    821Γûò 
  Γ₧£ 822Γûò             throw new QueryException(
    823Γûò                 $this->getName(), $query, $this->prepareBindings($bindings), $e
    824Γûò             );
    825Γûò         }
    826Γûò     }

  1   vendor\laravel\framework\src\Illuminate\Database\Connection.php:822

  2   vendor\laravel\framework\src\Illuminate\Database\Connection.php:409
      NunoMaduro\Collision\Exceptions\TestException::("SQLSTATE[42703]: Undefined column: 7 ERROR:  column "email" of relation "staff" does not exist
LINE 1: ...sert into "staff" ("salon_id", "user_id", "name", "email", "...
                                                             ^")

  ΓöÇΓöÇΓöÇΓöÇΓöÇΓöÇΓöÇΓöÇΓöÇΓöÇΓöÇΓöÇΓöÇΓöÇΓöÇΓöÇΓöÇΓöÇΓöÇΓöÇΓöÇΓöÇΓöÇΓöÇΓöÇΓöÇΓöÇΓöÇΓöÇΓöÇΓöÇΓöÇΓöÇΓöÇΓöÇΓöÇΓöÇΓöÇΓöÇΓöÇΓöÇΓöÇΓöÇΓöÇΓöÇΓöÇΓöÇΓöÇΓöÇΓöÇΓöÇΓöÇΓöÇΓöÇΓöÇΓöÇΓöÇΓöÇΓöÇΓöÇΓöÇΓöÇΓöÇΓöÇΓöÇΓöÇΓöÇΓöÇΓöÇΓöÇΓöÇΓöÇΓöÇΓöÇΓöÇΓöÇΓöÇΓöÇΓöÇΓöÇΓöÇΓöÇΓöÇΓöÇΓöÇΓöÇΓöÇΓöÇΓöÇΓöÇΓöÇΓöÇΓöÇΓöÇΓöÇΓöÇΓöÇΓöÇΓöÇΓöÇΓöÇΓöÇΓöÇΓöÇΓöÇΓöÇΓöÇΓöÇΓöÇΓöÇΓöÇΓöÇΓöÇΓöÇΓöÇΓöÇΓöÇΓöÇΓöÇΓöÇΓöÇΓöÇΓöÇΓöÇΓöÇΓöÇΓöÇΓöÇΓöÇΓöÇΓöÇΓöÇΓöÇΓöÇΓöÇΓöÇΓöÇΓöÇΓöÇΓöÇΓöÇΓöÇΓöÇΓöÇΓöÇΓöÇΓöÇ  
   FAILED  Tests\Unit\AppointmentServiceTest > staff not available after working hours                                                QueryException   
  SQLSTATE[42703]: Undefined column: 7 ERROR:  column "email" of relation "staff" does not exist
LINE 1: ...sert into "staff" ("salon_id", "user_id", "name", "email", "...
                                                             ^ (Connection: pgsql, SQL: insert into "staff" ("salon_id", "user_id", "name", "email", "phone", "specialization", "bio", "working_hours", "is_active", "auto_confirm", "updated_at", "created_at") values (3, 6, Test Staff, eboyle@example.com, +1-563-361-7107, Barber, Accusantium aut labore hic animi. Dolor vel saepe voluptas ducimus ullam. In est facilis doloribus quas sint laborum ut nihil., {"monday":{"start":"08:00","end":"18:00","is_working":true},"tuesday":{"start":"08:00","end":"18:00","is_working":true},"wednesday":{"start":"08:00","end":"18:00","is_working":true},"thursday":{"start":"08:00","end":"18:00","is_working":true},"friday":{"start":"08:00","end":"18:00","is_working":true},"saturday":{"start":"09:00","end":"17:00","is_working":true},"sunday":{"start":"00:00","end":"00:00","is_working":false}}, 1, 0, 2025-12-15 19:12:59, 2025-12-15 19:12:59) returning "id")

  at vendor\laravel\framework\src\Illuminate\Database\Connection.php:822
    818Γûò                     $this->getName(), $query, $this->prepareBindings($bindings), $e
    819Γûò                 );
    820Γûò             }
    821Γûò 
  Γ₧£ 822Γûò             throw new QueryException(
    823Γûò                 $this->getName(), $query, $this->prepareBindings($bindings), $e
    824Γûò             );
    825Γûò         }
    826Γûò     }

  1   vendor\laravel\framework\src\Illuminate\Database\Connection.php:822

  2   vendor\laravel\framework\src\Illuminate\Database\Connection.php:409
      NunoMaduro\Collision\Exceptions\TestException::("SQLSTATE[42703]: Undefined column: 7 ERROR:  column "email" of relation "staff" does not exist
LINE 1: ...sert into "staff" ("salon_id", "user_id", "name", "email", "...
                                                             ^")

  ΓöÇΓöÇΓöÇΓöÇΓöÇΓöÇΓöÇΓöÇΓöÇΓöÇΓöÇΓöÇΓöÇΓöÇΓöÇΓöÇΓöÇΓöÇΓöÇΓöÇΓöÇΓöÇΓöÇΓöÇΓöÇΓöÇΓöÇΓöÇΓöÇΓöÇΓöÇΓöÇΓöÇΓöÇΓöÇΓöÇΓöÇΓöÇΓöÇΓöÇΓöÇΓöÇΓöÇΓöÇΓöÇΓöÇΓöÇΓöÇΓöÇΓöÇΓöÇΓöÇΓöÇΓöÇΓöÇΓöÇΓöÇΓöÇΓöÇΓöÇΓöÇΓöÇΓöÇΓöÇΓöÇΓöÇΓöÇΓöÇΓöÇΓöÇΓöÇΓöÇΓöÇΓöÇΓöÇΓöÇΓöÇΓöÇΓöÇΓöÇΓöÇΓöÇΓöÇΓöÇΓöÇΓöÇΓöÇΓöÇΓöÇΓöÇΓöÇΓöÇΓöÇΓöÇΓöÇΓöÇΓöÇΓöÇΓöÇΓöÇΓöÇΓöÇΓöÇΓöÇΓöÇΓöÇΓöÇΓöÇΓöÇΓöÇΓöÇΓöÇΓöÇΓöÇΓöÇΓöÇΓöÇΓöÇΓöÇΓöÇΓöÇΓöÇΓöÇΓöÇΓöÇΓöÇΓöÇΓöÇΓöÇΓöÇΓöÇΓöÇΓöÇΓöÇΓöÇΓöÇΓöÇΓöÇΓöÇΓöÇΓöÇΓöÇΓöÇΓöÇΓöÇΓöÇΓöÇ  
   FAILED  Tests\Unit\AppointmentServiceTest > staff not available on non working day                                                 QueryException   
  SQLSTATE[42703]: Undefined column: 7 ERROR:  column "email" of relation "staff" does not exist
LINE 1: ...sert into "staff" ("salon_id", "user_id", "name", "email", "...
                                                             ^ (Connection: pgsql, SQL: insert into "staff" ("salon_id", "user_id", "name", "email", "phone", "specialization", "bio", "working_hours", "is_active", "auto_confirm", "updated_at", "created_at") values (4, 8, Test Staff, hand.elise@example.com, 307.934.7633, Hairdresser, Culpa harum autem quo laborum aut consectetur. Nostrum aliquam et laborum nesciunt mollitia numquam et. Aut cum consequatur consequatur laborum fuga non minima quis., {"monday":{"start":"08:00","end":"18:00","is_working":true},"tuesday":{"start":"08:00","end":"18:00","is_working":true},"wednesday":{"start":"08:00","end":"18:00","is_working":true},"thursday":{"start":"08:00","end":"18:00","is_working":true},"friday":{"start":"08:00","end":"18:00","is_working":true},"saturday":{"start":"09:00","end":"17:00","is_working":true},"sunday":{"start":"00:00","end":"00:00","is_working":false}}, 1, 0, 2025-12-15 19:12:59, 2025-12-15 19:12:59) returning "id")

  at vendor\laravel\framework\src\Illuminate\Database\Connection.php:822
    818Γûò                     $this->getName(), $query, $this->prepareBindings($bindings), $e
    819Γûò                 );
    820Γûò             }
    821Γûò 
  Γ₧£ 822Γûò             throw new QueryException(
    823Γûò                 $this->getName(), $query, $this->prepareBindings($bindings), $e
    824Γûò             );
    825Γûò         }
    826Γûò     }

  1   vendor\laravel\framework\src\Illuminate\Database\Connection.php:822

  2   vendor\laravel\framework\src\Illuminate\Database\Connection.php:409
      NunoMaduro\Collision\Exceptions\TestException::("SQLSTATE[42703]: Undefined column: 7 ERROR:  column "email" of relation "staff" does not exist
LINE 1: ...sert into "staff" ("salon_id", "user_id", "name", "email", "...
                                                             ^")

  ΓöÇΓöÇΓöÇΓöÇΓöÇΓöÇΓöÇΓöÇΓöÇΓöÇΓöÇΓöÇΓöÇΓöÇΓöÇΓöÇΓöÇΓöÇΓöÇΓöÇΓöÇΓöÇΓöÇΓöÇΓöÇΓöÇΓöÇΓöÇΓöÇΓöÇΓöÇΓöÇΓöÇΓöÇΓöÇΓöÇΓöÇΓöÇΓöÇΓöÇΓöÇΓöÇΓöÇΓöÇΓöÇΓöÇΓöÇΓöÇΓöÇΓöÇΓöÇΓöÇΓöÇΓöÇΓöÇΓöÇΓöÇΓöÇΓöÇΓöÇΓöÇΓöÇΓöÇΓöÇΓöÇΓöÇΓöÇΓöÇΓöÇΓöÇΓöÇΓöÇΓöÇΓöÇΓöÇΓöÇΓöÇΓöÇΓöÇΓöÇΓöÇΓöÇΓöÇΓöÇΓöÇΓöÇΓöÇΓöÇΓöÇΓöÇΓöÇΓöÇΓöÇΓöÇΓöÇΓöÇΓöÇΓöÇΓöÇΓöÇΓöÇΓöÇΓöÇΓöÇΓöÇΓöÇΓöÇΓöÇΓöÇΓöÇΓöÇΓöÇΓöÇΓöÇΓöÇΓöÇΓöÇΓöÇΓöÇΓöÇΓöÇΓöÇΓöÇΓöÇΓöÇΓöÇΓöÇΓöÇΓöÇΓöÇΓöÇΓöÇΓöÇΓöÇΓöÇΓöÇΓöÇΓöÇΓöÇΓöÇΓöÇΓöÇΓöÇΓöÇΓöÇΓöÇΓöÇ  
   FAILED  Tests\Unit\AppointmentServiceTest > staff not available when appointment exceeds working hours                             QueryException   
  SQLSTATE[42703]: Undefined column: 7 ERROR:  column "email" of relation "staff" does not exist
LINE 1: ...sert into "staff" ("salon_id", "user_id", "name", "email", "...
                                                             ^ (Connection: pgsql, SQL: insert into "staff" ("salon_id", "user_id", "name", "email", "phone", "specialization", "bio", "working_hours", "is_active", "auto_confirm", "updated_at", "created_at") values (5, 10, Test Staff, anna44@example.net, 843.526.6133, Hairdresser, Beatae sint enim explicabo tenetur ipsam in. Qui enim suscipit nobis voluptate voluptatem a voluptas. Fugit quo cupiditate nostrum quos perferendis., {"monday":{"start":"08:00","end":"18:00","is_working":true},"tuesday":{"start":"08:00","end":"18:00","is_working":true},"wednesday":{"start":"08:00","end":"18:00","is_working":true},"thursday":{"start":"08:00","end":"18:00","is_working":true},"friday":{"start":"08:00","end":"18:00","is_working":true},"saturday":{"start":"09:00","end":"17:00","is_working":true},"sunday":{"start":"00:00","end":"00:00","is_working":false}}, 1, 0, 2025-12-15 19:12:59, 2025-12-15 19:12:59) returning "id")

  at vendor\laravel\framework\src\Illuminate\Database\Connection.php:822
    818Γûò                     $this->getName(), $query, $this->prepareBindings($bindings), $e
    819Γûò                 );
    820Γûò             }
    821Γûò 
  Γ₧£ 822Γûò             throw new QueryException(
    823Γûò                 $this->getName(), $query, $this->prepareBindings($bindings), $e
    824Γûò             );
    825Γûò         }
    826Γûò     }

  1   vendor\laravel\framework\src\Illuminate\Database\Connection.php:822

  2   vendor\laravel\framework\src\Illuminate\Database\Connection.php:409
      NunoMaduro\Collision\Exceptions\TestException::("SQLSTATE[42703]: Undefined column: 7 ERROR:  column "email" of relation "staff" does not exist
LINE 1: ...sert into "staff" ("salon_id", "user_id", "name", "email", "...
                                                             ^")

  ΓöÇΓöÇΓöÇΓöÇΓöÇΓöÇΓöÇΓöÇΓöÇΓöÇΓöÇΓöÇΓöÇΓöÇΓöÇΓöÇΓöÇΓöÇΓöÇΓöÇΓöÇΓöÇΓöÇΓöÇΓöÇΓöÇΓöÇΓöÇΓöÇΓöÇΓöÇΓöÇΓöÇΓöÇΓöÇΓöÇΓöÇΓöÇΓöÇΓöÇΓöÇΓöÇΓöÇΓöÇΓöÇΓöÇΓöÇΓöÇΓöÇΓöÇΓöÇΓöÇΓöÇΓöÇΓöÇΓöÇΓöÇΓöÇΓöÇΓöÇΓöÇΓöÇΓöÇΓöÇΓöÇΓöÇΓöÇΓöÇΓöÇΓöÇΓöÇΓöÇΓöÇΓöÇΓöÇΓöÇΓöÇΓöÇΓöÇΓöÇΓöÇΓöÇΓöÇΓöÇΓöÇΓöÇΓöÇΓöÇΓöÇΓöÇΓöÇΓöÇΓöÇΓöÇΓöÇΓöÇΓöÇΓöÇΓöÇΓöÇΓöÇΓöÇΓöÇΓöÇΓöÇΓöÇΓöÇΓöÇΓöÇΓöÇΓöÇΓöÇΓöÇΓöÇΓöÇΓöÇΓöÇΓöÇΓöÇΓöÇΓöÇΓöÇΓöÇΓöÇΓöÇΓöÇΓöÇΓöÇΓöÇΓöÇΓöÇΓöÇΓöÇΓöÇΓöÇΓöÇΓöÇΓöÇΓöÇΓöÇΓöÇΓöÇΓöÇΓöÇΓöÇΓöÇΓöÇ  
   FAILED  Tests\Unit\AppointmentServiceTest > staff not available when appointment exists                                            QueryException   
  SQLSTATE[42703]: Undefined column: 7 ERROR:  column "email" of relation "staff" does not exist
LINE 1: ...sert into "staff" ("salon_id", "user_id", "name", "email", "...
                                                             ^ (Connection: pgsql, SQL: insert into "staff" ("salon_id", "user_id", "name", "email", "phone", "specialization", "bio", "working_hours", "is_active", "auto_confirm", "updated_at", "created_at") values (6, 12, Test Staff, francesca.block@example.com, +1-828-691-6871, Hairdresser, Architecto numquam veniam eum nihil sed tempore sequi facilis. Ut aspernatur ut quia id tenetur autem. Error possimus aliquam ipsum qui., {"monday":{"start":"08:00","end":"18:00","is_working":true},"tuesday":{"start":"08:00","end":"18:00","is_working":true},"wednesday":{"start":"08:00","end":"18:00","is_working":true},"thursday":{"start":"08:00","end":"18:00","is_working":true},"friday":{"start":"08:00","end":"18:00","is_working":true},"saturday":{"start":"09:00","end":"17:00","is_working":true},"sunday":{"start":"00:00","end":"00:00","is_working":false}}, 1, 0, 2025-12-15 19:13:00, 2025-12-15 19:13:00) returning "id")

  at vendor\laravel\framework\src\Illuminate\Database\Connection.php:822
    818Γûò                     $this->getName(), $query, $this->prepareBindings($bindings), $e
    819Γûò                 );
    820Γûò             }
    821Γûò 
  Γ₧£ 822Γûò             throw new QueryException(
    823Γûò                 $this->getName(), $query, $this->prepareBindings($bindings), $e
    824Γûò             );
    825Γûò         }
    826Γûò     }

  1   vendor\laravel\framework\src\Illuminate\Database\Connection.php:822

  2   vendor\laravel\framework\src\Illuminate\Database\Connection.php:409
      NunoMaduro\Collision\Exceptions\TestException::("SQLSTATE[42703]: Undefined column: 7 ERROR:  column "email" of relation "staff" does not exist
LINE 1: ...sert into "staff" ("salon_id", "user_id", "name", "email", "...
                                                             ^")

  ΓöÇΓöÇΓöÇΓöÇΓöÇΓöÇΓöÇΓöÇΓöÇΓöÇΓöÇΓöÇΓöÇΓöÇΓöÇΓöÇΓöÇΓöÇΓöÇΓöÇΓöÇΓöÇΓöÇΓöÇΓöÇΓöÇΓöÇΓöÇΓöÇΓöÇΓöÇΓöÇΓöÇΓöÇΓöÇΓöÇΓöÇΓöÇΓöÇΓöÇΓöÇΓöÇΓöÇΓöÇΓöÇΓöÇΓöÇΓöÇΓöÇΓöÇΓöÇΓöÇΓöÇΓöÇΓöÇΓöÇΓöÇΓöÇΓöÇΓöÇΓöÇΓöÇΓöÇΓöÇΓöÇΓöÇΓöÇΓöÇΓöÇΓöÇΓöÇΓöÇΓöÇΓöÇΓöÇΓöÇΓöÇΓöÇΓöÇΓöÇΓöÇΓöÇΓöÇΓöÇΓöÇΓöÇΓöÇΓöÇΓöÇΓöÇΓöÇΓöÇΓöÇΓöÇΓöÇΓöÇΓöÇΓöÇΓöÇΓöÇΓöÇΓöÇΓöÇΓöÇΓöÇΓöÇΓöÇΓöÇΓöÇΓöÇΓöÇΓöÇΓöÇΓöÇΓöÇΓöÇΓöÇΓöÇΓöÇΓöÇΓöÇΓöÇΓöÇΓöÇΓöÇΓöÇΓöÇΓöÇΓöÇΓöÇΓöÇΓöÇΓöÇΓöÇΓöÇΓöÇΓöÇΓöÇΓöÇΓöÇΓöÇΓöÇΓöÇΓöÇΓöÇΓöÇΓöÇ  
   FAILED  Tests\Unit\AppointmentServiceTest > staff available when appointment does not overlap                                      QueryException   
  SQLSTATE[42703]: Undefined column: 7 ERROR:  column "email" of relation "staff" does not exist
LINE 1: ...sert into "staff" ("salon_id", "user_id", "name", "email", "...
                                                             ^ (Connection: pgsql, SQL: insert into "staff" ("salon_id", "user_id", "name", "email", "phone", "specialization", "bio", "working_hours", "is_active", "auto_confirm", "updated_at", "created_at") values (7, 14, Test Staff, kozey.porter@example.org, 1-763-451-3730, Barber, Quibusdam voluptatum molestias beatae magnam id nostrum ut. Qui voluptatibus ut ipsa repellat voluptas quia laboriosam. Dolor repudiandae at repellendus sed. Corporis voluptate voluptas corrupti nihil vero., {"monday":{"start":"08:00","end":"18:00","is_working":true},"tuesday":{"start":"08:00","end":"18:00","is_working":true},"wednesday":{"start":"08:00","end":"18:00","is_working":true},"thursday":{"start":"08:00","end":"18:00","is_working":true},"friday":{"start":"08:00","end":"18:00","is_working":true},"saturday":{"start":"09:00","end":"17:00","is_working":true},"sunday":{"start":"00:00","end":"00:00","is_working":false}}, 1, 0, 2025-12-15 19:13:00, 2025-12-15 19:13:00) returning "id")

  at vendor\laravel\framework\src\Illuminate\Database\Connection.php:822
    818Γûò                     $this->getName(), $query, $this->prepareBindings($bindings), $e
    819Γûò                 );
    820Γûò             }
    821Γûò 
  Γ₧£ 822Γûò             throw new QueryException(
    823Γûò                 $this->getName(), $query, $this->prepareBindings($bindings), $e
    824Γûò             );
    825Γûò         }
    826Γûò     }

  1   vendor\laravel\framework\src\Illuminate\Database\Connection.php:822

  2   vendor\laravel\framework\src\Illuminate\Database\Connection.php:409
      NunoMaduro\Collision\Exceptions\TestException::("SQLSTATE[42703]: Undefined column: 7 ERROR:  column "email" of relation "staff" does not exist
LINE 1: ...sert into "staff" ("salon_id", "user_id", "name", "email", "...
                                                             ^")

  ΓöÇΓöÇΓöÇΓöÇΓöÇΓöÇΓöÇΓöÇΓöÇΓöÇΓöÇΓöÇΓöÇΓöÇΓöÇΓöÇΓöÇΓöÇΓöÇΓöÇΓöÇΓöÇΓöÇΓöÇΓöÇΓöÇΓöÇΓöÇΓöÇΓöÇΓöÇΓöÇΓöÇΓöÇΓöÇΓöÇΓöÇΓöÇΓöÇΓöÇΓöÇΓöÇΓöÇΓöÇΓöÇΓöÇΓöÇΓöÇΓöÇΓöÇΓöÇΓöÇΓöÇΓöÇΓöÇΓöÇΓöÇΓöÇΓöÇΓöÇΓöÇΓöÇΓöÇΓöÇΓöÇΓöÇΓöÇΓöÇΓöÇΓöÇΓöÇΓöÇΓöÇΓöÇΓöÇΓöÇΓöÇΓöÇΓöÇΓöÇΓöÇΓöÇΓöÇΓöÇΓöÇΓöÇΓöÇΓöÇΓöÇΓöÇΓöÇΓöÇΓöÇΓöÇΓöÇΓöÇΓöÇΓöÇΓöÇΓöÇΓöÇΓöÇΓöÇΓöÇΓöÇΓöÇΓöÇΓöÇΓöÇΓöÇΓöÇΓöÇΓöÇΓöÇΓöÇΓöÇΓöÇΓöÇΓöÇΓöÇΓöÇΓöÇΓöÇΓöÇΓöÇΓöÇΓöÇΓöÇΓöÇΓöÇΓöÇΓöÇΓöÇΓöÇΓöÇΓöÇΓöÇΓöÇΓöÇΓöÇΓöÇΓöÇΓöÇΓöÇΓöÇΓöÇΓöÇ  
   FAILED  Tests\Unit\AppointmentServiceTest > get available salon ids for date                                                       QueryException   
  SQLSTATE[42703]: Undefined column: 7 ERROR:  column "email" of relation "staff" does not exist
LINE 1: ...sert into "staff" ("salon_id", "user_id", "name", "email", "...
                                                             ^ (Connection: pgsql, SQL: insert into "staff" ("salon_id", "user_id", "name", "email", "phone", "specialization", "bio", "working_hours", "is_active", "auto_confirm", "updated_at", "created_at") values (8, 16, Test Staff, frederic67@example.org, +1-901-854-7774, Hairdresser, Voluptatem repudiandae est eos quos doloribus corporis ea ab. Facere atque maxime et dolores sapiente. Autem et dolorem commodi., {"monday":{"start":"08:00","end":"18:00","is_working":true},"tuesday":{"start":"08:00","end":"18:00","is_working":true},"wednesday":{"start":"08:00","end":"18:00","is_working":true},"thursday":{"start":"08:00","end":"18:00","is_working":true},"friday":{"start":"08:00","end":"18:00","is_working":true},"saturday":{"start":"09:00","end":"17:00","is_working":true},"sunday":{"start":"00:00","end":"00:00","is_working":false}}, 1, 0, 2025-12-15 19:13:00, 2025-12-15 19:13:00) returning "id")

  at vendor\laravel\framework\src\Illuminate\Database\Connection.php:822
    818Γûò                     $this->getName(), $query, $this->prepareBindings($bindings), $e
    819Γûò                 );
    820Γûò             }
    821Γûò 
  Γ₧£ 822Γûò             throw new QueryException(
    823Γûò                 $this->getName(), $query, $this->prepareBindings($bindings), $e
    824Γûò             );
    825Γûò         }
    826Γûò     }

  1   vendor\laravel\framework\src\Illuminate\Database\Connection.php:822

  2   vendor\laravel\framework\src\Illuminate\Database\Connection.php:409
      NunoMaduro\Collision\Exceptions\TestException::("SQLSTATE[42703]: Undefined column: 7 ERROR:  column "email" of relation "staff" does not exist
LINE 1: ...sert into "staff" ("salon_id", "user_id", "name", "email", "...
                                                             ^")

  ΓöÇΓöÇΓöÇΓöÇΓöÇΓöÇΓöÇΓöÇΓöÇΓöÇΓöÇΓöÇΓöÇΓöÇΓöÇΓöÇΓöÇΓöÇΓöÇΓöÇΓöÇΓöÇΓöÇΓöÇΓöÇΓöÇΓöÇΓöÇΓöÇΓöÇΓöÇΓöÇΓöÇΓöÇΓöÇΓöÇΓöÇΓöÇΓöÇΓöÇΓöÇΓöÇΓöÇΓöÇΓöÇΓöÇΓöÇΓöÇΓöÇΓöÇΓöÇΓöÇΓöÇΓöÇΓöÇΓöÇΓöÇΓöÇΓöÇΓöÇΓöÇΓöÇΓöÇΓöÇΓöÇΓöÇΓöÇΓöÇΓöÇΓöÇΓöÇΓöÇΓöÇΓöÇΓöÇΓöÇΓöÇΓöÇΓöÇΓöÇΓöÇΓöÇΓöÇΓöÇΓöÇΓöÇΓöÇΓöÇΓöÇΓöÇΓöÇΓöÇΓöÇΓöÇΓöÇΓöÇΓöÇΓöÇΓöÇΓöÇΓöÇΓöÇΓöÇΓöÇΓöÇΓöÇΓöÇΓöÇΓöÇΓöÇΓöÇΓöÇΓöÇΓöÇΓöÇΓöÇΓöÇΓöÇΓöÇΓöÇΓöÇΓöÇΓöÇΓöÇΓöÇΓöÇΓöÇΓöÇΓöÇΓöÇΓöÇΓöÇΓöÇΓöÇΓöÇΓöÇΓöÇΓöÇΓöÇΓöÇΓöÇΓöÇΓöÇΓöÇΓöÇΓöÇΓöÇ  
   FAILED  Tests\Unit\AppointmentServiceTest > get available salon ids for specific time                                              QueryException   
  SQLSTATE[42703]: Undefined column: 7 ERROR:  column "email" of relation "staff" does not exist
LINE 1: ...sert into "staff" ("salon_id", "user_id", "name", "email", "...
                                                             ^ (Connection: pgsql, SQL: insert into "staff" ("salon_id", "user_id", "name", "email", "phone", "specialization", "bio", "working_hours", "is_active", "auto_confirm", "updated_at", "created_at") values (9, 18, Test Staff, parisian.jenifer@example.org, 1-701-781-4619, Hairdresser, Ut nobis ut earum eos rerum. Sint totam eos ut consectetur., {"monday":{"start":"08:00","end":"18:00","is_working":true},"tuesday":{"start":"08:00","end":"18:00","is_working":true},"wednesday":{"start":"08:00","end":"18:00","is_working":true},"thursday":{"start":"08:00","end":"18:00","is_working":true},"friday":{"start":"08:00","end":"18:00","is_working":true},"saturday":{"start":"09:00","end":"17:00","is_working":true},"sunday":{"start":"00:00","end":"00:00","is_working":false}}, 1, 0, 2025-12-15 19:13:00, 2025-12-15 19:13:00) returning "id")

  at vendor\laravel\framework\src\Illuminate\Database\Connection.php:822
    818Γûò                     $this->getName(), $query, $this->prepareBindings($bindings), $e
    819Γûò                 );
    820Γûò             }
    821Γûò 
  Γ₧£ 822Γûò             throw new QueryException(
    823Γûò                 $this->getName(), $query, $this->prepareBindings($bindings), $e
    824Γûò             );
    825Γûò         }
    826Γûò     }

  1   vendor\laravel\framework\src\Illuminate\Database\Connection.php:822

  2   vendor\laravel\framework\src\Illuminate\Database\Connection.php:409
      NunoMaduro\Collision\Exceptions\TestException::("SQLSTATE[42703]: Undefined column: 7 ERROR:  column "email" of relation "staff" does not exist
LINE 1: ...sert into "staff" ("salon_id", "user_id", "name", "email", "...
                                                             ^")

  ΓöÇΓöÇΓöÇΓöÇΓöÇΓöÇΓöÇΓöÇΓöÇΓöÇΓöÇΓöÇΓöÇΓöÇΓöÇΓöÇΓöÇΓöÇΓöÇΓöÇΓöÇΓöÇΓöÇΓöÇΓöÇΓöÇΓöÇΓöÇΓöÇΓöÇΓöÇΓöÇΓöÇΓöÇΓöÇΓöÇΓöÇΓöÇΓöÇΓöÇΓöÇΓöÇΓöÇΓöÇΓöÇΓöÇΓöÇΓöÇΓöÇΓöÇΓöÇΓöÇΓöÇΓöÇΓöÇΓöÇΓöÇΓöÇΓöÇΓöÇΓöÇΓöÇΓöÇΓöÇΓöÇΓöÇΓöÇΓöÇΓöÇΓöÇΓöÇΓöÇΓöÇΓöÇΓöÇΓöÇΓöÇΓöÇΓöÇΓöÇΓöÇΓöÇΓöÇΓöÇΓöÇΓöÇΓöÇΓöÇΓöÇΓöÇΓöÇΓöÇΓöÇΓöÇΓöÇΓöÇΓöÇΓöÇΓöÇΓöÇΓöÇΓöÇΓöÇΓöÇΓöÇΓöÇΓöÇΓöÇΓöÇΓöÇΓöÇΓöÇΓöÇΓöÇΓöÇΓöÇΓöÇΓöÇΓöÇΓöÇΓöÇΓöÇΓöÇΓöÇΓöÇΓöÇΓöÇΓöÇΓöÇΓöÇΓöÇΓöÇΓöÇΓöÇΓöÇΓöÇΓöÇΓöÇΓöÇΓöÇΓöÇΓöÇΓöÇΓöÇΓöÇΓöÇΓöÇ  
   FAILED  Tests\Unit\AppointmentServiceTest > no available salons for late evening                                                   QueryException   
  SQLSTATE[42703]: Undefined column: 7 ERROR:  column "email" of relation "staff" does not exist
LINE 1: ...sert into "staff" ("salon_id", "user_id", "name", "email", "...
                                                             ^ (Connection: pgsql, SQL: insert into "staff" ("salon_id", "user_id", "name", "email", "phone", "specialization", "bio", "working_hours", "is_active", "auto_confirm", "updated_at", "created_at") values (10, 20, Test Staff, jade49@example.net, 1-747-588-6438, Barber, Fugit expedita nihil tempora repellendus inventore et amet. Quia voluptas veritatis et est velit. Nisi nihil eligendi iusto ut quia assumenda autem tempore., {"monday":{"start":"08:00","end":"18:00","is_working":true},"tuesday":{"start":"08:00","end":"18:00","is_working":true},"wednesday":{"start":"08:00","end":"18:00","is_working":true},"thursday":{"start":"08:00","end":"18:00","is_working":true},"friday":{"start":"08:00","end":"18:00","is_working":true},"saturday":{"start":"09:00","end":"17:00","is_working":true},"sunday":{"start":"00:00","end":"00:00","is_working":false}}, 1, 0, 2025-12-15 19:13:00, 2025-12-15 19:13:00) returning "id")

  at vendor\laravel\framework\src\Illuminate\Database\Connection.php:822
    818Γûò                     $this->getName(), $query, $this->prepareBindings($bindings), $e
    819Γûò                 );
    820Γûò             }
    821Γûò 
  Γ₧£ 822Γûò             throw new QueryException(
    823Γûò                 $this->getName(), $query, $this->prepareBindings($bindings), $e
    824Γûò             );
    825Γûò         }
    826Γûò     }

  1   vendor\laravel\framework\src\Illuminate\Database\Connection.php:822

  2   vendor\laravel\framework\src\Illuminate\Database\Connection.php:409
      NunoMaduro\Collision\Exceptions\TestException::("SQLSTATE[42703]: Undefined column: 7 ERROR:  column "email" of relation "staff" does not exist
LINE 1: ...sert into "staff" ("salon_id", "user_id", "name", "email", "...
                                                             ^")

  ΓöÇΓöÇΓöÇΓöÇΓöÇΓöÇΓöÇΓöÇΓöÇΓöÇΓöÇΓöÇΓöÇΓöÇΓöÇΓöÇΓöÇΓöÇΓöÇΓöÇΓöÇΓöÇΓöÇΓöÇΓöÇΓöÇΓöÇΓöÇΓöÇΓöÇΓöÇΓöÇΓöÇΓöÇΓöÇΓöÇΓöÇΓöÇΓöÇΓöÇΓöÇΓöÇΓöÇΓöÇΓöÇΓöÇΓöÇΓöÇΓöÇΓöÇΓöÇΓöÇΓöÇΓöÇΓöÇΓöÇΓöÇΓöÇΓöÇΓöÇΓöÇΓöÇΓöÇΓöÇΓöÇΓöÇΓöÇΓöÇΓöÇΓöÇΓöÇΓöÇΓöÇΓöÇΓöÇΓöÇΓöÇΓöÇΓöÇΓöÇΓöÇΓöÇΓöÇΓöÇΓöÇΓöÇΓöÇΓöÇΓöÇΓöÇΓöÇΓöÇΓöÇΓöÇΓöÇΓöÇΓöÇΓöÇΓöÇΓöÇΓöÇΓöÇΓöÇΓöÇΓöÇΓöÇΓöÇΓöÇΓöÇΓöÇΓöÇΓöÇΓöÇΓöÇΓöÇΓöÇΓöÇΓöÇΓöÇΓöÇΓöÇΓöÇΓöÇΓöÇΓöÇΓöÇΓöÇΓöÇΓöÇΓöÇΓöÇΓöÇΓöÇΓöÇΓöÇΓöÇΓöÇΓöÇΓöÇΓöÇΓöÇΓöÇΓöÇΓöÇΓöÇΓöÇΓöÇ  
   FAILED  Tests\Unit\AppointmentServiceTest > get available slots for staff                                                          QueryException   
  SQLSTATE[42703]: Undefined column: 7 ERROR:  column "email" of relation "staff" does not exist
LINE 1: ...sert into "staff" ("salon_id", "user_id", "name", "email", "...
                                                             ^ (Connection: pgsql, SQL: insert into "staff" ("salon_id", "user_id", "name", "email", "phone", "specialization", "bio", "working_hours", "is_active", "auto_confirm", "updated_at", "created_at") values (11, 22, Test Staff, haley.haley@example.com, +1.678.532.3270, Stylist, Dolores unde numquam quia sunt ut. Id magni et omnis ab in. Neque beatae quibusdam quibusdam et., {"monday":{"start":"08:00","end":"18:00","is_working":true},"tuesday":{"start":"08:00","end":"18:00","is_working":true},"wednesday":{"start":"08:00","end":"18:00","is_working":true},"thursday":{"start":"08:00","end":"18:00","is_working":true},"friday":{"start":"08:00","end":"18:00","is_working":true},"saturday":{"start":"09:00","end":"17:00","is_working":true},"sunday":{"start":"00:00","end":"00:00","is_working":false}}, 1, 0, 2025-12-15 19:13:00, 2025-12-15 19:13:00) returning "id")

  at vendor\laravel\framework\src\Illuminate\Database\Connection.php:822
    818Γûò                     $this->getName(), $query, $this->prepareBindings($bindings), $e
    819Γûò                 );
    820Γûò             }
    821Γûò 
  Γ₧£ 822Γûò             throw new QueryException(
    823Γûò                 $this->getName(), $query, $this->prepareBindings($bindings), $e
    824Γûò             );
    825Γûò         }
    826Γûò     }

  1   vendor\laravel\framework\src\Illuminate\Database\Connection.php:822

  2   vendor\laravel\framework\src\Illuminate\Database\Connection.php:409
      NunoMaduro\Collision\Exceptions\TestException::("SQLSTATE[42703]: Undefined column: 7 ERROR:  column "email" of relation "staff" does not exist
LINE 1: ...sert into "staff" ("salon_id", "user_id", "name", "email", "...
                                                             ^")

  ΓöÇΓöÇΓöÇΓöÇΓöÇΓöÇΓöÇΓöÇΓöÇΓöÇΓöÇΓöÇΓöÇΓöÇΓöÇΓöÇΓöÇΓöÇΓöÇΓöÇΓöÇΓöÇΓöÇΓöÇΓöÇΓöÇΓöÇΓöÇΓöÇΓöÇΓöÇΓöÇΓöÇΓöÇΓöÇΓöÇΓöÇΓöÇΓöÇΓöÇΓöÇΓöÇΓöÇΓöÇΓöÇΓöÇΓöÇΓöÇΓöÇΓöÇΓöÇΓöÇΓöÇΓöÇΓöÇΓöÇΓöÇΓöÇΓöÇΓöÇΓöÇΓöÇΓöÇΓöÇΓöÇΓöÇΓöÇΓöÇΓöÇΓöÇΓöÇΓöÇΓöÇΓöÇΓöÇΓöÇΓöÇΓöÇΓöÇΓöÇΓöÇΓöÇΓöÇΓöÇΓöÇΓöÇΓöÇΓöÇΓöÇΓöÇΓöÇΓöÇΓöÇΓöÇΓöÇΓöÇΓöÇΓöÇΓöÇΓöÇΓöÇΓöÇΓöÇΓöÇΓöÇΓöÇΓöÇΓöÇΓöÇΓöÇΓöÇΓöÇΓöÇΓöÇΓöÇΓöÇΓöÇΓöÇΓöÇΓöÇΓöÇΓöÇΓöÇΓöÇΓöÇΓöÇΓöÇΓöÇΓöÇΓöÇΓöÇΓöÇΓöÇΓöÇΓöÇΓöÇΓöÇΓöÇΓöÇΓöÇΓöÇΓöÇΓöÇΓöÇΓöÇΓöÇΓöÇ  
   FAILED  Tests\Unit\AppointmentServiceTest > available slots exclude past times for today                                           QueryException   
  SQLSTATE[42703]: Undefined column: 7 ERROR:  column "email" of relation "staff" does not exist
LINE 1: ...sert into "staff" ("salon_id", "user_id", "name", "email", "...
                                                             ^ (Connection: pgsql, SQL: insert into "staff" ("salon_id", "user_id", "name", "email", "phone", "specialization", "bio", "working_hours", "is_active", "auto_confirm", "updated_at", "created_at") values (12, 24, Test Staff, xander.hand@example.com, (872) 283-2587, Barber, Iusto fugit ut et sunt quo amet alias. Consectetur est sit culpa similique. Iure qui iure sed. Accusantium laudantium aut est ullam aspernatur nisi., {"monday":{"start":"08:00","end":"18:00","is_working":true},"tuesday":{"start":"08:00","end":"18:00","is_working":true},"wednesday":{"start":"08:00","end":"18:00","is_working":true},"thursday":{"start":"08:00","end":"18:00","is_working":true},"friday":{"start":"08:00","end":"18:00","is_working":true},"saturday":{"start":"09:00","end":"17:00","is_working":true},"sunday":{"start":"00:00","end":"00:00","is_working":false}}, 1, 0, 2025-12-15 19:13:00, 2025-12-15 19:13:00) returning "id")

  at vendor\laravel\framework\src\Illuminate\Database\Connection.php:822
    818Γûò                     $this->getName(), $query, $this->prepareBindings($bindings), $e
    819Γûò                 );
    820Γûò             }
    821Γûò 
  Γ₧£ 822Γûò             throw new QueryException(
    823Γûò                 $this->getName(), $query, $this->prepareBindings($bindings), $e
    824Γûò             );
    825Γûò         }
    826Γûò     }

  1   vendor\laravel\framework\src\Illuminate\Database\Connection.php:822

  2   vendor\laravel\framework\src\Illuminate\Database\Connection.php:409
      NunoMaduro\Collision\Exceptions\TestException::("SQLSTATE[42703]: Undefined column: 7 ERROR:  column "email" of relation "staff" does not exist
LINE 1: ...sert into "staff" ("salon_id", "user_id", "name", "email", "...
                                                             ^")

  ΓöÇΓöÇΓöÇΓöÇΓöÇΓöÇΓöÇΓöÇΓöÇΓöÇΓöÇΓöÇΓöÇΓöÇΓöÇΓöÇΓöÇΓöÇΓöÇΓöÇΓöÇΓöÇΓöÇΓöÇΓöÇΓöÇΓöÇΓöÇΓöÇΓöÇΓöÇΓöÇΓöÇΓöÇΓöÇΓöÇΓöÇΓöÇΓöÇΓöÇΓöÇΓöÇΓöÇΓöÇΓöÇΓöÇΓöÇΓöÇΓöÇΓöÇΓöÇΓöÇΓöÇΓöÇΓöÇΓöÇΓöÇΓöÇΓöÇΓöÇΓöÇΓöÇΓöÇΓöÇΓöÇΓöÇΓöÇΓöÇΓöÇΓöÇΓöÇΓöÇΓöÇΓöÇΓöÇΓöÇΓöÇΓöÇΓöÇΓöÇΓöÇΓöÇΓöÇΓöÇΓöÇΓöÇΓöÇΓöÇΓöÇΓöÇΓöÇΓöÇΓöÇΓöÇΓöÇΓöÇΓöÇΓöÇΓöÇΓöÇΓöÇΓöÇΓöÇΓöÇΓöÇΓöÇΓöÇΓöÇΓöÇΓöÇΓöÇΓöÇΓöÇΓöÇΓöÇΓöÇΓöÇΓöÇΓöÇΓöÇΓöÇΓöÇΓöÇΓöÇΓöÇΓöÇΓöÇΓöÇΓöÇΓöÇΓöÇΓöÇΓöÇΓöÇΓöÇΓöÇΓöÇΓöÇΓöÇΓöÇΓöÇΓöÇΓöÇΓöÇΓöÇΓöÇΓöÇ  
   FAILED  Tests\Unit\AppointmentServiceTest > salon availability check                                                               QueryException   
  SQLSTATE[42703]: Undefined column: 7 ERROR:  column "email" of relation "staff" does not exist
LINE 1: ...sert into "staff" ("salon_id", "user_id", "name", "email", "...
                                                             ^ (Connection: pgsql, SQL: insert into "staff" ("salon_id", "user_id", "name", "email", "phone", "specialization", "bio", "working_hours", "is_active", "auto_confirm", "updated_at", "created_at") values (13, 26, Test Staff, ralph19@example.com, 520-953-0056, Colorist, Alias aut quas itaque asperiores est veniam. Hic enim consequuntur repellendus nihil. Sit aspernatur accusantium ducimus sit quibusdam voluptates., {"monday":{"start":"08:00","end":"18:00","is_working":true},"tuesday":{"start":"08:00","end":"18:00","is_working":true},"wednesday":{"start":"08:00","end":"18:00","is_working":true},"thursday":{"start":"08:00","end":"18:00","is_working":true},"friday":{"start":"08:00","end":"18:00","is_working":true},"saturday":{"start":"09:00","end":"17:00","is_working":true},"sunday":{"start":"00:00","end":"00:00","is_working":false}}, 1, 0, 2025-12-15 19:13:00, 2025-12-15 19:13:00) returning "id")

  at vendor\laravel\framework\src\Illuminate\Database\Connection.php:822
    818Γûò                     $this->getName(), $query, $this->prepareBindings($bindings), $e
    819Γûò                 );
    820Γûò             }
    821Γûò 
  Γ₧£ 822Γûò             throw new QueryException(
    823Γûò                 $this->getName(), $query, $this->prepareBindings($bindings), $e
    824Γûò             );
    825Γûò         }
    826Γûò     }

  1   vendor\laravel\framework\src\Illuminate\Database\Connection.php:822

  2   vendor\laravel\framework\src\Illuminate\Database\Connection.php:409
      NunoMaduro\Collision\Exceptions\TestException::("SQLSTATE[42703]: Undefined column: 7 ERROR:  column "email" of relation "staff" does not exist
LINE 1: ...sert into "staff" ("salon_id", "user_id", "name", "email", "...
                                                             ^")

  ΓöÇΓöÇΓöÇΓöÇΓöÇΓöÇΓöÇΓöÇΓöÇΓöÇΓöÇΓöÇΓöÇΓöÇΓöÇΓöÇΓöÇΓöÇΓöÇΓöÇΓöÇΓöÇΓöÇΓöÇΓöÇΓöÇΓöÇΓöÇΓöÇΓöÇΓöÇΓöÇΓöÇΓöÇΓöÇΓöÇΓöÇΓöÇΓöÇΓöÇΓöÇΓöÇΓöÇΓöÇΓöÇΓöÇΓöÇΓöÇΓöÇΓöÇΓöÇΓöÇΓöÇΓöÇΓöÇΓöÇΓöÇΓöÇΓöÇΓöÇΓöÇΓöÇΓöÇΓöÇΓöÇΓöÇΓöÇΓöÇΓöÇΓöÇΓöÇΓöÇΓöÇΓöÇΓöÇΓöÇΓöÇΓöÇΓöÇΓöÇΓöÇΓöÇΓöÇΓöÇΓöÇΓöÇΓöÇΓöÇΓöÇΓöÇΓöÇΓöÇΓöÇΓöÇΓöÇΓöÇΓöÇΓöÇΓöÇΓöÇΓöÇΓöÇΓöÇΓöÇΓöÇΓöÇΓöÇΓöÇΓöÇΓöÇΓöÇΓöÇΓöÇΓöÇΓöÇΓöÇΓöÇΓöÇΓöÇΓöÇΓöÇΓöÇΓöÇΓöÇΓöÇΓöÇΓöÇΓöÇΓöÇΓöÇΓöÇΓöÇΓöÇΓöÇΓöÇΓöÇΓöÇΓöÇΓöÇΓöÇΓöÇΓöÇΓöÇΓöÇΓöÇΓöÇΓöÇ  
   FAILED  Tests\Unit\AppointmentServiceTest > salon not available when no staff working                                              QueryException   
  SQLSTATE[42703]: Undefined column: 7 ERROR:  column "email" of relation "staff" does not exist
LINE 1: ...sert into "staff" ("salon_id", "user_id", "name", "email", "...
                                                             ^ (Connection: pgsql, SQL: insert into "staff" ("salon_id", "user_id", "name", "email", "phone", "specialization", "bio", "working_hours", "is_active", "auto_confirm", "updated_at", "created_at") values (14, 28, Test Staff, cdurgan@example.org, 1-518-998-5183, Hairdresser, Omnis accusantium odit eos consequuntur. Nam aut voluptatem ab sed magnam., {"monday":{"start":"08:00","end":"18:00","is_working":true},"tuesday":{"start":"08:00","end":"18:00","is_working":true},"wednesday":{"start":"08:00","end":"18:00","is_working":true},"thursday":{"start":"08:00","end":"18:00","is_working":true},"friday":{"start":"08:00","end":"18:00","is_working":true},"saturday":{"start":"09:00","end":"17:00","is_working":true},"sunday":{"start":"00:00","end":"00:00","is_working":false}}, 1, 0, 2025-12-15 19:13:00, 2025-12-15 19:13:00) returning "id")

  at vendor\laravel\framework\src\Illuminate\Database\Connection.php:822
    818Γûò                     $this->getName(), $query, $this->prepareBindings($bindings), $e
    819Γûò                 );
    820Γûò             }
    821Γûò 
  Γ₧£ 822Γûò             throw new QueryException(
    823Γûò                 $this->getName(), $query, $this->prepareBindings($bindings), $e
    824Γûò             );
    825Γûò         }
    826Γûò     }

  1   vendor\laravel\framework\src\Illuminate\Database\Connection.php:822

  2   vendor\laravel\framework\src\Illuminate\Database\Connection.php:409
      NunoMaduro\Collision\Exceptions\TestException::("SQLSTATE[42703]: Undefined column: 7 ERROR:  column "email" of relation "staff" does not exist
LINE 1: ...sert into "staff" ("salon_id", "user_id", "name", "email", "...
                                                             ^")

  ΓöÇΓöÇΓöÇΓöÇΓöÇΓöÇΓöÇΓöÇΓöÇΓöÇΓöÇΓöÇΓöÇΓöÇΓöÇΓöÇΓöÇΓöÇΓöÇΓöÇΓöÇΓöÇΓöÇΓöÇΓöÇΓöÇΓöÇΓöÇΓöÇΓöÇΓöÇΓöÇΓöÇΓöÇΓöÇΓöÇΓöÇΓöÇΓöÇΓöÇΓöÇΓöÇΓöÇΓöÇΓöÇΓöÇΓöÇΓöÇΓöÇΓöÇΓöÇΓöÇΓöÇΓöÇΓöÇΓöÇΓöÇΓöÇΓöÇΓöÇΓöÇΓöÇΓöÇΓöÇΓöÇΓöÇΓöÇΓöÇΓöÇΓöÇΓöÇΓöÇΓöÇΓöÇΓöÇΓöÇΓöÇΓöÇΓöÇΓöÇΓöÇΓöÇΓöÇΓöÇΓöÇΓöÇΓöÇΓöÇΓöÇΓöÇΓöÇΓöÇΓöÇΓöÇΓöÇΓöÇΓöÇΓöÇΓöÇΓöÇΓöÇΓöÇΓöÇΓöÇΓöÇΓöÇΓöÇΓöÇΓöÇΓöÇΓöÇΓöÇΓöÇΓöÇΓöÇΓöÇΓöÇΓöÇΓöÇΓöÇΓöÇΓöÇΓöÇΓöÇΓöÇΓöÇΓöÇΓöÇΓöÇΓöÇΓöÇΓöÇΓöÇΓöÇΓöÇΓöÇΓöÇΓöÇΓöÇΓöÇΓöÇΓöÇΓöÇΓöÇΓöÇΓöÇΓöÇ  
   FAILED  Tests\Unit\AppointmentServiceTest > date conversion from european format                                                   QueryException   
  SQLSTATE[42703]: Undefined column: 7 ERROR:  column "email" of relation "staff" does not exist
LINE 1: ...sert into "staff" ("salon_id", "user_id", "name", "email", "...
                                                             ^ (Connection: pgsql, SQL: insert into "staff" ("salon_id", "user_id", "name", "email", "phone", "specialization", "bio", "working_hours", "is_active", "auto_confirm", "updated_at", "created_at") values (15, 30, Test Staff, kaya35@example.net, 928.294.3508, Stylist, Aut laborum dolores pariatur doloribus sit a aut. Ea beatae et est quod aut consequatur odit. Nihil consequatur numquam ratione minima consequatur exercitationem qui. Vel cum id ut unde quo omnis aut., {"monday":{"start":"08:00","end":"18:00","is_working":true},"tuesday":{"start":"08:00","end":"18:00","is_working":true},"wednesday":{"start":"08:00","end":"18:00","is_working":true},"thursday":{"start":"08:00","end":"18:00","is_working":true},"friday":{"start":"08:00","end":"18:00","is_working":true},"saturday":{"start":"09:00","end":"17:00","is_working":true},"sunday":{"start":"00:00","end":"00:00","is_working":false}}, 1, 0, 2025-12-15 19:13:00, 2025-12-15 19:13:00) returning "id")

  at vendor\laravel\framework\src\Illuminate\Database\Connection.php:822
    818Γûò                     $this->getName(), $query, $this->prepareBindings($bindings), $e
    819Γûò                 );
    820Γûò             }
    821Γûò 
  Γ₧£ 822Γûò             throw new QueryException(
    823Γûò                 $this->getName(), $query, $this->prepareBindings($bindings), $e
    824Γûò             );
    825Γûò         }
    826Γûò     }

  1   vendor\laravel\framework\src\Illuminate\Database\Connection.php:822

  2   vendor\laravel\framework\src\Illuminate\Database\Connection.php:409
      NunoMaduro\Collision\Exceptions\TestException::("SQLSTATE[42703]: Undefined column: 7 ERROR:  column "email" of relation "staff" does not exist
LINE 1: ...sert into "staff" ("salon_id", "user_id", "name", "email", "...
                                                             ^")

  ΓöÇΓöÇΓöÇΓöÇΓöÇΓöÇΓöÇΓöÇΓöÇΓöÇΓöÇΓöÇΓöÇΓöÇΓöÇΓöÇΓöÇΓöÇΓöÇΓöÇΓöÇΓöÇΓöÇΓöÇΓöÇΓöÇΓöÇΓöÇΓöÇΓöÇΓöÇΓöÇΓöÇΓöÇΓöÇΓöÇΓöÇΓöÇΓöÇΓöÇΓöÇΓöÇΓöÇΓöÇΓöÇΓöÇΓöÇΓöÇΓöÇΓöÇΓöÇΓöÇΓöÇΓöÇΓöÇΓöÇΓöÇΓöÇΓöÇΓöÇΓöÇΓöÇΓöÇΓöÇΓöÇΓöÇΓöÇΓöÇΓöÇΓöÇΓöÇΓöÇΓöÇΓöÇΓöÇΓöÇΓöÇΓöÇΓöÇΓöÇΓöÇΓöÇΓöÇΓöÇΓöÇΓöÇΓöÇΓöÇΓöÇΓöÇΓöÇΓöÇΓöÇΓöÇΓöÇΓöÇΓöÇΓöÇΓöÇΓöÇΓöÇΓöÇΓöÇΓöÇΓöÇΓöÇΓöÇΓöÇΓöÇΓöÇΓöÇΓöÇΓöÇΓöÇΓöÇΓöÇΓöÇΓöÇΓöÇΓöÇΓöÇΓöÇΓöÇΓöÇΓöÇΓöÇΓöÇΓöÇΓöÇΓöÇΓöÇΓöÇΓöÇΓöÇΓöÇΓöÇΓöÇΓöÇΓöÇΓöÇΓöÇΓöÇΓöÇΓöÇΓöÇΓöÇΓöÇ  
   FAILED  Tests\Unit\AppointmentServiceTest > date conversion from iso format                                                        QueryException   
  SQLSTATE[42703]: Undefined column: 7 ERROR:  column "email" of relation "staff" does not exist
LINE 1: ...sert into "staff" ("salon_id", "user_id", "name", "email", "...
                                                             ^ (Connection: pgsql, SQL: insert into "staff" ("salon_id", "user_id", "name", "email", "phone", "specialization", "bio", "working_hours", "is_active", "auto_confirm", "updated_at", "created_at") values (16, 32, Test Staff, joanny15@example.com, +1.325.856.3112, Barber, Id saepe ut et sed id consequatur sit. Voluptatum ducimus aut voluptas. Nulla voluptas sit mollitia voluptates. Provident dolorem sapiente tenetur harum vel eos magnam., {"monday":{"start":"08:00","end":"18:00","is_working":true},"tuesday":{"start":"08:00","end":"18:00","is_working":true},"wednesday":{"start":"08:00","end":"18:00","is_working":true},"thursday":{"start":"08:00","end":"18:00","is_working":true},"friday":{"start":"08:00","end":"18:00","is_working":true},"saturday":{"start":"09:00","end":"17:00","is_working":true},"sunday":{"start":"00:00","end":"00:00","is_working":false}}, 1, 0, 2025-12-15 19:13:00, 2025-12-15 19:13:00) returning "id")

  at vendor\laravel\framework\src\Illuminate\Database\Connection.php:822
    818Γûò                     $this->getName(), $query, $this->prepareBindings($bindings), $e
    819Γûò                 );
    820Γûò             }
    821Γûò 
  Γ₧£ 822Γûò             throw new QueryException(
    823Γûò                 $this->getName(), $query, $this->prepareBindings($bindings), $e
    824Γûò             );
    825Γûò         }
    826Γûò     }

  1   vendor\laravel\framework\src\Illuminate\Database\Connection.php:822

  2   vendor\laravel\framework\src\Illuminate\Database\Connection.php:409
      NunoMaduro\Collision\Exceptions\TestException::("SQLSTATE[42703]: Undefined column: 7 ERROR:  column "email" of relation "staff" does not exist
LINE 1: ...sert into "staff" ("salon_id", "user_id", "name", "email", "...
                                                             ^")

  ΓöÇΓöÇΓöÇΓöÇΓöÇΓöÇΓöÇΓöÇΓöÇΓöÇΓöÇΓöÇΓöÇΓöÇΓöÇΓöÇΓöÇΓöÇΓöÇΓöÇΓöÇΓöÇΓöÇΓöÇΓöÇΓöÇΓöÇΓöÇΓöÇΓöÇΓöÇΓöÇΓöÇΓöÇΓöÇΓöÇΓöÇΓöÇΓöÇΓöÇΓöÇΓöÇΓöÇΓöÇΓöÇΓöÇΓöÇΓöÇΓöÇΓöÇΓöÇΓöÇΓöÇΓöÇΓöÇΓöÇΓöÇΓöÇΓöÇΓöÇΓöÇΓöÇΓöÇΓöÇΓöÇΓöÇΓöÇΓöÇΓöÇΓöÇΓöÇΓöÇΓöÇΓöÇΓöÇΓöÇΓöÇΓöÇΓöÇΓöÇΓöÇΓöÇΓöÇΓöÇΓöÇΓöÇΓöÇΓöÇΓöÇΓöÇΓöÇΓöÇΓöÇΓöÇΓöÇΓöÇΓöÇΓöÇΓöÇΓöÇΓöÇΓöÇΓöÇΓöÇΓöÇΓöÇΓöÇΓöÇΓöÇΓöÇΓöÇΓöÇΓöÇΓöÇΓöÇΓöÇΓöÇΓöÇΓöÇΓöÇΓöÇΓöÇΓöÇΓöÇΓöÇΓöÇΓöÇΓöÇΓöÇΓöÇΓöÇΓöÇΓöÇΓöÇΓöÇΓöÇΓöÇΓöÇΓöÇΓöÇΓöÇΓöÇΓöÇΓöÇΓöÇΓöÇΓöÇ  
   FAILED  Tests\Feature\AppointmentTest > create appointment as guest                                                                QueryException   
  SQLSTATE[42703]: Undefined column: 7 ERROR:  column "email" of relation "staff" does not exist
LINE 1: ...sert into "staff" ("salon_id", "user_id", "name", "email", "...
                                                             ^ (Connection: pgsql, SQL: insert into "staff" ("salon_id", "user_id", "name", "email", "phone", "specialization", "bio", "working_hours", "is_active", "auto_confirm", "updated_at", "created_at") values (17, 34, Nellie, dashawn.reynolds@example.org, +1-865-571-5967, Stylist, Quia incidunt iste labore incidunt. Consequatur placeat praesentium perspiciatis et sed et. Sint corporis rem atque placeat., {"monday":{"start":"08:00","end":"18:00","is_working":true},"tuesday":{"start":"08:00","end":"18:00","is_working":true},"wednesday":{"start":"08:00","end":"18:00","is_working":true},"thursday":{"start":"08:00","end":"18:00","is_working":true},"friday":{"start":"08:00","end":"18:00","is_working":true},"saturday":{"start":"09:00","end":"17:00","is_working":true},"sunday":{"start":"00:00","end":"00:00","is_working":false}}, 1, 0, 2025-12-15 19:13:01, 2025-12-15 19:13:01) returning "id")

  at vendor\laravel\framework\src\Illuminate\Database\Connection.php:822
    818Γûò                     $this->getName(), $query, $this->prepareBindings($bindings), $e
    819Γûò                 );
    820Γûò             }
    821Γûò 
  Γ₧£ 822Γûò             throw new QueryException(
    823Γûò                 $this->getName(), $query, $this->prepareBindings($bindings), $e
    824Γûò             );
    825Γûò         }
    826Γûò     }

  1   vendor\laravel\framework\src\Illuminate\Database\Connection.php:822

  2   vendor\laravel\framework\src\Illuminate\Database\Connection.php:409
      NunoMaduro\Collision\Exceptions\TestException::("SQLSTATE[42703]: Undefined column: 7 ERROR:  column "email" of relation "staff" does not exist
LINE 1: ...sert into "staff" ("salon_id", "user_id", "name", "email", "...
                                                             ^")

  ΓöÇΓöÇΓöÇΓöÇΓöÇΓöÇΓöÇΓöÇΓöÇΓöÇΓöÇΓöÇΓöÇΓöÇΓöÇΓöÇΓöÇΓöÇΓöÇΓöÇΓöÇΓöÇΓöÇΓöÇΓöÇΓöÇΓöÇΓöÇΓöÇΓöÇΓöÇΓöÇΓöÇΓöÇΓöÇΓöÇΓöÇΓöÇΓöÇΓöÇΓöÇΓöÇΓöÇΓöÇΓöÇΓöÇΓöÇΓöÇΓöÇΓöÇΓöÇΓöÇΓöÇΓöÇΓöÇΓöÇΓöÇΓöÇΓöÇΓöÇΓöÇΓöÇΓöÇΓöÇΓöÇΓöÇΓöÇΓöÇΓöÇΓöÇΓöÇΓöÇΓöÇΓöÇΓöÇΓöÇΓöÇΓöÇΓöÇΓöÇΓöÇΓöÇΓöÇΓöÇΓöÇΓöÇΓöÇΓöÇΓöÇΓöÇΓöÇΓöÇΓöÇΓöÇΓöÇΓöÇΓöÇΓöÇΓöÇΓöÇΓöÇΓöÇΓöÇΓöÇΓöÇΓöÇΓöÇΓöÇΓöÇΓöÇΓöÇΓöÇΓöÇΓöÇΓöÇΓöÇΓöÇΓöÇΓöÇΓöÇΓöÇΓöÇΓöÇΓöÇΓöÇΓöÇΓöÇΓöÇΓöÇΓöÇΓöÇΓöÇΓöÇΓöÇΓöÇΓöÇΓöÇΓöÇΓöÇΓöÇΓöÇΓöÇΓöÇΓöÇΓöÇΓöÇΓöÇ  
   FAILED  Tests\Feature\AppointmentTest > guest appointment validation missing name                                                  QueryException   
  SQLSTATE[42703]: Undefined column: 7 ERROR:  column "email" of relation "staff" does not exist
LINE 1: ...sert into "staff" ("salon_id", "user_id", "name", "email", "...
                                                             ^ (Connection: pgsql, SQL: insert into "staff" ("salon_id", "user_id", "name", "email", "phone", "specialization", "bio", "working_hours", "is_active", "auto_confirm", "updated_at", "created_at") values (18, 36, Hermina, myra.kertzmann@example.net, 276-376-4851, Barber, Sapiente debitis minus voluptate et accusamus. Voluptatum rem eius nobis ea blanditiis magnam. Nesciunt sed at voluptates dolor ullam., {"monday":{"start":"08:00","end":"18:00","is_working":true},"tuesday":{"start":"08:00","end":"18:00","is_working":true},"wednesday":{"start":"08:00","end":"18:00","is_working":true},"thursday":{"start":"08:00","end":"18:00","is_working":true},"friday":{"start":"08:00","end":"18:00","is_working":true},"saturday":{"start":"09:00","end":"17:00","is_working":true},"sunday":{"start":"00:00","end":"00:00","is_working":false}}, 1, 0, 2025-12-15 19:13:01, 2025-12-15 19:13:01) returning "id")

  at vendor\laravel\framework\src\Illuminate\Database\Connection.php:822
    818Γûò                     $this->getName(), $query, $this->prepareBindings($bindings), $e
    819Γûò                 );
    820Γûò             }
    821Γûò 
  Γ₧£ 822Γûò             throw new QueryException(
    823Γûò                 $this->getName(), $query, $this->prepareBindings($bindings), $e
    824Γûò             );
    825Γûò         }
    826Γûò     }

  1   vendor\laravel\framework\src\Illuminate\Database\Connection.php:822

  2   vendor\laravel\framework\src\Illuminate\Database\Connection.php:409
      NunoMaduro\Collision\Exceptions\TestException::("SQLSTATE[42703]: Undefined column: 7 ERROR:  column "email" of relation "staff" does not exist
LINE 1: ...sert into "staff" ("salon_id", "user_id", "name", "email", "...
                                                             ^")

  ΓöÇΓöÇΓöÇΓöÇΓöÇΓöÇΓöÇΓöÇΓöÇΓöÇΓöÇΓöÇΓöÇΓöÇΓöÇΓöÇΓöÇΓöÇΓöÇΓöÇΓöÇΓöÇΓöÇΓöÇΓöÇΓöÇΓöÇΓöÇΓöÇΓöÇΓöÇΓöÇΓöÇΓöÇΓöÇΓöÇΓöÇΓöÇΓöÇΓöÇΓöÇΓöÇΓöÇΓöÇΓöÇΓöÇΓöÇΓöÇΓöÇΓöÇΓöÇΓöÇΓöÇΓöÇΓöÇΓöÇΓöÇΓöÇΓöÇΓöÇΓöÇΓöÇΓöÇΓöÇΓöÇΓöÇΓöÇΓöÇΓöÇΓöÇΓöÇΓöÇΓöÇΓöÇΓöÇΓöÇΓöÇΓöÇΓöÇΓöÇΓöÇΓöÇΓöÇΓöÇΓöÇΓöÇΓöÇΓöÇΓöÇΓöÇΓöÇΓöÇΓöÇΓöÇΓöÇΓöÇΓöÇΓöÇΓöÇΓöÇΓöÇΓöÇΓöÇΓöÇΓöÇΓöÇΓöÇΓöÇΓöÇΓöÇΓöÇΓöÇΓöÇΓöÇΓöÇΓöÇΓöÇΓöÇΓöÇΓöÇΓöÇΓöÇΓöÇΓöÇΓöÇΓöÇΓöÇΓöÇΓöÇΓöÇΓöÇΓöÇΓöÇΓöÇΓöÇΓöÇΓöÇΓöÇΓöÇΓöÇΓöÇΓöÇΓöÇΓöÇΓöÇΓöÇΓöÇ  
   FAILED  Tests\Feature\AppointmentTest > guest appointment validation invalid phone                                                 QueryException   
  SQLSTATE[42703]: Undefined column: 7 ERROR:  column "email" of relation "staff" does not exist
LINE 1: ...sert into "staff" ("salon_id", "user_id", "name", "email", "...
                                                             ^ (Connection: pgsql, SQL: insert into "staff" ("salon_id", "user_id", "name", "email", "phone", "specialization", "bio", "working_hours", "is_active", "auto_confirm", "updated_at", "created_at") values (19, 38, Citlalli, eloise02@example.org, 317-920-6863, Stylist, Consequatur accusantium voluptatibus sapiente et possimus eum sit. Aut consequatur voluptatem amet expedita. Quia provident est incidunt qui quia unde assumenda. Eius in qui in maxime., {"monday":{"start":"08:00","end":"18:00","is_working":true},"tuesday":{"start":"08:00","end":"18:00","is_working":true},"wednesday":{"start":"08:00","end":"18:00","is_working":true},"thursday":{"start":"08:00","end":"18:00","is_working":true},"friday":{"start":"08:00","end":"18:00","is_working":true},"saturday":{"start":"09:00","end":"17:00","is_working":true},"sunday":{"start":"00:00","end":"00:00","is_working":false}}, 1, 0, 2025-12-15 19:13:01, 2025-12-15 19:13:01) returning "id")

  at vendor\laravel\framework\src\Illuminate\Database\Connection.php:822
    818Γûò                     $this->getName(), $query, $this->prepareBindings($bindings), $e
    819Γûò                 );
    820Γûò             }
    821Γûò 
  Γ₧£ 822Γûò             throw new QueryException(
    823Γûò                 $this->getName(), $query, $this->prepareBindings($bindings), $e
    824Γûò             );
    825Γûò         }
    826Γûò     }

  1   vendor\laravel\framework\src\Illuminate\Database\Connection.php:822

  2   vendor\laravel\framework\src\Illuminate\Database\Connection.php:409
      NunoMaduro\Collision\Exceptions\TestException::("SQLSTATE[42703]: Undefined column: 7 ERROR:  column "email" of relation "staff" does not exist
LINE 1: ...sert into "staff" ("salon_id", "user_id", "name", "email", "...
                                                             ^")

  ΓöÇΓöÇΓöÇΓöÇΓöÇΓöÇΓöÇΓöÇΓöÇΓöÇΓöÇΓöÇΓöÇΓöÇΓöÇΓöÇΓöÇΓöÇΓöÇΓöÇΓöÇΓöÇΓöÇΓöÇΓöÇΓöÇΓöÇΓöÇΓöÇΓöÇΓöÇΓöÇΓöÇΓöÇΓöÇΓöÇΓöÇΓöÇΓöÇΓöÇΓöÇΓöÇΓöÇΓöÇΓöÇΓöÇΓöÇΓöÇΓöÇΓöÇΓöÇΓöÇΓöÇΓöÇΓöÇΓöÇΓöÇΓöÇΓöÇΓöÇΓöÇΓöÇΓöÇΓöÇΓöÇΓöÇΓöÇΓöÇΓöÇΓöÇΓöÇΓöÇΓöÇΓöÇΓöÇΓöÇΓöÇΓöÇΓöÇΓöÇΓöÇΓöÇΓöÇΓöÇΓöÇΓöÇΓöÇΓöÇΓöÇΓöÇΓöÇΓöÇΓöÇΓöÇΓöÇΓöÇΓöÇΓöÇΓöÇΓöÇΓöÇΓöÇΓöÇΓöÇΓöÇΓöÇΓöÇΓöÇΓöÇΓöÇΓöÇΓöÇΓöÇΓöÇΓöÇΓöÇΓöÇΓöÇΓöÇΓöÇΓöÇΓöÇΓöÇΓöÇΓöÇΓöÇΓöÇΓöÇΓöÇΓöÇΓöÇΓöÇΓöÇΓöÇΓöÇΓöÇΓöÇΓöÇΓöÇΓöÇΓöÇΓöÇΓöÇΓöÇΓöÇΓöÇΓöÇ  
   FAILED  Tests\Feature\AppointmentTest > create appointment as client                                                               QueryException   
  SQLSTATE[42703]: Undefined column: 7 ERROR:  column "email" of relation "staff" does not exist
LINE 1: ...sert into "staff" ("salon_id", "user_id", "name", "email", "...
                                                             ^ (Connection: pgsql, SQL: insert into "staff" ("salon_id", "user_id", "name", "email", "phone", "specialization", "bio", "working_hours", "is_active", "auto_confirm", "updated_at", "created_at") values (20, 40, Candelario, schmitt.elliot@example.org, 678.319.6924, Stylist, Quae id impedit delectus quae dicta tempora. Nostrum error illo possimus fugiat qui dolorem. Nihil et deserunt neque., {"monday":{"start":"08:00","end":"18:00","is_working":true},"tuesday":{"start":"08:00","end":"18:00","is_working":true},"wednesday":{"start":"08:00","end":"18:00","is_working":true},"thursday":{"start":"08:00","end":"18:00","is_working":true},"friday":{"start":"08:00","end":"18:00","is_working":true},"saturday":{"start":"09:00","end":"17:00","is_working":true},"sunday":{"start":"00:00","end":"00:00","is_working":false}}, 1, 0, 2025-12-15 19:13:01, 2025-12-15 19:13:01) returning "id")

  at vendor\laravel\framework\src\Illuminate\Database\Connection.php:822
    818Γûò                     $this->getName(), $query, $this->prepareBindings($bindings), $e
    819Γûò                 );
    820Γûò             }
    821Γûò 
  Γ₧£ 822Γûò             throw new QueryException(
    823Γûò                 $this->getName(), $query, $this->prepareBindings($bindings), $e
    824Γûò             );
    825Γûò         }
    826Γûò     }

  1   vendor\laravel\framework\src\Illuminate\Database\Connection.php:822

  2   vendor\laravel\framework\src\Illuminate\Database\Connection.php:409
      NunoMaduro\Collision\Exceptions\TestException::("SQLSTATE[42703]: Undefined column: 7 ERROR:  column "email" of relation "staff" does not exist
LINE 1: ...sert into "staff" ("salon_id", "user_id", "name", "email", "...
                                                             ^")

  ΓöÇΓöÇΓöÇΓöÇΓöÇΓöÇΓöÇΓöÇΓöÇΓöÇΓöÇΓöÇΓöÇΓöÇΓöÇΓöÇΓöÇΓöÇΓöÇΓöÇΓöÇΓöÇΓöÇΓöÇΓöÇΓöÇΓöÇΓöÇΓöÇΓöÇΓöÇΓöÇΓöÇΓöÇΓöÇΓöÇΓöÇΓöÇΓöÇΓöÇΓöÇΓöÇΓöÇΓöÇΓöÇΓöÇΓöÇΓöÇΓöÇΓöÇΓöÇΓöÇΓöÇΓöÇΓöÇΓöÇΓöÇΓöÇΓöÇΓöÇΓöÇΓöÇΓöÇΓöÇΓöÇΓöÇΓöÇΓöÇΓöÇΓöÇΓöÇΓöÇΓöÇΓöÇΓöÇΓöÇΓöÇΓöÇΓöÇΓöÇΓöÇΓöÇΓöÇΓöÇΓöÇΓöÇΓöÇΓöÇΓöÇΓöÇΓöÇΓöÇΓöÇΓöÇΓöÇΓöÇΓöÇΓöÇΓöÇΓöÇΓöÇΓöÇΓöÇΓöÇΓöÇΓöÇΓöÇΓöÇΓöÇΓöÇΓöÇΓöÇΓöÇΓöÇΓöÇΓöÇΓöÇΓöÇΓöÇΓöÇΓöÇΓöÇΓöÇΓöÇΓöÇΓöÇΓöÇΓöÇΓöÇΓöÇΓöÇΓöÇΓöÇΓöÇΓöÇΓöÇΓöÇΓöÇΓöÇΓöÇΓöÇΓöÇΓöÇΓöÇΓöÇΓöÇΓöÇ  
   FAILED  Tests\Feature\AppointmentTest > client cannot book outside working hours                                                   QueryException   
  SQLSTATE[42703]: Undefined column: 7 ERROR:  column "email" of relation "staff" does not exist
LINE 1: ...sert into "staff" ("salon_id", "user_id", "name", "email", "...
                                                             ^ (Connection: pgsql, SQL: insert into "staff" ("salon_id", "user_id", "name", "email", "phone", "specialization", "bio", "working_hours", "is_active", "auto_confirm", "updated_at", "created_at") values (21, 42, Garth, ksauer@example.org, 1-725-374-2427, Stylist, Aut nihil qui optio voluptatibus dolor provident. Nisi nisi tenetur consequatur unde. Quam distinctio vel recusandae., {"monday":{"start":"08:00","end":"18:00","is_working":true},"tuesday":{"start":"08:00","end":"18:00","is_working":true},"wednesday":{"start":"08:00","end":"18:00","is_working":true},"thursday":{"start":"08:00","end":"18:00","is_working":true},"friday":{"start":"08:00","end":"18:00","is_working":true},"saturday":{"start":"09:00","end":"17:00","is_working":true},"sunday":{"start":"00:00","end":"00:00","is_working":false}}, 1, 0, 2025-12-15 19:13:01, 2025-12-15 19:13:01) returning "id")

  at vendor\laravel\framework\src\Illuminate\Database\Connection.php:822
    818Γûò                     $this->getName(), $query, $this->prepareBindings($bindings), $e
    819Γûò                 );
    820Γûò             }
    821Γûò 
  Γ₧£ 822Γûò             throw new QueryException(
    823Γûò                 $this->getName(), $query, $this->prepareBindings($bindings), $e
    824Γûò             );
    825Γûò         }
    826Γûò     }

  1   vendor\laravel\framework\src\Illuminate\Database\Connection.php:822

  2   vendor\laravel\framework\src\Illuminate\Database\Connection.php:409
      NunoMaduro\Collision\Exceptions\TestException::("SQLSTATE[42703]: Undefined column: 7 ERROR:  column "email" of relation "staff" does not exist
LINE 1: ...sert into "staff" ("salon_id", "user_id", "name", "email", "...
                                                             ^")

  ΓöÇΓöÇΓöÇΓöÇΓöÇΓöÇΓöÇΓöÇΓöÇΓöÇΓöÇΓöÇΓöÇΓöÇΓöÇΓöÇΓöÇΓöÇΓöÇΓöÇΓöÇΓöÇΓöÇΓöÇΓöÇΓöÇΓöÇΓöÇΓöÇΓöÇΓöÇΓöÇΓöÇΓöÇΓöÇΓöÇΓöÇΓöÇΓöÇΓöÇΓöÇΓöÇΓöÇΓöÇΓöÇΓöÇΓöÇΓöÇΓöÇΓöÇΓöÇΓöÇΓöÇΓöÇΓöÇΓöÇΓöÇΓöÇΓöÇΓöÇΓöÇΓöÇΓöÇΓöÇΓöÇΓöÇΓöÇΓöÇΓöÇΓöÇΓöÇΓöÇΓöÇΓöÇΓöÇΓöÇΓöÇΓöÇΓöÇΓöÇΓöÇΓöÇΓöÇΓöÇΓöÇΓöÇΓöÇΓöÇΓöÇΓöÇΓöÇΓöÇΓöÇΓöÇΓöÇΓöÇΓöÇΓöÇΓöÇΓöÇΓöÇΓöÇΓöÇΓöÇΓöÇΓöÇΓöÇΓöÇΓöÇΓöÇΓöÇΓöÇΓöÇΓöÇΓöÇΓöÇΓöÇΓöÇΓöÇΓöÇΓöÇΓöÇΓöÇΓöÇΓöÇΓöÇΓöÇΓöÇΓöÇΓöÇΓöÇΓöÇΓöÇΓöÇΓöÇΓöÇΓöÇΓöÇΓöÇΓöÇΓöÇΓöÇΓöÇΓöÇΓöÇΓöÇΓöÇ  
   FAILED  Tests\Feature\AppointmentTest > client cannot book on non working day                                                      QueryException   
  SQLSTATE[42703]: Undefined column: 7 ERROR:  column "email" of relation "staff" does not exist
LINE 1: ...sert into "staff" ("salon_id", "user_id", "name", "email", "...
                                                             ^ (Connection: pgsql, SQL: insert into "staff" ("salon_id", "user_id", "name", "email", "phone", "specialization", "bio", "working_hours", "is_active", "auto_confirm", "updated_at", "created_at") values (22, 44, Archibald, hertha92@example.org, +1 (949) 694-0418, Colorist, Optio doloremque repellendus sed autem. Quis voluptatem nemo cum voluptatem dolorem ea ut ex. Quia ad dolor laborum quisquam iusto enim., {"monday":{"start":"08:00","end":"18:00","is_working":true},"tuesday":{"start":"08:00","end":"18:00","is_working":true},"wednesday":{"start":"08:00","end":"18:00","is_working":true},"thursday":{"start":"08:00","end":"18:00","is_working":true},"friday":{"start":"08:00","end":"18:00","is_working":true},"saturday":{"start":"09:00","end":"17:00","is_working":true},"sunday":{"start":"00:00","end":"00:00","is_working":false}}, 1, 0, 2025-12-15 19:13:01, 2025-12-15 19:13:01) returning "id")

  at vendor\laravel\framework\src\Illuminate\Database\Connection.php:822
    818Γûò                     $this->getName(), $query, $this->prepareBindings($bindings), $e
    819Γûò                 );
    820Γûò             }
    821Γûò 
  Γ₧£ 822Γûò             throw new QueryException(
    823Γûò                 $this->getName(), $query, $this->prepareBindings($bindings), $e
    824Γûò             );
    825Γûò         }
    826Γûò     }

  1   vendor\laravel\framework\src\Illuminate\Database\Connection.php:822

  2   vendor\laravel\framework\src\Illuminate\Database\Connection.php:409
      NunoMaduro\Collision\Exceptions\TestException::("SQLSTATE[42703]: Undefined column: 7 ERROR:  column "email" of relation "staff" does not exist
LINE 1: ...sert into "staff" ("salon_id", "user_id", "name", "email", "...
                                                             ^")

  ΓöÇΓöÇΓöÇΓöÇΓöÇΓöÇΓöÇΓöÇΓöÇΓöÇΓöÇΓöÇΓöÇΓöÇΓöÇΓöÇΓöÇΓöÇΓöÇΓöÇΓöÇΓöÇΓöÇΓöÇΓöÇΓöÇΓöÇΓöÇΓöÇΓöÇΓöÇΓöÇΓöÇΓöÇΓöÇΓöÇΓöÇΓöÇΓöÇΓöÇΓöÇΓöÇΓöÇΓöÇΓöÇΓöÇΓöÇΓöÇΓöÇΓöÇΓöÇΓöÇΓöÇΓöÇΓöÇΓöÇΓöÇΓöÇΓöÇΓöÇΓöÇΓöÇΓöÇΓöÇΓöÇΓöÇΓöÇΓöÇΓöÇΓöÇΓöÇΓöÇΓöÇΓöÇΓöÇΓöÇΓöÇΓöÇΓöÇΓöÇΓöÇΓöÇΓöÇΓöÇΓöÇΓöÇΓöÇΓöÇΓöÇΓöÇΓöÇΓöÇΓöÇΓöÇΓöÇΓöÇΓöÇΓöÇΓöÇΓöÇΓöÇΓöÇΓöÇΓöÇΓöÇΓöÇΓöÇΓöÇΓöÇΓöÇΓöÇΓöÇΓöÇΓöÇΓöÇΓöÇΓöÇΓöÇΓöÇΓöÇΓöÇΓöÇΓöÇΓöÇΓöÇΓöÇΓöÇΓöÇΓöÇΓöÇΓöÇΓöÇΓöÇΓöÇΓöÇΓöÇΓöÇΓöÇΓöÇΓöÇΓöÇΓöÇΓöÇΓöÇΓöÇΓöÇΓöÇ  
   FAILED  Tests\Feature\AppointmentTest > client cannot book overlapping appointment                                                 QueryException   
  SQLSTATE[42703]: Undefined column: 7 ERROR:  column "email" of relation "staff" does not exist
LINE 1: ...sert into "staff" ("salon_id", "user_id", "name", "email", "...
                                                             ^ (Connection: pgsql, SQL: insert into "staff" ("salon_id", "user_id", "name", "email", "phone", "specialization", "bio", "working_hours", "is_active", "auto_confirm", "updated_at", "created_at") values (23, 46, Dawn, schamberger.lolita@example.com, 1-832-924-9184, Hairdresser, Qui quis sit quo quo ullam aut. Ipsum aliquid animi a illum quidem esse minima. Inventore dignissimos quos consequatur harum enim. Ut iste quasi at nihil., {"monday":{"start":"08:00","end":"18:00","is_working":true},"tuesday":{"start":"08:00","end":"18:00","is_working":true},"wednesday":{"start":"08:00","end":"18:00","is_working":true},"thursday":{"start":"08:00","end":"18:00","is_working":true},"friday":{"start":"08:00","end":"18:00","is_working":true},"saturday":{"start":"09:00","end":"17:00","is_working":true},"sunday":{"start":"00:00","end":"00:00","is_working":false}}, 1, 0, 2025-12-15 19:13:01, 2025-12-15 19:13:01) returning "id")

  at vendor\laravel\framework\src\Illuminate\Database\Connection.php:822
    818Γûò                     $this->getName(), $query, $this->prepareBindings($bindings), $e
    819Γûò                 );
    820Γûò             }
    821Γûò 
  Γ₧£ 822Γûò             throw new QueryException(
    823Γûò                 $this->getName(), $query, $this->prepareBindings($bindings), $e
    824Γûò             );
    825Γûò         }
    826Γûò     }

  1   vendor\laravel\framework\src\Illuminate\Database\Connection.php:822

  2   vendor\laravel\framework\src\Illuminate\Database\Connection.php:409
      NunoMaduro\Collision\Exceptions\TestException::("SQLSTATE[42703]: Undefined column: 7 ERROR:  column "email" of relation "staff" does not exist
LINE 1: ...sert into "staff" ("salon_id", "user_id", "name", "email", "...
                                                             ^")

  ΓöÇΓöÇΓöÇΓöÇΓöÇΓöÇΓöÇΓöÇΓöÇΓöÇΓöÇΓöÇΓöÇΓöÇΓöÇΓöÇΓöÇΓöÇΓöÇΓöÇΓöÇΓöÇΓöÇΓöÇΓöÇΓöÇΓöÇΓöÇΓöÇΓöÇΓöÇΓöÇΓöÇΓöÇΓöÇΓöÇΓöÇΓöÇΓöÇΓöÇΓöÇΓöÇΓöÇΓöÇΓöÇΓöÇΓöÇΓöÇΓöÇΓöÇΓöÇΓöÇΓöÇΓöÇΓöÇΓöÇΓöÇΓöÇΓöÇΓöÇΓöÇΓöÇΓöÇΓöÇΓöÇΓöÇΓöÇΓöÇΓöÇΓöÇΓöÇΓöÇΓöÇΓöÇΓöÇΓöÇΓöÇΓöÇΓöÇΓöÇΓöÇΓöÇΓöÇΓöÇΓöÇΓöÇΓöÇΓöÇΓöÇΓöÇΓöÇΓöÇΓöÇΓöÇΓöÇΓöÇΓöÇΓöÇΓöÇΓöÇΓöÇΓöÇΓöÇΓöÇΓöÇΓöÇΓöÇΓöÇΓöÇΓöÇΓöÇΓöÇΓöÇΓöÇΓöÇΓöÇΓöÇΓöÇΓöÇΓöÇΓöÇΓöÇΓöÇΓöÇΓöÇΓöÇΓöÇΓöÇΓöÇΓöÇΓöÇΓöÇΓöÇΓöÇΓöÇΓöÇΓöÇΓöÇΓöÇΓöÇΓöÇΓöÇΓöÇΓöÇΓöÇΓöÇΓöÇ  
   FAILED  Tests\Feature\AppointmentTest > get client appointments                                                                    QueryException   
  SQLSTATE[42703]: Undefined column: 7 ERROR:  column "email" of relation "staff" does not exist
LINE 1: ...sert into "staff" ("salon_id", "user_id", "name", "email", "...
                                                             ^ (Connection: pgsql, SQL: insert into "staff" ("salon_id", "user_id", "name", "email", "phone", "specialization", "bio", "working_hours", "is_active", "auto_confirm", "updated_at", "created_at") values (24, 48, Priscilla, hortense40@example.org, +1-929-304-5224, Stylist, Modi deleniti quia suscipit nisi commodi voluptas occaecati. Natus molestiae rerum porro sit deserunt dolore. Soluta illo cupiditate ut molestiae magni aperiam. Et sed quis voluptate praesentium. Doloribus aliquam mollitia vel deleniti eligendi maxime., {"monday":{"start":"08:00","end":"18:00","is_working":true},"tuesday":{"start":"08:00","end":"18:00","is_working":true},"wednesday":{"start":"08:00","end":"18:00","is_working":true},"thursday":{"start":"08:00","end":"18:00","is_working":true},"friday":{"start":"08:00","end":"18:00","is_working":true},"saturday":{"start":"09:00","end":"17:00","is_working":true},"sunday":{"start":"00:00","end":"00:00","is_working":false}}, 1, 0, 2025-12-15 19:13:01, 2025-12-15 19:13:01) returning "id")

  at vendor\laravel\framework\src\Illuminate\Database\Connection.php:822
    818Γûò                     $this->getName(), $query, $this->prepareBindings($bindings), $e
    819Γûò                 );
    820Γûò             }
    821Γûò 
  Γ₧£ 822Γûò             throw new QueryException(
    823Γûò                 $this->getName(), $query, $this->prepareBindings($bindings), $e
    824Γûò             );
    825Γûò         }
    826Γûò     }

  1   vendor\laravel\framework\src\Illuminate\Database\Connection.php:822

  2   vendor\laravel\framework\src\Illuminate\Database\Connection.php:409
      NunoMaduro\Collision\Exceptions\TestException::("SQLSTATE[42703]: Undefined column: 7 ERROR:  column "email" of relation "staff" does not exist
LINE 1: ...sert into "staff" ("salon_id", "user_id", "name", "email", "...
                                                             ^")

  ΓöÇΓöÇΓöÇΓöÇΓöÇΓöÇΓöÇΓöÇΓöÇΓöÇΓöÇΓöÇΓöÇΓöÇΓöÇΓöÇΓöÇΓöÇΓöÇΓöÇΓöÇΓöÇΓöÇΓöÇΓöÇΓöÇΓöÇΓöÇΓöÇΓöÇΓöÇΓöÇΓöÇΓöÇΓöÇΓöÇΓöÇΓöÇΓöÇΓöÇΓöÇΓöÇΓöÇΓöÇΓöÇΓöÇΓöÇΓöÇΓöÇΓöÇΓöÇΓöÇΓöÇΓöÇΓöÇΓöÇΓöÇΓöÇΓöÇΓöÇΓöÇΓöÇΓöÇΓöÇΓöÇΓöÇΓöÇΓöÇΓöÇΓöÇΓöÇΓöÇΓöÇΓöÇΓöÇΓöÇΓöÇΓöÇΓöÇΓöÇΓöÇΓöÇΓöÇΓöÇΓöÇΓöÇΓöÇΓöÇΓöÇΓöÇΓöÇΓöÇΓöÇΓöÇΓöÇΓöÇΓöÇΓöÇΓöÇΓöÇΓöÇΓöÇΓöÇΓöÇΓöÇΓöÇΓöÇΓöÇΓöÇΓöÇΓöÇΓöÇΓöÇΓöÇΓöÇΓöÇΓöÇΓöÇΓöÇΓöÇΓöÇΓöÇΓöÇΓöÇΓöÇΓöÇΓöÇΓöÇΓöÇΓöÇΓöÇΓöÇΓöÇΓöÇΓöÇΓöÇΓöÇΓöÇΓöÇΓöÇΓöÇΓöÇΓöÇΓöÇΓöÇΓöÇΓöÇ  
   FAILED  Tests\Feature\AppointmentTest > get single appointment                                                                     QueryException   
  SQLSTATE[42703]: Undefined column: 7 ERROR:  column "email" of relation "staff" does not exist
LINE 1: ...sert into "staff" ("salon_id", "user_id", "name", "email", "...
                                                             ^ (Connection: pgsql, SQL: insert into "staff" ("salon_id", "user_id", "name", "email", "phone", "specialization", "bio", "working_hours", "is_active", "auto_confirm", "updated_at", "created_at") values (25, 50, Maeve, erich.sawayn@example.net, +1-803-406-8180, Stylist, Ut cupiditate et omnis qui iure possimus voluptate. Sapiente sed error porro. Omnis et provident temporibus. Consequuntur eum saepe sint expedita rem fugiat., {"monday":{"start":"08:00","end":"18:00","is_working":true},"tuesday":{"start":"08:00","end":"18:00","is_working":true},"wednesday":{"start":"08:00","end":"18:00","is_working":true},"thursday":{"start":"08:00","end":"18:00","is_working":true},"friday":{"start":"08:00","end":"18:00","is_working":true},"saturday":{"start":"09:00","end":"17:00","is_working":true},"sunday":{"start":"00:00","end":"00:00","is_working":false}}, 1, 0, 2025-12-15 19:13:01, 2025-12-15 19:13:01) returning "id")

  at vendor\laravel\framework\src\Illuminate\Database\Connection.php:822
    818Γûò                     $this->getName(), $query, $this->prepareBindings($bindings), $e
    819Γûò                 );
    820Γûò             }
    821Γûò 
  Γ₧£ 822Γûò             throw new QueryException(
    823Γûò                 $this->getName(), $query, $this->prepareBindings($bindings), $e
    824Γûò             );
    825Γûò         }
    826Γûò     }

  1   vendor\laravel\framework\src\Illuminate\Database\Connection.php:822

  2   vendor\laravel\framework\src\Illuminate\Database\Connection.php:409
      NunoMaduro\Collision\Exceptions\TestException::("SQLSTATE[42703]: Undefined column: 7 ERROR:  column "email" of relation "staff" does not exist
LINE 1: ...sert into "staff" ("salon_id", "user_id", "name", "email", "...
                                                             ^")

  ΓöÇΓöÇΓöÇΓöÇΓöÇΓöÇΓöÇΓöÇΓöÇΓöÇΓöÇΓöÇΓöÇΓöÇΓöÇΓöÇΓöÇΓöÇΓöÇΓöÇΓöÇΓöÇΓöÇΓöÇΓöÇΓöÇΓöÇΓöÇΓöÇΓöÇΓöÇΓöÇΓöÇΓöÇΓöÇΓöÇΓöÇΓöÇΓöÇΓöÇΓöÇΓöÇΓöÇΓöÇΓöÇΓöÇΓöÇΓöÇΓöÇΓöÇΓöÇΓöÇΓöÇΓöÇΓöÇΓöÇΓöÇΓöÇΓöÇΓöÇΓöÇΓöÇΓöÇΓöÇΓöÇΓöÇΓöÇΓöÇΓöÇΓöÇΓöÇΓöÇΓöÇΓöÇΓöÇΓöÇΓöÇΓöÇΓöÇΓöÇΓöÇΓöÇΓöÇΓöÇΓöÇΓöÇΓöÇΓöÇΓöÇΓöÇΓöÇΓöÇΓöÇΓöÇΓöÇΓöÇΓöÇΓöÇΓöÇΓöÇΓöÇΓöÇΓöÇΓöÇΓöÇΓöÇΓöÇΓöÇΓöÇΓöÇΓöÇΓöÇΓöÇΓöÇΓöÇΓöÇΓöÇΓöÇΓöÇΓöÇΓöÇΓöÇΓöÇΓöÇΓöÇΓöÇΓöÇΓöÇΓöÇΓöÇΓöÇΓöÇΓöÇΓöÇΓöÇΓöÇΓöÇΓöÇΓöÇΓöÇΓöÇΓöÇΓöÇΓöÇΓöÇΓöÇΓöÇ  
   FAILED  Tests\Feature\AppointmentTest > client cannot view others appointment                                                      QueryException   
  SQLSTATE[42703]: Undefined column: 7 ERROR:  column "email" of relation "staff" does not exist
LINE 1: ...sert into "staff" ("salon_id", "user_id", "name", "email", "...
                                                             ^ (Connection: pgsql, SQL: insert into "staff" ("salon_id", "user_id", "name", "email", "phone", "specialization", "bio", "working_hours", "is_active", "auto_confirm", "updated_at", "created_at") values (26, 52, Ola, cmuller@example.net, 971-998-3771, Hairdresser, Et ducimus omnis id laudantium neque ea. Enim consectetur asperiores amet deserunt dolores eum. Aperiam odit amet rerum voluptas., {"monday":{"start":"08:00","end":"18:00","is_working":true},"tuesday":{"start":"08:00","end":"18:00","is_working":true},"wednesday":{"start":"08:00","end":"18:00","is_working":true},"thursday":{"start":"08:00","end":"18:00","is_working":true},"friday":{"start":"08:00","end":"18:00","is_working":true},"saturday":{"start":"09:00","end":"17:00","is_working":true},"sunday":{"start":"00:00","end":"00:00","is_working":false}}, 1, 0, 2025-12-15 19:13:01, 2025-12-15 19:13:01) returning "id")

  at vendor\laravel\framework\src\Illuminate\Database\Connection.php:822
    818Γûò                     $this->getName(), $query, $this->prepareBindings($bindings), $e
    819Γûò                 );
    820Γûò             }
    821Γûò 
  Γ₧£ 822Γûò             throw new QueryException(
    823Γûò                 $this->getName(), $query, $this->prepareBindings($bindings), $e
    824Γûò             );
    825Γûò         }
    826Γûò     }

  1   vendor\laravel\framework\src\Illuminate\Database\Connection.php:822

  2   vendor\laravel\framework\src\Illuminate\Database\Connection.php:409
      NunoMaduro\Collision\Exceptions\TestException::("SQLSTATE[42703]: Undefined column: 7 ERROR:  column "email" of relation "staff" does not exist
LINE 1: ...sert into "staff" ("salon_id", "user_id", "name", "email", "...
                                                             ^")

  ΓöÇΓöÇΓöÇΓöÇΓöÇΓöÇΓöÇΓöÇΓöÇΓöÇΓöÇΓöÇΓöÇΓöÇΓöÇΓöÇΓöÇΓöÇΓöÇΓöÇΓöÇΓöÇΓöÇΓöÇΓöÇΓöÇΓöÇΓöÇΓöÇΓöÇΓöÇΓöÇΓöÇΓöÇΓöÇΓöÇΓöÇΓöÇΓöÇΓöÇΓöÇΓöÇΓöÇΓöÇΓöÇΓöÇΓöÇΓöÇΓöÇΓöÇΓöÇΓöÇΓöÇΓöÇΓöÇΓöÇΓöÇΓöÇΓöÇΓöÇΓöÇΓöÇΓöÇΓöÇΓöÇΓöÇΓöÇΓöÇΓöÇΓöÇΓöÇΓöÇΓöÇΓöÇΓöÇΓöÇΓöÇΓöÇΓöÇΓöÇΓöÇΓöÇΓöÇΓöÇΓöÇΓöÇΓöÇΓöÇΓöÇΓöÇΓöÇΓöÇΓöÇΓöÇΓöÇΓöÇΓöÇΓöÇΓöÇΓöÇΓöÇΓöÇΓöÇΓöÇΓöÇΓöÇΓöÇΓöÇΓöÇΓöÇΓöÇΓöÇΓöÇΓöÇΓöÇΓöÇΓöÇΓöÇΓöÇΓöÇΓöÇΓöÇΓöÇΓöÇΓöÇΓöÇΓöÇΓöÇΓöÇΓöÇΓöÇΓöÇΓöÇΓöÇΓöÇΓöÇΓöÇΓöÇΓöÇΓöÇΓöÇΓöÇΓöÇΓöÇΓöÇΓöÇΓöÇ  
   FAILED  Tests\Feature\AppointmentTest > cancel appointment                                                                         QueryException   
  SQLSTATE[42703]: Undefined column: 7 ERROR:  column "email" of relation "staff" does not exist
LINE 1: ...sert into "staff" ("salon_id", "user_id", "name", "email", "...
                                                             ^ (Connection: pgsql, SQL: insert into "staff" ("salon_id", "user_id", "name", "email", "phone", "specialization", "bio", "working_hours", "is_active", "auto_confirm", "updated_at", "created_at") values (27, 54, Benjamin, leuschke.darrell@example.net, +13516997111, Colorist, Doloribus est nobis vel vero rem iste. Tempora nulla et hic a. Et nam aliquam soluta. Necessitatibus ab qui quod temporibus voluptatem iste., {"monday":{"start":"08:00","end":"18:00","is_working":true},"tuesday":{"start":"08:00","end":"18:00","is_working":true},"wednesday":{"start":"08:00","end":"18:00","is_working":true},"thursday":{"start":"08:00","end":"18:00","is_working":true},"friday":{"start":"08:00","end":"18:00","is_working":true},"saturday":{"start":"09:00","end":"17:00","is_working":true},"sunday":{"start":"00:00","end":"00:00","is_working":false}}, 1, 0, 2025-12-15 19:13:01, 2025-12-15 19:13:01) returning "id")

  at vendor\laravel\framework\src\Illuminate\Database\Connection.php:822
    818Γûò                     $this->getName(), $query, $this->prepareBindings($bindings), $e
    819Γûò                 );
    820Γûò             }
    821Γûò 
  Γ₧£ 822Γûò             throw new QueryException(
    823Γûò                 $this->getName(), $query, $this->prepareBindings($bindings), $e
    824Γûò             );
    825Γûò         }
    826Γûò     }

  1   vendor\laravel\framework\src\Illuminate\Database\Connection.php:822

  2   vendor\laravel\framework\src\Illuminate\Database\Connection.php:409
      NunoMaduro\Collision\Exceptions\TestException::("SQLSTATE[42703]: Undefined column: 7 ERROR:  column "email" of relation "staff" does not exist
LINE 1: ...sert into "staff" ("salon_id", "user_id", "name", "email", "...
                                                             ^")

  ΓöÇΓöÇΓöÇΓöÇΓöÇΓöÇΓöÇΓöÇΓöÇΓöÇΓöÇΓöÇΓöÇΓöÇΓöÇΓöÇΓöÇΓöÇΓöÇΓöÇΓöÇΓöÇΓöÇΓöÇΓöÇΓöÇΓöÇΓöÇΓöÇΓöÇΓöÇΓöÇΓöÇΓöÇΓöÇΓöÇΓöÇΓöÇΓöÇΓöÇΓöÇΓöÇΓöÇΓöÇΓöÇΓöÇΓöÇΓöÇΓöÇΓöÇΓöÇΓöÇΓöÇΓöÇΓöÇΓöÇΓöÇΓöÇΓöÇΓöÇΓöÇΓöÇΓöÇΓöÇΓöÇΓöÇΓöÇΓöÇΓöÇΓöÇΓöÇΓöÇΓöÇΓöÇΓöÇΓöÇΓöÇΓöÇΓöÇΓöÇΓöÇΓöÇΓöÇΓöÇΓöÇΓöÇΓöÇΓöÇΓöÇΓöÇΓöÇΓöÇΓöÇΓöÇΓöÇΓöÇΓöÇΓöÇΓöÇΓöÇΓöÇΓöÇΓöÇΓöÇΓöÇΓöÇΓöÇΓöÇΓöÇΓöÇΓöÇΓöÇΓöÇΓöÇΓöÇΓöÇΓöÇΓöÇΓöÇΓöÇΓöÇΓöÇΓöÇΓöÇΓöÇΓöÇΓöÇΓöÇΓöÇΓöÇΓöÇΓöÇΓöÇΓöÇΓöÇΓöÇΓöÇΓöÇΓöÇΓöÇΓöÇΓöÇΓöÇΓöÇΓöÇΓöÇΓöÇ  
   FAILED  Tests\Feature\AppointmentTest > cannot cancel already cancelled appointment                                                QueryException   
  SQLSTATE[42703]: Undefined column: 7 ERROR:  column "email" of relation "staff" does not exist
LINE 1: ...sert into "staff" ("salon_id", "user_id", "name", "email", "...
                                                             ^ (Connection: pgsql, SQL: insert into "staff" ("salon_id", "user_id", "name", "email", "phone", "specialization", "bio", "working_hours", "is_active", "auto_confirm", "updated_at", "created_at") values (28, 56, Deanna, cameron72@example.net, (484) 205-4318, Colorist, Quia in odit odio quas quis. Pariatur quo distinctio et quam ut architecto. Aut fugit placeat repellat impedit voluptatum eum. Nesciunt illum blanditiis recusandae sunt perferendis quia animi., {"monday":{"start":"08:00","end":"18:00","is_working":true},"tuesday":{"start":"08:00","end":"18:00","is_working":true},"wednesday":{"start":"08:00","end":"18:00","is_working":true},"thursday":{"start":"08:00","end":"18:00","is_working":true},"friday":{"start":"08:00","end":"18:00","is_working":true},"saturday":{"start":"09:00","end":"17:00","is_working":true},"sunday":{"start":"00:00","end":"00:00","is_working":false}}, 1, 0, 2025-12-15 19:13:01, 2025-12-15 19:13:01) returning "id")

  at vendor\laravel\framework\src\Illuminate\Database\Connection.php:822
    818Γûò                     $this->getName(), $query, $this->prepareBindings($bindings), $e
    819Γûò                 );
    820Γûò             }
    821Γûò 
  Γ₧£ 822Γûò             throw new QueryException(
    823Γûò                 $this->getName(), $query, $this->prepareBindings($bindings), $e
    824Γûò             );
    825Γûò         }
    826Γûò     }

  1   vendor\laravel\framework\src\Illuminate\Database\Connection.php:822

  2   vendor\laravel\framework\src\Illuminate\Database\Connection.php:409
      NunoMaduro\Collision\Exceptions\TestException::("SQLSTATE[42703]: Undefined column: 7 ERROR:  column "email" of relation "staff" does not exist
LINE 1: ...sert into "staff" ("salon_id", "user_id", "name", "email", "...
                                                             ^")

  ΓöÇΓöÇΓöÇΓöÇΓöÇΓöÇΓöÇΓöÇΓöÇΓöÇΓöÇΓöÇΓöÇΓöÇΓöÇΓöÇΓöÇΓöÇΓöÇΓöÇΓöÇΓöÇΓöÇΓöÇΓöÇΓöÇΓöÇΓöÇΓöÇΓöÇΓöÇΓöÇΓöÇΓöÇΓöÇΓöÇΓöÇΓöÇΓöÇΓöÇΓöÇΓöÇΓöÇΓöÇΓöÇΓöÇΓöÇΓöÇΓöÇΓöÇΓöÇΓöÇΓöÇΓöÇΓöÇΓöÇΓöÇΓöÇΓöÇΓöÇΓöÇΓöÇΓöÇΓöÇΓöÇΓöÇΓöÇΓöÇΓöÇΓöÇΓöÇΓöÇΓöÇΓöÇΓöÇΓöÇΓöÇΓöÇΓöÇΓöÇΓöÇΓöÇΓöÇΓöÇΓöÇΓöÇΓöÇΓöÇΓöÇΓöÇΓöÇΓöÇΓöÇΓöÇΓöÇΓöÇΓöÇΓöÇΓöÇΓöÇΓöÇΓöÇΓöÇΓöÇΓöÇΓöÇΓöÇΓöÇΓöÇΓöÇΓöÇΓöÇΓöÇΓöÇΓöÇΓöÇΓöÇΓöÇΓöÇΓöÇΓöÇΓöÇΓöÇΓöÇΓöÇΓöÇΓöÇΓöÇΓöÇΓöÇΓöÇΓöÇΓöÇΓöÇΓöÇΓöÇΓöÇΓöÇΓöÇΓöÇΓöÇΓöÇΓöÇΓöÇΓöÇΓöÇΓöÇ  
   FAILED  Tests\Feature\AppointmentTest > salon owner can view appointments                                                          QueryException   
  SQLSTATE[42703]: Undefined column: 7 ERROR:  column "email" of relation "staff" does not exist
LINE 1: ...sert into "staff" ("salon_id", "user_id", "name", "email", "...
                                                             ^ (Connection: pgsql, SQL: insert into "staff" ("salon_id", "user_id", "name", "email", "phone", "specialization", "bio", "working_hours", "is_active", "auto_confirm", "updated_at", "created_at") values (29, 58, Virgil, abbey74@example.com, 1-763-589-8356, Colorist, Aliquam hic illo fuga qui itaque magni occaecati atque. Numquam voluptas ut laudantium deserunt aut laborum. Vero qui fuga velit accusamus maxime molestiae minus. Est dicta voluptatem adipisci voluptates excepturi reprehenderit., {"monday":{"start":"08:00","end":"18:00","is_working":true},"tuesday":{"start":"08:00","end":"18:00","is_working":true},"wednesday":{"start":"08:00","end":"18:00","is_working":true},"thursday":{"start":"08:00","end":"18:00","is_working":true},"friday":{"start":"08:00","end":"18:00","is_working":true},"saturday":{"start":"09:00","end":"17:00","is_working":true},"sunday":{"start":"00:00","end":"00:00","is_working":false}}, 1, 0, 2025-12-15 19:13:01, 2025-12-15 19:13:01) returning "id")

  at vendor\laravel\framework\src\Illuminate\Database\Connection.php:822
    818Γûò                     $this->getName(), $query, $this->prepareBindings($bindings), $e
    819Γûò                 );
    820Γûò             }
    821Γûò 
  Γ₧£ 822Γûò             throw new QueryException(
    823Γûò                 $this->getName(), $query, $this->prepareBindings($bindings), $e
    824Γûò             );
    825Γûò         }
    826Γûò     }

  1   vendor\laravel\framework\src\Illuminate\Database\Connection.php:822

  2   vendor\laravel\framework\src\Illuminate\Database\Connection.php:409
      NunoMaduro\Collision\Exceptions\TestException::("SQLSTATE[42703]: Undefined column: 7 ERROR:  column "email" of relation "staff" does not exist
LINE 1: ...sert into "staff" ("salon_id", "user_id", "name", "email", "...
                                                             ^")

  ΓöÇΓöÇΓöÇΓöÇΓöÇΓöÇΓöÇΓöÇΓöÇΓöÇΓöÇΓöÇΓöÇΓöÇΓöÇΓöÇΓöÇΓöÇΓöÇΓöÇΓöÇΓöÇΓöÇΓöÇΓöÇΓöÇΓöÇΓöÇΓöÇΓöÇΓöÇΓöÇΓöÇΓöÇΓöÇΓöÇΓöÇΓöÇΓöÇΓöÇΓöÇΓöÇΓöÇΓöÇΓöÇΓöÇΓöÇΓöÇΓöÇΓöÇΓöÇΓöÇΓöÇΓöÇΓöÇΓöÇΓöÇΓöÇΓöÇΓöÇΓöÇΓöÇΓöÇΓöÇΓöÇΓöÇΓöÇΓöÇΓöÇΓöÇΓöÇΓöÇΓöÇΓöÇΓöÇΓöÇΓöÇΓöÇΓöÇΓöÇΓöÇΓöÇΓöÇΓöÇΓöÇΓöÇΓöÇΓöÇΓöÇΓöÇΓöÇΓöÇΓöÇΓöÇΓöÇΓöÇΓöÇΓöÇΓöÇΓöÇΓöÇΓöÇΓöÇΓöÇΓöÇΓöÇΓöÇΓöÇΓöÇΓöÇΓöÇΓöÇΓöÇΓöÇΓöÇΓöÇΓöÇΓöÇΓöÇΓöÇΓöÇΓöÇΓöÇΓöÇΓöÇΓöÇΓöÇΓöÇΓöÇΓöÇΓöÇΓöÇΓöÇΓöÇΓöÇΓöÇΓöÇΓöÇΓöÇΓöÇΓöÇΓöÇΓöÇΓöÇΓöÇΓöÇΓöÇ  
   FAILED  Tests\Feature\AppointmentTest > salon owner can confirm appointment                                                        QueryException   
  SQLSTATE[42703]: Undefined column: 7 ERROR:  column "email" of relation "staff" does not exist
LINE 1: ...sert into "staff" ("salon_id", "user_id", "name", "email", "...
                                                             ^ (Connection: pgsql, SQL: insert into "staff" ("salon_id", "user_id", "name", "email", "phone", "specialization", "bio", "working_hours", "is_active", "auto_confirm", "updated_at", "created_at") values (30, 60, Kiana, satterfield.gino@example.net, 860.220.2353, Stylist, Saepe qui nesciunt et delectus repudiandae alias veritatis. Quo architecto aut quo dolorem eius blanditiis sint. Et earum officia aut. Quia molestiae sed rem rerum ab vero in., {"monday":{"start":"08:00","end":"18:00","is_working":true},"tuesday":{"start":"08:00","end":"18:00","is_working":true},"wednesday":{"start":"08:00","end":"18:00","is_working":true},"thursday":{"start":"08:00","end":"18:00","is_working":true},"friday":{"start":"08:00","end":"18:00","is_working":true},"saturday":{"start":"09:00","end":"17:00","is_working":true},"sunday":{"start":"00:00","end":"00:00","is_working":false}}, 1, 0, 2025-12-15 19:13:01, 2025-12-15 19:13:01) returning "id")

  at vendor\laravel\framework\src\Illuminate\Database\Connection.php:822
    818Γûò                     $this->getName(), $query, $this->prepareBindings($bindings), $e
    819Γûò                 );
    820Γûò             }
    821Γûò 
  Γ₧£ 822Γûò             throw new QueryException(
    823Γûò                 $this->getName(), $query, $this->prepareBindings($bindings), $e
    824Γûò             );
    825Γûò         }
    826Γûò     }

  1   vendor\laravel\framework\src\Illuminate\Database\Connection.php:822

  2   vendor\laravel\framework\src\Illuminate\Database\Connection.php:409
      NunoMaduro\Collision\Exceptions\TestException::("SQLSTATE[42703]: Undefined column: 7 ERROR:  column "email" of relation "staff" does not exist
LINE 1: ...sert into "staff" ("salon_id", "user_id", "name", "email", "...
                                                             ^")

  ΓöÇΓöÇΓöÇΓöÇΓöÇΓöÇΓöÇΓöÇΓöÇΓöÇΓöÇΓöÇΓöÇΓöÇΓöÇΓöÇΓöÇΓöÇΓöÇΓöÇΓöÇΓöÇΓöÇΓöÇΓöÇΓöÇΓöÇΓöÇΓöÇΓöÇΓöÇΓöÇΓöÇΓöÇΓöÇΓöÇΓöÇΓöÇΓöÇΓöÇΓöÇΓöÇΓöÇΓöÇΓöÇΓöÇΓöÇΓöÇΓöÇΓöÇΓöÇΓöÇΓöÇΓöÇΓöÇΓöÇΓöÇΓöÇΓöÇΓöÇΓöÇΓöÇΓöÇΓöÇΓöÇΓöÇΓöÇΓöÇΓöÇΓöÇΓöÇΓöÇΓöÇΓöÇΓöÇΓöÇΓöÇΓöÇΓöÇΓöÇΓöÇΓöÇΓöÇΓöÇΓöÇΓöÇΓöÇΓöÇΓöÇΓöÇΓöÇΓöÇΓöÇΓöÇΓöÇΓöÇΓöÇΓöÇΓöÇΓöÇΓöÇΓöÇΓöÇΓöÇΓöÇΓöÇΓöÇΓöÇΓöÇΓöÇΓöÇΓöÇΓöÇΓöÇΓöÇΓöÇΓöÇΓöÇΓöÇΓöÇΓöÇΓöÇΓöÇΓöÇΓöÇΓöÇΓöÇΓöÇΓöÇΓöÇΓöÇΓöÇΓöÇΓöÇΓöÇΓöÇΓöÇΓöÇΓöÇΓöÇΓöÇΓöÇΓöÇΓöÇΓöÇΓöÇΓöÇ  
   FAILED  Tests\Feature\AppointmentTest > salon owner can reject appointment                                                         QueryException   
  SQLSTATE[42703]: Undefined column: 7 ERROR:  column "email" of relation "staff" does not exist
LINE 1: ...sert into "staff" ("salon_id", "user_id", "name", "email", "...
                                                             ^ (Connection: pgsql, SQL: insert into "staff" ("salon_id", "user_id", "name", "email", "phone", "specialization", "bio", "working_hours", "is_active", "auto_confirm", "updated_at", "created_at") values (31, 62, Efren, osinski.ramon@example.org, (640) 610-4119, Stylist, Odio aut dicta autem esse deleniti rem non a. Vel sed quam nesciunt modi. Maiores omnis beatae reprehenderit tempora eveniet. Autem quos exercitationem aspernatur distinctio expedita., {"monday":{"start":"08:00","end":"18:00","is_working":true},"tuesday":{"start":"08:00","end":"18:00","is_working":true},"wednesday":{"start":"08:00","end":"18:00","is_working":true},"thursday":{"start":"08:00","end":"18:00","is_working":true},"friday":{"start":"08:00","end":"18:00","is_working":true},"saturday":{"start":"09:00","end":"17:00","is_working":true},"sunday":{"start":"00:00","end":"00:00","is_working":false}}, 1, 0, 2025-12-15 19:13:01, 2025-12-15 19:13:01) returning "id")

  at vendor\laravel\framework\src\Illuminate\Database\Connection.php:822
    818Γûò                     $this->getName(), $query, $this->prepareBindings($bindings), $e
    819Γûò                 );
    820Γûò             }
    821Γûò 
  Γ₧£ 822Γûò             throw new QueryException(
    823Γûò                 $this->getName(), $query, $this->prepareBindings($bindings), $e
    824Γûò             );
    825Γûò         }
    826Γûò     }

  1   vendor\laravel\framework\src\Illuminate\Database\Connection.php:822

  2   vendor\laravel\framework\src\Illuminate\Database\Connection.php:409
      NunoMaduro\Collision\Exceptions\TestException::("SQLSTATE[42703]: Undefined column: 7 ERROR:  column "email" of relation "staff" does not exist
LINE 1: ...sert into "staff" ("salon_id", "user_id", "name", "email", "...
                                                             ^")

  ΓöÇΓöÇΓöÇΓöÇΓöÇΓöÇΓöÇΓöÇΓöÇΓöÇΓöÇΓöÇΓöÇΓöÇΓöÇΓöÇΓöÇΓöÇΓöÇΓöÇΓöÇΓöÇΓöÇΓöÇΓöÇΓöÇΓöÇΓöÇΓöÇΓöÇΓöÇΓöÇΓöÇΓöÇΓöÇΓöÇΓöÇΓöÇΓöÇΓöÇΓöÇΓöÇΓöÇΓöÇΓöÇΓöÇΓöÇΓöÇΓöÇΓöÇΓöÇΓöÇΓöÇΓöÇΓöÇΓöÇΓöÇΓöÇΓöÇΓöÇΓöÇΓöÇΓöÇΓöÇΓöÇΓöÇΓöÇΓöÇΓöÇΓöÇΓöÇΓöÇΓöÇΓöÇΓöÇΓöÇΓöÇΓöÇΓöÇΓöÇΓöÇΓöÇΓöÇΓöÇΓöÇΓöÇΓöÇΓöÇΓöÇΓöÇΓöÇΓöÇΓöÇΓöÇΓöÇΓöÇΓöÇΓöÇΓöÇΓöÇΓöÇΓöÇΓöÇΓöÇΓöÇΓöÇΓöÇΓöÇΓöÇΓöÇΓöÇΓöÇΓöÇΓöÇΓöÇΓöÇΓöÇΓöÇΓöÇΓöÇΓöÇΓöÇΓöÇΓöÇΓöÇΓöÇΓöÇΓöÇΓöÇΓöÇΓöÇΓöÇΓöÇΓöÇΓöÇΓöÇΓöÇΓöÇΓöÇΓöÇΓöÇΓöÇΓöÇΓöÇΓöÇΓöÇΓöÇ  
   FAILED  Tests\Feature\AppointmentTest > appointment date format validation                                                         QueryException   
  SQLSTATE[42703]: Undefined column: 7 ERROR:  column "email" of relation "staff" does not exist
LINE 1: ...sert into "staff" ("salon_id", "user_id", "name", "email", "...
                                                             ^ (Connection: pgsql, SQL: insert into "staff" ("salon_id", "user_id", "name", "email", "phone", "specialization", "bio", "working_hours", "is_active", "auto_confirm", "updated_at", "created_at") values (32, 64, Nayeli, candice18@example.com, 747.391.2493, Barber, Dolore eligendi eligendi pariatur quisquam consequatur dolor nostrum aut. Aut ut velit nulla blanditiis molestias fugit consequatur totam. Quasi asperiores nobis veritatis sit exercitationem., {"monday":{"start":"08:00","end":"18:00","is_working":true},"tuesday":{"start":"08:00","end":"18:00","is_working":true},"wednesday":{"start":"08:00","end":"18:00","is_working":true},"thursday":{"start":"08:00","end":"18:00","is_working":true},"friday":{"start":"08:00","end":"18:00","is_working":true},"saturday":{"start":"09:00","end":"17:00","is_working":true},"sunday":{"start":"00:00","end":"00:00","is_working":false}}, 1, 0, 2025-12-15 19:13:01, 2025-12-15 19:13:01) returning "id")

  at vendor\laravel\framework\src\Illuminate\Database\Connection.php:822
    818Γûò                     $this->getName(), $query, $this->prepareBindings($bindings), $e
    819Γûò                 );
    820Γûò             }
    821Γûò 
  Γ₧£ 822Γûò             throw new QueryException(
    823Γûò                 $this->getName(), $query, $this->prepareBindings($bindings), $e
    824Γûò             );
    825Γûò         }
    826Γûò     }

  1   vendor\laravel\framework\src\Illuminate\Database\Connection.php:822

  2   vendor\laravel\framework\src\Illuminate\Database\Connection.php:409
      NunoMaduro\Collision\Exceptions\TestException::("SQLSTATE[42703]: Undefined column: 7 ERROR:  column "email" of relation "staff" does not exist
LINE 1: ...sert into "staff" ("salon_id", "user_id", "name", "email", "...
                                                             ^")

  ΓöÇΓöÇΓöÇΓöÇΓöÇΓöÇΓöÇΓöÇΓöÇΓöÇΓöÇΓöÇΓöÇΓöÇΓöÇΓöÇΓöÇΓöÇΓöÇΓöÇΓöÇΓöÇΓöÇΓöÇΓöÇΓöÇΓöÇΓöÇΓöÇΓöÇΓöÇΓöÇΓöÇΓöÇΓöÇΓöÇΓöÇΓöÇΓöÇΓöÇΓöÇΓöÇΓöÇΓöÇΓöÇΓöÇΓöÇΓöÇΓöÇΓöÇΓöÇΓöÇΓöÇΓöÇΓöÇΓöÇΓöÇΓöÇΓöÇΓöÇΓöÇΓöÇΓöÇΓöÇΓöÇΓöÇΓöÇΓöÇΓöÇΓöÇΓöÇΓöÇΓöÇΓöÇΓöÇΓöÇΓöÇΓöÇΓöÇΓöÇΓöÇΓöÇΓöÇΓöÇΓöÇΓöÇΓöÇΓöÇΓöÇΓöÇΓöÇΓöÇΓöÇΓöÇΓöÇΓöÇΓöÇΓöÇΓöÇΓöÇΓöÇΓöÇΓöÇΓöÇΓöÇΓöÇΓöÇΓöÇΓöÇΓöÇΓöÇΓöÇΓöÇΓöÇΓöÇΓöÇΓöÇΓöÇΓöÇΓöÇΓöÇΓöÇΓöÇΓöÇΓöÇΓöÇΓöÇΓöÇΓöÇΓöÇΓöÇΓöÇΓöÇΓöÇΓöÇΓöÇΓöÇΓöÇΓöÇΓöÇΓöÇΓöÇΓöÇΓöÇΓöÇΓöÇΓöÇ  
   FAILED  Tests\Feature\AppointmentTest > appointment time format validation                                                         QueryException   
  SQLSTATE[42703]: Undefined column: 7 ERROR:  column "email" of relation "staff" does not exist
LINE 1: ...sert into "staff" ("salon_id", "user_id", "name", "email", "...
                                                             ^ (Connection: pgsql, SQL: insert into "staff" ("salon_id", "user_id", "name", "email", "phone", "specialization", "bio", "working_hours", "is_active", "auto_confirm", "updated_at", "created_at") values (33, 66, Lily, bernhard.christa@example.org, 567-946-2190, Colorist, Et et est delectus est ipsum. Animi beatae iusto impedit sunt vel ut. Nostrum consequatur asperiores quia magnam. Voluptates ducimus qui architecto nostrum. Consectetur cum nobis eveniet nisi velit molestiae quia., {"monday":{"start":"08:00","end":"18:00","is_working":true},"tuesday":{"start":"08:00","end":"18:00","is_working":true},"wednesday":{"start":"08:00","end":"18:00","is_working":true},"thursday":{"start":"08:00","end":"18:00","is_working":true},"friday":{"start":"08:00","end":"18:00","is_working":true},"saturday":{"start":"09:00","end":"17:00","is_working":true},"sunday":{"start":"00:00","end":"00:00","is_working":false}}, 1, 0, 2025-12-15 19:13:01, 2025-12-15 19:13:01) returning "id")

  at vendor\laravel\framework\src\Illuminate\Database\Connection.php:822
    818Γûò                     $this->getName(), $query, $this->prepareBindings($bindings), $e
    819Γûò                 );
    820Γûò             }
    821Γûò 
  Γ₧£ 822Γûò             throw new QueryException(
    823Γûò                 $this->getName(), $query, $this->prepareBindings($bindings), $e
    824Γûò             );
    825Γûò         }
    826Γûò     }

  1   vendor\laravel\framework\src\Illuminate\Database\Connection.php:822

  2   vendor\laravel\framework\src\Illuminate\Database\Connection.php:409
      NunoMaduro\Collision\Exceptions\TestException::("SQLSTATE[42703]: Undefined column: 7 ERROR:  column "email" of relation "staff" does not exist
LINE 1: ...sert into "staff" ("salon_id", "user_id", "name", "email", "...
                                                             ^")

  ΓöÇΓöÇΓöÇΓöÇΓöÇΓöÇΓöÇΓöÇΓöÇΓöÇΓöÇΓöÇΓöÇΓöÇΓöÇΓöÇΓöÇΓöÇΓöÇΓöÇΓöÇΓöÇΓöÇΓöÇΓöÇΓöÇΓöÇΓöÇΓöÇΓöÇΓöÇΓöÇΓöÇΓöÇΓöÇΓöÇΓöÇΓöÇΓöÇΓöÇΓöÇΓöÇΓöÇΓöÇΓöÇΓöÇΓöÇΓöÇΓöÇΓöÇΓöÇΓöÇΓöÇΓöÇΓöÇΓöÇΓöÇΓöÇΓöÇΓöÇΓöÇΓöÇΓöÇΓöÇΓöÇΓöÇΓöÇΓöÇΓöÇΓöÇΓöÇΓöÇΓöÇΓöÇΓöÇΓöÇΓöÇΓöÇΓöÇΓöÇΓöÇΓöÇΓöÇΓöÇΓöÇΓöÇΓöÇΓöÇΓöÇΓöÇΓöÇΓöÇΓöÇΓöÇΓöÇΓöÇΓöÇΓöÇΓöÇΓöÇΓöÇΓöÇΓöÇΓöÇΓöÇΓöÇΓöÇΓöÇΓöÇΓöÇΓöÇΓöÇΓöÇΓöÇΓöÇΓöÇΓöÇΓöÇΓöÇΓöÇΓöÇΓöÇΓöÇΓöÇΓöÇΓöÇΓöÇΓöÇΓöÇΓöÇΓöÇΓöÇΓöÇΓöÇΓöÇΓöÇΓöÇΓöÇΓöÇΓöÇΓöÇΓöÇΓöÇΓöÇΓöÇΓöÇΓöÇ  
   FAILED  Tests\Feature\AuthTest > user registration                                                                                                  
  Expected response status code [201] but received 404.
Failed asserting that 404 is identical to 201.

  at tests\Feature\AuthTest.php:26
     22Γûò             'password_confirmation' => 'password123',
     23Γûò             'role' => 'klijent',
     24Γûò         ]);
     25Γûò 
  Γ₧£  26Γûò         $response->assertStatus(201);
     27Γûò         $this->assertDatabaseHas('users', [
     28Γûò             'email' => 'marko@example.com',
     29Γûò             'role' => 'klijent',
     30Γûò         ]);

  ΓöÇΓöÇΓöÇΓöÇΓöÇΓöÇΓöÇΓöÇΓöÇΓöÇΓöÇΓöÇΓöÇΓöÇΓöÇΓöÇΓöÇΓöÇΓöÇΓöÇΓöÇΓöÇΓöÇΓöÇΓöÇΓöÇΓöÇΓöÇΓöÇΓöÇΓöÇΓöÇΓöÇΓöÇΓöÇΓöÇΓöÇΓöÇΓöÇΓöÇΓöÇΓöÇΓöÇΓöÇΓöÇΓöÇΓöÇΓöÇΓöÇΓöÇΓöÇΓöÇΓöÇΓöÇΓöÇΓöÇΓöÇΓöÇΓöÇΓöÇΓöÇΓöÇΓöÇΓöÇΓöÇΓöÇΓöÇΓöÇΓöÇΓöÇΓöÇΓöÇΓöÇΓöÇΓöÇΓöÇΓöÇΓöÇΓöÇΓöÇΓöÇΓöÇΓöÇΓöÇΓöÇΓöÇΓöÇΓöÇΓöÇΓöÇΓöÇΓöÇΓöÇΓöÇΓöÇΓöÇΓöÇΓöÇΓöÇΓöÇΓöÇΓöÇΓöÇΓöÇΓöÇΓöÇΓöÇΓöÇΓöÇΓöÇΓöÇΓöÇΓöÇΓöÇΓöÇΓöÇΓöÇΓöÇΓöÇΓöÇΓöÇΓöÇΓöÇΓöÇΓöÇΓöÇΓöÇΓöÇΓöÇΓöÇΓöÇΓöÇΓöÇΓöÇΓöÇΓöÇΓöÇΓöÇΓöÇΓöÇΓöÇΓöÇΓöÇΓöÇΓöÇΓöÇΓöÇ  
   FAILED  Tests\Feature\AuthTest > registration validation missing email                                                                              
  Expected response status code [422] but received 404.
Failed asserting that 404 is identical to 422.

  at tests\Feature\AuthTest.php:45
     41Γûò             'password_confirmation' => 'password123',
     42Γûò             'role' => 'klijent',
     43Γûò         ]);
     44Γûò 
  Γ₧£  45Γûò         $response->assertStatus(422);
     46Γûò         $response->assertJsonValidationErrors('email');
     47Γûò     }
     48Γûò 
     49Γûò     /**

  ΓöÇΓöÇΓöÇΓöÇΓöÇΓöÇΓöÇΓöÇΓöÇΓöÇΓöÇΓöÇΓöÇΓöÇΓöÇΓöÇΓöÇΓöÇΓöÇΓöÇΓöÇΓöÇΓöÇΓöÇΓöÇΓöÇΓöÇΓöÇΓöÇΓöÇΓöÇΓöÇΓöÇΓöÇΓöÇΓöÇΓöÇΓöÇΓöÇΓöÇΓöÇΓöÇΓöÇΓöÇΓöÇΓöÇΓöÇΓöÇΓöÇΓöÇΓöÇΓöÇΓöÇΓöÇΓöÇΓöÇΓöÇΓöÇΓöÇΓöÇΓöÇΓöÇΓöÇΓöÇΓöÇΓöÇΓöÇΓöÇΓöÇΓöÇΓöÇΓöÇΓöÇΓöÇΓöÇΓöÇΓöÇΓöÇΓöÇΓöÇΓöÇΓöÇΓöÇΓöÇΓöÇΓöÇΓöÇΓöÇΓöÇΓöÇΓöÇΓöÇΓöÇΓöÇΓöÇΓöÇΓöÇΓöÇΓöÇΓöÇΓöÇΓöÇΓöÇΓöÇΓöÇΓöÇΓöÇΓöÇΓöÇΓöÇΓöÇΓöÇΓöÇΓöÇΓöÇΓöÇΓöÇΓöÇΓöÇΓöÇΓöÇΓöÇΓöÇΓöÇΓöÇΓöÇΓöÇΓöÇΓöÇΓöÇΓöÇΓöÇΓöÇΓöÇΓöÇΓöÇΓöÇΓöÇΓöÇΓöÇΓöÇΓöÇΓöÇΓöÇΓöÇΓöÇΓöÇ  
   FAILED  Tests\Feature\AuthTest > registration validation invalid email                                                                              
  Expected response status code [422] but received 404.
Failed asserting that 404 is identical to 422.

  at tests\Feature\AuthTest.php:62
     58Γûò             'password_confirmation' => 'password123',
     59Γûò             'role' => 'klijent',
     60Γûò         ]);
     61Γûò 
  Γ₧£  62Γûò         $response->assertStatus(422);
     63Γûò         $response->assertJsonValidationErrors('email');
     64Γûò     }
     65Γûò 
     66Γûò     /**

  ΓöÇΓöÇΓöÇΓöÇΓöÇΓöÇΓöÇΓöÇΓöÇΓöÇΓöÇΓöÇΓöÇΓöÇΓöÇΓöÇΓöÇΓöÇΓöÇΓöÇΓöÇΓöÇΓöÇΓöÇΓöÇΓöÇΓöÇΓöÇΓöÇΓöÇΓöÇΓöÇΓöÇΓöÇΓöÇΓöÇΓöÇΓöÇΓöÇΓöÇΓöÇΓöÇΓöÇΓöÇΓöÇΓöÇΓöÇΓöÇΓöÇΓöÇΓöÇΓöÇΓöÇΓöÇΓöÇΓöÇΓöÇΓöÇΓöÇΓöÇΓöÇΓöÇΓöÇΓöÇΓöÇΓöÇΓöÇΓöÇΓöÇΓöÇΓöÇΓöÇΓöÇΓöÇΓöÇΓöÇΓöÇΓöÇΓöÇΓöÇΓöÇΓöÇΓöÇΓöÇΓöÇΓöÇΓöÇΓöÇΓöÇΓöÇΓöÇΓöÇΓöÇΓöÇΓöÇΓöÇΓöÇΓöÇΓöÇΓöÇΓöÇΓöÇΓöÇΓöÇΓöÇΓöÇΓöÇΓöÇΓöÇΓöÇΓöÇΓöÇΓöÇΓöÇΓöÇΓöÇΓöÇΓöÇΓöÇΓöÇΓöÇΓöÇΓöÇΓöÇΓöÇΓöÇΓöÇΓöÇΓöÇΓöÇΓöÇΓöÇΓöÇΓöÇΓöÇΓöÇΓöÇΓöÇΓöÇΓöÇΓöÇΓöÇΓöÇΓöÇΓöÇΓöÇΓöÇ  
   FAILED  Tests\Feature\AuthTest > registration validation password too short                                                                         
  Expected response status code [422] but received 404.
Failed asserting that 404 is identical to 422.

  at tests\Feature\AuthTest.php:79
     75Γûò             'password_confirmation' => 'short',
     76Γûò             'role' => 'klijent',
     77Γûò         ]);
     78Γûò 
  Γ₧£  79Γûò         $response->assertStatus(422);
     80Γûò         $response->assertJsonValidationErrors('password');
     81Γûò     }
     82Γûò 
     83Γûò     /**

  ΓöÇΓöÇΓöÇΓöÇΓöÇΓöÇΓöÇΓöÇΓöÇΓöÇΓöÇΓöÇΓöÇΓöÇΓöÇΓöÇΓöÇΓöÇΓöÇΓöÇΓöÇΓöÇΓöÇΓöÇΓöÇΓöÇΓöÇΓöÇΓöÇΓöÇΓöÇΓöÇΓöÇΓöÇΓöÇΓöÇΓöÇΓöÇΓöÇΓöÇΓöÇΓöÇΓöÇΓöÇΓöÇΓöÇΓöÇΓöÇΓöÇΓöÇΓöÇΓöÇΓöÇΓöÇΓöÇΓöÇΓöÇΓöÇΓöÇΓöÇΓöÇΓöÇΓöÇΓöÇΓöÇΓöÇΓöÇΓöÇΓöÇΓöÇΓöÇΓöÇΓöÇΓöÇΓöÇΓöÇΓöÇΓöÇΓöÇΓöÇΓöÇΓöÇΓöÇΓöÇΓöÇΓöÇΓöÇΓöÇΓöÇΓöÇΓöÇΓöÇΓöÇΓöÇΓöÇΓöÇΓöÇΓöÇΓöÇΓöÇΓöÇΓöÇΓöÇΓöÇΓöÇΓöÇΓöÇΓöÇΓöÇΓöÇΓöÇΓöÇΓöÇΓöÇΓöÇΓöÇΓöÇΓöÇΓöÇΓöÇΓöÇΓöÇΓöÇΓöÇΓöÇΓöÇΓöÇΓöÇΓöÇΓöÇΓöÇΓöÇΓöÇΓöÇΓöÇΓöÇΓöÇΓöÇΓöÇΓöÇΓöÇΓöÇΓöÇΓöÇΓöÇΓöÇΓöÇ  
   FAILED  Tests\Feature\AuthTest > registration validation password mismatch                                                                          
  Expected response status code [422] but received 404.
Failed asserting that 404 is identical to 422.

  at tests\Feature\AuthTest.php:96
     92Γûò             'password_confirmation' => 'different123',
     93Γûò             'role' => 'klijent',
     94Γûò         ]);
     95Γûò 
  Γ₧£  96Γûò         $response->assertStatus(422);
     97Γûò         $response->assertJsonValidationErrors('password');
     98Γûò     }
     99Γûò 
    100Γûò     /**

  ΓöÇΓöÇΓöÇΓöÇΓöÇΓöÇΓöÇΓöÇΓöÇΓöÇΓöÇΓöÇΓöÇΓöÇΓöÇΓöÇΓöÇΓöÇΓöÇΓöÇΓöÇΓöÇΓöÇΓöÇΓöÇΓöÇΓöÇΓöÇΓöÇΓöÇΓöÇΓöÇΓöÇΓöÇΓöÇΓöÇΓöÇΓöÇΓöÇΓöÇΓöÇΓöÇΓöÇΓöÇΓöÇΓöÇΓöÇΓöÇΓöÇΓöÇΓöÇΓöÇΓöÇΓöÇΓöÇΓöÇΓöÇΓöÇΓöÇΓöÇΓöÇΓöÇΓöÇΓöÇΓöÇΓöÇΓöÇΓöÇΓöÇΓöÇΓöÇΓöÇΓöÇΓöÇΓöÇΓöÇΓöÇΓöÇΓöÇΓöÇΓöÇΓöÇΓöÇΓöÇΓöÇΓöÇΓöÇΓöÇΓöÇΓöÇΓöÇΓöÇΓöÇΓöÇΓöÇΓöÇΓöÇΓöÇΓöÇΓöÇΓöÇΓöÇΓöÇΓöÇΓöÇΓöÇΓöÇΓöÇΓöÇΓöÇΓöÇΓöÇΓöÇΓöÇΓöÇΓöÇΓöÇΓöÇΓöÇΓöÇΓöÇΓöÇΓöÇΓöÇΓöÇΓöÇΓöÇΓöÇΓöÇΓöÇΓöÇΓöÇΓöÇΓöÇΓöÇΓöÇΓöÇΓöÇΓöÇΓöÇΓöÇΓöÇΓöÇΓöÇΓöÇΓöÇΓöÇ  
   FAILED  Tests\Feature\AuthTest > registration validation duplicate email                                                                            
  Expected response status code [422] but received 404.
Failed asserting that 404 is identical to 422.

  at tests\Feature\AuthTest.php:115
    111Γûò             'password_confirmation' => 'password123',
    112Γûò             'role' => 'klijent',
    113Γûò         ]);
    114Γûò 
  Γ₧£ 115Γûò         $response->assertStatus(422);
    116Γûò         $response->assertJsonValidationErrors('email');
    117Γûò     }
    118Γûò 
    119Γûò     /**

  ΓöÇΓöÇΓöÇΓöÇΓöÇΓöÇΓöÇΓöÇΓöÇΓöÇΓöÇΓöÇΓöÇΓöÇΓöÇΓöÇΓöÇΓöÇΓöÇΓöÇΓöÇΓöÇΓöÇΓöÇΓöÇΓöÇΓöÇΓöÇΓöÇΓöÇΓöÇΓöÇΓöÇΓöÇΓöÇΓöÇΓöÇΓöÇΓöÇΓöÇΓöÇΓöÇΓöÇΓöÇΓöÇΓöÇΓöÇΓöÇΓöÇΓöÇΓöÇΓöÇΓöÇΓöÇΓöÇΓöÇΓöÇΓöÇΓöÇΓöÇΓöÇΓöÇΓöÇΓöÇΓöÇΓöÇΓöÇΓöÇΓöÇΓöÇΓöÇΓöÇΓöÇΓöÇΓöÇΓöÇΓöÇΓöÇΓöÇΓöÇΓöÇΓöÇΓöÇΓöÇΓöÇΓöÇΓöÇΓöÇΓöÇΓöÇΓöÇΓöÇΓöÇΓöÇΓöÇΓöÇΓöÇΓöÇΓöÇΓöÇΓöÇΓöÇΓöÇΓöÇΓöÇΓöÇΓöÇΓöÇΓöÇΓöÇΓöÇΓöÇΓöÇΓöÇΓöÇΓöÇΓöÇΓöÇΓöÇΓöÇΓöÇΓöÇΓöÇΓöÇΓöÇΓöÇΓöÇΓöÇΓöÇΓöÇΓöÇΓöÇΓöÇΓöÇΓöÇΓöÇΓöÇΓöÇΓöÇΓöÇΓöÇΓöÇΓöÇΓöÇΓöÇΓöÇΓöÇ  
   FAILED  Tests\Feature\AuthTest > user login                                                                                                         
  Expected response status code [200] but received 404.
Failed asserting that 404 is identical to 200.

  at tests\Feature\AuthTest.php:134
    130Γûò             'email' => 'marko@example.com',
    131Γûò             'password' => 'password123',
    132Γûò         ]);
    133Γûò 
  Γ₧£ 134Γûò         $response->assertStatus(200);
    135Γûò         $response->assertJsonStructure(['token', 'user']);
    136Γûò     }
    137Γûò 
    138Γûò     /**

  ΓöÇΓöÇΓöÇΓöÇΓöÇΓöÇΓöÇΓöÇΓöÇΓöÇΓöÇΓöÇΓöÇΓöÇΓöÇΓöÇΓöÇΓöÇΓöÇΓöÇΓöÇΓöÇΓöÇΓöÇΓöÇΓöÇΓöÇΓöÇΓöÇΓöÇΓöÇΓöÇΓöÇΓöÇΓöÇΓöÇΓöÇΓöÇΓöÇΓöÇΓöÇΓöÇΓöÇΓöÇΓöÇΓöÇΓöÇΓöÇΓöÇΓöÇΓöÇΓöÇΓöÇΓöÇΓöÇΓöÇΓöÇΓöÇΓöÇΓöÇΓöÇΓöÇΓöÇΓöÇΓöÇΓöÇΓöÇΓöÇΓöÇΓöÇΓöÇΓöÇΓöÇΓöÇΓöÇΓöÇΓöÇΓöÇΓöÇΓöÇΓöÇΓöÇΓöÇΓöÇΓöÇΓöÇΓöÇΓöÇΓöÇΓöÇΓöÇΓöÇΓöÇΓöÇΓöÇΓöÇΓöÇΓöÇΓöÇΓöÇΓöÇΓöÇΓöÇΓöÇΓöÇΓöÇΓöÇΓöÇΓöÇΓöÇΓöÇΓöÇΓöÇΓöÇΓöÇΓöÇΓöÇΓöÇΓöÇΓöÇΓöÇΓöÇΓöÇΓöÇΓöÇΓöÇΓöÇΓöÇΓöÇΓöÇΓöÇΓöÇΓöÇΓöÇΓöÇΓöÇΓöÇΓöÇΓöÇΓöÇΓöÇΓöÇΓöÇΓöÇΓöÇΓöÇΓöÇ  
   FAILED  Tests\Feature\AuthTest > login with invalid credentials                                                                                     
  Expected response status code [401] but received 404.
Failed asserting that 404 is identical to 401.

  at tests\Feature\AuthTest.php:153
    149Γûò             'email' => 'marko@example.com',
    150Γûò             'password' => 'wrongpassword',
    151Γûò         ]);
    152Γûò 
  Γ₧£ 153Γûò         $response->assertStatus(401);
    154Γûò     }
    155Γûò 
    156Γûò     /**
    157Γûò      * Test login with non-existent user

  ΓöÇΓöÇΓöÇΓöÇΓöÇΓöÇΓöÇΓöÇΓöÇΓöÇΓöÇΓöÇΓöÇΓöÇΓöÇΓöÇΓöÇΓöÇΓöÇΓöÇΓöÇΓöÇΓöÇΓöÇΓöÇΓöÇΓöÇΓöÇΓöÇΓöÇΓöÇΓöÇΓöÇΓöÇΓöÇΓöÇΓöÇΓöÇΓöÇΓöÇΓöÇΓöÇΓöÇΓöÇΓöÇΓöÇΓöÇΓöÇΓöÇΓöÇΓöÇΓöÇΓöÇΓöÇΓöÇΓöÇΓöÇΓöÇΓöÇΓöÇΓöÇΓöÇΓöÇΓöÇΓöÇΓöÇΓöÇΓöÇΓöÇΓöÇΓöÇΓöÇΓöÇΓöÇΓöÇΓöÇΓöÇΓöÇΓöÇΓöÇΓöÇΓöÇΓöÇΓöÇΓöÇΓöÇΓöÇΓöÇΓöÇΓöÇΓöÇΓöÇΓöÇΓöÇΓöÇΓöÇΓöÇΓöÇΓöÇΓöÇΓöÇΓöÇΓöÇΓöÇΓöÇΓöÇΓöÇΓöÇΓöÇΓöÇΓöÇΓöÇΓöÇΓöÇΓöÇΓöÇΓöÇΓöÇΓöÇΓöÇΓöÇΓöÇΓöÇΓöÇΓöÇΓöÇΓöÇΓöÇΓöÇΓöÇΓöÇΓöÇΓöÇΓöÇΓöÇΓöÇΓöÇΓöÇΓöÇΓöÇΓöÇΓöÇΓöÇΓöÇΓöÇΓöÇΓöÇ  
   FAILED  Tests\Feature\AuthTest > login with non existent user                                                                                       
  Expected response status code [401] but received 404.
Failed asserting that 404 is identical to 401.

  at tests\Feature\AuthTest.php:166
    162Γûò             'email' => 'nonexistent@example.com',
    163Γûò             'password' => 'password123',
    164Γûò         ]);
    165Γûò 
  Γ₧£ 166Γûò         $response->assertStatus(401);
    167Γûò     }
    168Γûò 
    169Γûò     /**
    170Γûò      * Test user logout

  ΓöÇΓöÇΓöÇΓöÇΓöÇΓöÇΓöÇΓöÇΓöÇΓöÇΓöÇΓöÇΓöÇΓöÇΓöÇΓöÇΓöÇΓöÇΓöÇΓöÇΓöÇΓöÇΓöÇΓöÇΓöÇΓöÇΓöÇΓöÇΓöÇΓöÇΓöÇΓöÇΓöÇΓöÇΓöÇΓöÇΓöÇΓöÇΓöÇΓöÇΓöÇΓöÇΓöÇΓöÇΓöÇΓöÇΓöÇΓöÇΓöÇΓöÇΓöÇΓöÇΓöÇΓöÇΓöÇΓöÇΓöÇΓöÇΓöÇΓöÇΓöÇΓöÇΓöÇΓöÇΓöÇΓöÇΓöÇΓöÇΓöÇΓöÇΓöÇΓöÇΓöÇΓöÇΓöÇΓöÇΓöÇΓöÇΓöÇΓöÇΓöÇΓöÇΓöÇΓöÇΓöÇΓöÇΓöÇΓöÇΓöÇΓöÇΓöÇΓöÇΓöÇΓöÇΓöÇΓöÇΓöÇΓöÇΓöÇΓöÇΓöÇΓöÇΓöÇΓöÇΓöÇΓöÇΓöÇΓöÇΓöÇΓöÇΓöÇΓöÇΓöÇΓöÇΓöÇΓöÇΓöÇΓöÇΓöÇΓöÇΓöÇΓöÇΓöÇΓöÇΓöÇΓöÇΓöÇΓöÇΓöÇΓöÇΓöÇΓöÇΓöÇΓöÇΓöÇΓöÇΓöÇΓöÇΓöÇΓöÇΓöÇΓöÇΓöÇΓöÇΓöÇΓöÇΓöÇ  
   FAILED  Tests\Feature\AuthTest > user logout                                                                                                        
  Expected response status code [200] but received 404.
Failed asserting that 404 is identical to 200.

  at tests\Feature\AuthTest.php:178
    174Γûò         $user = User::factory()->create();
    175Γûò 
    176Γûò         $response = $this->actingAs($user)->postJson('/api/v1/auth/logout');
    177Γûò 
  Γ₧£ 178Γûò         $response->assertStatus(200);
    179Γûò     }
    180Γûò 
    181Γûò     /**
    182Γûò      * Test getting authenticated user

  ΓöÇΓöÇΓöÇΓöÇΓöÇΓöÇΓöÇΓöÇΓöÇΓöÇΓöÇΓöÇΓöÇΓöÇΓöÇΓöÇΓöÇΓöÇΓöÇΓöÇΓöÇΓöÇΓöÇΓöÇΓöÇΓöÇΓöÇΓöÇΓöÇΓöÇΓöÇΓöÇΓöÇΓöÇΓöÇΓöÇΓöÇΓöÇΓöÇΓöÇΓöÇΓöÇΓöÇΓöÇΓöÇΓöÇΓöÇΓöÇΓöÇΓöÇΓöÇΓöÇΓöÇΓöÇΓöÇΓöÇΓöÇΓöÇΓöÇΓöÇΓöÇΓöÇΓöÇΓöÇΓöÇΓöÇΓöÇΓöÇΓöÇΓöÇΓöÇΓöÇΓöÇΓöÇΓöÇΓöÇΓöÇΓöÇΓöÇΓöÇΓöÇΓöÇΓöÇΓöÇΓöÇΓöÇΓöÇΓöÇΓöÇΓöÇΓöÇΓöÇΓöÇΓöÇΓöÇΓöÇΓöÇΓöÇΓöÇΓöÇΓöÇΓöÇΓöÇΓöÇΓöÇΓöÇΓöÇΓöÇΓöÇΓöÇΓöÇΓöÇΓöÇΓöÇΓöÇΓöÇΓöÇΓöÇΓöÇΓöÇΓöÇΓöÇΓöÇΓöÇΓöÇΓöÇΓöÇΓöÇΓöÇΓöÇΓöÇΓöÇΓöÇΓöÇΓöÇΓöÇΓöÇΓöÇΓöÇΓöÇΓöÇΓöÇΓöÇΓöÇΓöÇΓöÇΓöÇ  
   FAILED  Tests\Feature\AuthTest > get authenticated user                                                                                             
  Expected response status code [200] but received 404.
Failed asserting that 404 is identical to 200.

  at tests\Feature\AuthTest.php:190
    186Γûò         $user = User::factory()->create();
    187Γûò 
    188Γûò         $response = $this->actingAs($user)->getJson('/api/v1/auth/me');
    189Γûò 
  Γ₧£ 190Γûò         $response->assertStatus(200);
    191Γûò         $this->assertEquals($user->id, $response->json('data.id'));
    192Γûò     }
    193Γûò 
    194Γûò     /**

  ΓöÇΓöÇΓöÇΓöÇΓöÇΓöÇΓöÇΓöÇΓöÇΓöÇΓöÇΓöÇΓöÇΓöÇΓöÇΓöÇΓöÇΓöÇΓöÇΓöÇΓöÇΓöÇΓöÇΓöÇΓöÇΓöÇΓöÇΓöÇΓöÇΓöÇΓöÇΓöÇΓöÇΓöÇΓöÇΓöÇΓöÇΓöÇΓöÇΓöÇΓöÇΓöÇΓöÇΓöÇΓöÇΓöÇΓöÇΓöÇΓöÇΓöÇΓöÇΓöÇΓöÇΓöÇΓöÇΓöÇΓöÇΓöÇΓöÇΓöÇΓöÇΓöÇΓöÇΓöÇΓöÇΓöÇΓöÇΓöÇΓöÇΓöÇΓöÇΓöÇΓöÇΓöÇΓöÇΓöÇΓöÇΓöÇΓöÇΓöÇΓöÇΓöÇΓöÇΓöÇΓöÇΓöÇΓöÇΓöÇΓöÇΓöÇΓöÇΓöÇΓöÇΓöÇΓöÇΓöÇΓöÇΓöÇΓöÇΓöÇΓöÇΓöÇΓöÇΓöÇΓöÇΓöÇΓöÇΓöÇΓöÇΓöÇΓöÇΓöÇΓöÇΓöÇΓöÇΓöÇΓöÇΓöÇΓöÇΓöÇΓöÇΓöÇΓöÇΓöÇΓöÇΓöÇΓöÇΓöÇΓöÇΓöÇΓöÇΓöÇΓöÇΓöÇΓöÇΓöÇΓöÇΓöÇΓöÇΓöÇΓöÇΓöÇΓöÇΓöÇΓöÇΓöÇΓöÇ  
   FAILED  Tests\Feature\AuthTest > unauthenticated user cannot access protected route                                                                 
  Expected response status code [401] but received 404.
Failed asserting that 404 is identical to 401.

  at tests\Feature\AuthTest.php:201
    197Γûò     public function test_unauthenticated_user_cannot_access_protected_route(): void
    198Γûò     {
    199Γûò         $response = $this->getJson('/api/v1/auth/me');
    200Γûò 
  Γ₧£ 201Γûò         $response->assertStatus(401);
    202Γûò     }
    203Γûò 
    204Γûò     /**
    205Γûò      * Test password reset request

  ΓöÇΓöÇΓöÇΓöÇΓöÇΓöÇΓöÇΓöÇΓöÇΓöÇΓöÇΓöÇΓöÇΓöÇΓöÇΓöÇΓöÇΓöÇΓöÇΓöÇΓöÇΓöÇΓöÇΓöÇΓöÇΓöÇΓöÇΓöÇΓöÇΓöÇΓöÇΓöÇΓöÇΓöÇΓöÇΓöÇΓöÇΓöÇΓöÇΓöÇΓöÇΓöÇΓöÇΓöÇΓöÇΓöÇΓöÇΓöÇΓöÇΓöÇΓöÇΓöÇΓöÇΓöÇΓöÇΓöÇΓöÇΓöÇΓöÇΓöÇΓöÇΓöÇΓöÇΓöÇΓöÇΓöÇΓöÇΓöÇΓöÇΓöÇΓöÇΓöÇΓöÇΓöÇΓöÇΓöÇΓöÇΓöÇΓöÇΓöÇΓöÇΓöÇΓöÇΓöÇΓöÇΓöÇΓöÇΓöÇΓöÇΓöÇΓöÇΓöÇΓöÇΓöÇΓöÇΓöÇΓöÇΓöÇΓöÇΓöÇΓöÇΓöÇΓöÇΓöÇΓöÇΓöÇΓöÇΓöÇΓöÇΓöÇΓöÇΓöÇΓöÇΓöÇΓöÇΓöÇΓöÇΓöÇΓöÇΓöÇΓöÇΓöÇΓöÇΓöÇΓöÇΓöÇΓöÇΓöÇΓöÇΓöÇΓöÇΓöÇΓöÇΓöÇΓöÇΓöÇΓöÇΓöÇΓöÇΓöÇΓöÇΓöÇΓöÇΓöÇΓöÇΓöÇΓöÇ  
   FAILED  Tests\Feature\AuthTest > password reset request                                                                                             
  Expected response status code [200] but received 404.
Failed asserting that 404 is identical to 200.

  at tests\Feature\AuthTest.php:215
    211Γûò         $response = $this->postJson('/api/v1/auth/forgot-password', [
    212Γûò             'email' => 'marko@example.com',
    213Γûò         ]);
    214Γûò 
  Γ₧£ 215Γûò         $response->assertStatus(200);
    216Γûò     }
    217Γûò 
    218Γûò     /**
    219Γûò      * Test password reset with invalid email

  ΓöÇΓöÇΓöÇΓöÇΓöÇΓöÇΓöÇΓöÇΓöÇΓöÇΓöÇΓöÇΓöÇΓöÇΓöÇΓöÇΓöÇΓöÇΓöÇΓöÇΓöÇΓöÇΓöÇΓöÇΓöÇΓöÇΓöÇΓöÇΓöÇΓöÇΓöÇΓöÇΓöÇΓöÇΓöÇΓöÇΓöÇΓöÇΓöÇΓöÇΓöÇΓöÇΓöÇΓöÇΓöÇΓöÇΓöÇΓöÇΓöÇΓöÇΓöÇΓöÇΓöÇΓöÇΓöÇΓöÇΓöÇΓöÇΓöÇΓöÇΓöÇΓöÇΓöÇΓöÇΓöÇΓöÇΓöÇΓöÇΓöÇΓöÇΓöÇΓöÇΓöÇΓöÇΓöÇΓöÇΓöÇΓöÇΓöÇΓöÇΓöÇΓöÇΓöÇΓöÇΓöÇΓöÇΓöÇΓöÇΓöÇΓöÇΓöÇΓöÇΓöÇΓöÇΓöÇΓöÇΓöÇΓöÇΓöÇΓöÇΓöÇΓöÇΓöÇΓöÇΓöÇΓöÇΓöÇΓöÇΓöÇΓöÇΓöÇΓöÇΓöÇΓöÇΓöÇΓöÇΓöÇΓöÇΓöÇΓöÇΓöÇΓöÇΓöÇΓöÇΓöÇΓöÇΓöÇΓöÇΓöÇΓöÇΓöÇΓöÇΓöÇΓöÇΓöÇΓöÇΓöÇΓöÇΓöÇΓöÇΓöÇΓöÇΓöÇΓöÇΓöÇΓöÇΓöÇ  
   FAILED  Tests\Feature\AuthTest > password reset with invalid email                                                                                  
  Expected response status code [422] but received 404.
Failed asserting that 404 is identical to 422.

  at tests\Feature\AuthTest.php:227
    223Γûò         $response = $this->postJson('/api/v1/auth/forgot-password', [
    224Γûò             'email' => 'nonexistent@example.com',
    225Γûò         ]);
    226Γûò 
  Γ₧£ 227Γûò         $response->assertStatus(422);
    228Γûò     }
    229Γûò 
    230Γûò     /**
    231Γûò      * Test user profile update

  ΓöÇΓöÇΓöÇΓöÇΓöÇΓöÇΓöÇΓöÇΓöÇΓöÇΓöÇΓöÇΓöÇΓöÇΓöÇΓöÇΓöÇΓöÇΓöÇΓöÇΓöÇΓöÇΓöÇΓöÇΓöÇΓöÇΓöÇΓöÇΓöÇΓöÇΓöÇΓöÇΓöÇΓöÇΓöÇΓöÇΓöÇΓöÇΓöÇΓöÇΓöÇΓöÇΓöÇΓöÇΓöÇΓöÇΓöÇΓöÇΓöÇΓöÇΓöÇΓöÇΓöÇΓöÇΓöÇΓöÇΓöÇΓöÇΓöÇΓöÇΓöÇΓöÇΓöÇΓöÇΓöÇΓöÇΓöÇΓöÇΓöÇΓöÇΓöÇΓöÇΓöÇΓöÇΓöÇΓöÇΓöÇΓöÇΓöÇΓöÇΓöÇΓöÇΓöÇΓöÇΓöÇΓöÇΓöÇΓöÇΓöÇΓöÇΓöÇΓöÇΓöÇΓöÇΓöÇΓöÇΓöÇΓöÇΓöÇΓöÇΓöÇΓöÇΓöÇΓöÇΓöÇΓöÇΓöÇΓöÇΓöÇΓöÇΓöÇΓöÇΓöÇΓöÇΓöÇΓöÇΓöÇΓöÇΓöÇΓöÇΓöÇΓöÇΓöÇΓöÇΓöÇΓöÇΓöÇΓöÇΓöÇΓöÇΓöÇΓöÇΓöÇΓöÇΓöÇΓöÇΓöÇΓöÇΓöÇΓöÇΓöÇΓöÇΓöÇΓöÇΓöÇΓöÇΓöÇ  
   FAILED  Tests\Feature\AuthTest > user profile update                                                                                                
  Expected response status code [200] but received 404.
Failed asserting that 404 is identical to 200.

  at tests\Feature\AuthTest.php:243
    239Γûò             'phone' => '061234567',
    240Γûò             'city' => 'Sarajevo',
    241Γûò         ]);
    242Γûò 
  Γ₧£ 243Γûò         $response->assertStatus(200);
    244Γûò         $this->assertDatabaseHas('users', [
    245Γûò             'id' => $user->id,
    246Γûò             'name' => 'Updated Name',
    247Γûò         ]);

  ΓöÇΓöÇΓöÇΓöÇΓöÇΓöÇΓöÇΓöÇΓöÇΓöÇΓöÇΓöÇΓöÇΓöÇΓöÇΓöÇΓöÇΓöÇΓöÇΓöÇΓöÇΓöÇΓöÇΓöÇΓöÇΓöÇΓöÇΓöÇΓöÇΓöÇΓöÇΓöÇΓöÇΓöÇΓöÇΓöÇΓöÇΓöÇΓöÇΓöÇΓöÇΓöÇΓöÇΓöÇΓöÇΓöÇΓöÇΓöÇΓöÇΓöÇΓöÇΓöÇΓöÇΓöÇΓöÇΓöÇΓöÇΓöÇΓöÇΓöÇΓöÇΓöÇΓöÇΓöÇΓöÇΓöÇΓöÇΓöÇΓöÇΓöÇΓöÇΓöÇΓöÇΓöÇΓöÇΓöÇΓöÇΓöÇΓöÇΓöÇΓöÇΓöÇΓöÇΓöÇΓöÇΓöÇΓöÇΓöÇΓöÇΓöÇΓöÇΓöÇΓöÇΓöÇΓöÇΓöÇΓöÇΓöÇΓöÇΓöÇΓöÇΓöÇΓöÇΓöÇΓöÇΓöÇΓöÇΓöÇΓöÇΓöÇΓöÇΓöÇΓöÇΓöÇΓöÇΓöÇΓöÇΓöÇΓöÇΓöÇΓöÇΓöÇΓöÇΓöÇΓöÇΓöÇΓöÇΓöÇΓöÇΓöÇΓöÇΓöÇΓöÇΓöÇΓöÇΓöÇΓöÇΓöÇΓöÇΓöÇΓöÇΓöÇΓöÇΓöÇΓöÇΓöÇΓöÇ  
   FAILED  Tests\Feature\AuthTest > change password                                                                                                    
  Expected response status code [200] but received 404.
Failed asserting that 404 is identical to 200.

  at tests\Feature\AuthTest.php:265
    261Γûò             'password' => 'newpassword123',
    262Γûò             'password_confirmation' => 'newpassword123',
    263Γûò         ]);
    264Γûò 
  Γ₧£ 265Γûò         $response->assertStatus(200);
    266Γûò     }
    267Γûò 
    268Γûò     /**
    269Γûò      * Test changing password with wrong current password

  ΓöÇΓöÇΓöÇΓöÇΓöÇΓöÇΓöÇΓöÇΓöÇΓöÇΓöÇΓöÇΓöÇΓöÇΓöÇΓöÇΓöÇΓöÇΓöÇΓöÇΓöÇΓöÇΓöÇΓöÇΓöÇΓöÇΓöÇΓöÇΓöÇΓöÇΓöÇΓöÇΓöÇΓöÇΓöÇΓöÇΓöÇΓöÇΓöÇΓöÇΓöÇΓöÇΓöÇΓöÇΓöÇΓöÇΓöÇΓöÇΓöÇΓöÇΓöÇΓöÇΓöÇΓöÇΓöÇΓöÇΓöÇΓöÇΓöÇΓöÇΓöÇΓöÇΓöÇΓöÇΓöÇΓöÇΓöÇΓöÇΓöÇΓöÇΓöÇΓöÇΓöÇΓöÇΓöÇΓöÇΓöÇΓöÇΓöÇΓöÇΓöÇΓöÇΓöÇΓöÇΓöÇΓöÇΓöÇΓöÇΓöÇΓöÇΓöÇΓöÇΓöÇΓöÇΓöÇΓöÇΓöÇΓöÇΓöÇΓöÇΓöÇΓöÇΓöÇΓöÇΓöÇΓöÇΓöÇΓöÇΓöÇΓöÇΓöÇΓöÇΓöÇΓöÇΓöÇΓöÇΓöÇΓöÇΓöÇΓöÇΓöÇΓöÇΓöÇΓöÇΓöÇΓöÇΓöÇΓöÇΓöÇΓöÇΓöÇΓöÇΓöÇΓöÇΓöÇΓöÇΓöÇΓöÇΓöÇΓöÇΓöÇΓöÇΓöÇΓöÇΓöÇΓöÇΓöÇ  
   FAILED  Tests\Feature\AuthTest > change password with wrong current password                                                                        
  Expected response status code [422] but received 404.
Failed asserting that 404 is identical to 422.

  at tests\Feature\AuthTest.php:283
    279Γûò             'password' => 'newpassword123',
    280Γûò             'password_confirmation' => 'newpassword123',
    281Γûò         ]);
    282Γûò 
  Γ₧£ 283Γûò         $response->assertStatus(422);
    284Γûò     }
    285Γûò 
    286Γûò     /**
    287Γûò      * Test salon registration

  ΓöÇΓöÇΓöÇΓöÇΓöÇΓöÇΓöÇΓöÇΓöÇΓöÇΓöÇΓöÇΓöÇΓöÇΓöÇΓöÇΓöÇΓöÇΓöÇΓöÇΓöÇΓöÇΓöÇΓöÇΓöÇΓöÇΓöÇΓöÇΓöÇΓöÇΓöÇΓöÇΓöÇΓöÇΓöÇΓöÇΓöÇΓöÇΓöÇΓöÇΓöÇΓöÇΓöÇΓöÇΓöÇΓöÇΓöÇΓöÇΓöÇΓöÇΓöÇΓöÇΓöÇΓöÇΓöÇΓöÇΓöÇΓöÇΓöÇΓöÇΓöÇΓöÇΓöÇΓöÇΓöÇΓöÇΓöÇΓöÇΓöÇΓöÇΓöÇΓöÇΓöÇΓöÇΓöÇΓöÇΓöÇΓöÇΓöÇΓöÇΓöÇΓöÇΓöÇΓöÇΓöÇΓöÇΓöÇΓöÇΓöÇΓöÇΓöÇΓöÇΓöÇΓöÇΓöÇΓöÇΓöÇΓöÇΓöÇΓöÇΓöÇΓöÇΓöÇΓöÇΓöÇΓöÇΓöÇΓöÇΓöÇΓöÇΓöÇΓöÇΓöÇΓöÇΓöÇΓöÇΓöÇΓöÇΓöÇΓöÇΓöÇΓöÇΓöÇΓöÇΓöÇΓöÇΓöÇΓöÇΓöÇΓöÇΓöÇΓöÇΓöÇΓöÇΓöÇΓöÇΓöÇΓöÇΓöÇΓöÇΓöÇΓöÇΓöÇΓöÇΓöÇΓöÇΓöÇ  
   FAILED  Tests\Feature\AuthTest > salon registration                                                                                                 
  Expected response status code [201] but received 404.
Failed asserting that 404 is identical to 201.

  at tests\Feature\AuthTest.php:299
    295Γûò             'password_confirmation' => 'password123',
    296Γûò             'role' => 'salon',
    297Γûò         ]);
    298Γûò 
  Γ₧£ 299Γûò         $response->assertStatus(201);
    300Γûò         $this->assertDatabaseHas('users', [
    301Γûò             'email' => 'salon@example.com',
    302Γûò             'role' => 'salon',
    303Γûò         ]);

  ΓöÇΓöÇΓöÇΓöÇΓöÇΓöÇΓöÇΓöÇΓöÇΓöÇΓöÇΓöÇΓöÇΓöÇΓöÇΓöÇΓöÇΓöÇΓöÇΓöÇΓöÇΓöÇΓöÇΓöÇΓöÇΓöÇΓöÇΓöÇΓöÇΓöÇΓöÇΓöÇΓöÇΓöÇΓöÇΓöÇΓöÇΓöÇΓöÇΓöÇΓöÇΓöÇΓöÇΓöÇΓöÇΓöÇΓöÇΓöÇΓöÇΓöÇΓöÇΓöÇΓöÇΓöÇΓöÇΓöÇΓöÇΓöÇΓöÇΓöÇΓöÇΓöÇΓöÇΓöÇΓöÇΓöÇΓöÇΓöÇΓöÇΓöÇΓöÇΓöÇΓöÇΓöÇΓöÇΓöÇΓöÇΓöÇΓöÇΓöÇΓöÇΓöÇΓöÇΓöÇΓöÇΓöÇΓöÇΓöÇΓöÇΓöÇΓöÇΓöÇΓöÇΓöÇΓöÇΓöÇΓöÇΓöÇΓöÇΓöÇΓöÇΓöÇΓöÇΓöÇΓöÇΓöÇΓöÇΓöÇΓöÇΓöÇΓöÇΓöÇΓöÇΓöÇΓöÇΓöÇΓöÇΓöÇΓöÇΓöÇΓöÇΓöÇΓöÇΓöÇΓöÇΓöÇΓöÇΓöÇΓöÇΓöÇΓöÇΓöÇΓöÇΓöÇΓöÇΓöÇΓöÇΓöÇΓöÇΓöÇΓöÇΓöÇΓöÇΓöÇΓöÇΓöÇΓöÇ  
   FAILED  Tests\Feature\AuthTest > admin registration should fail                                                                                     
  Expected response status code [422] but received 404.
Failed asserting that 404 is identical to 422.

  at tests\Feature\AuthTest.php:319
    315Γûò             'password_confirmation' => 'password123',
    316Γûò             'role' => 'admin',
    317Γûò         ]);
    318Γûò 
  Γ₧£ 319Γûò         $response->assertStatus(422);
    320Γûò     }
    321Γûò }
    322Γûò

  ΓöÇΓöÇΓöÇΓöÇΓöÇΓöÇΓöÇΓöÇΓöÇΓöÇΓöÇΓöÇΓöÇΓöÇΓöÇΓöÇΓöÇΓöÇΓöÇΓöÇΓöÇΓöÇΓöÇΓöÇΓöÇΓöÇΓöÇΓöÇΓöÇΓöÇΓöÇΓöÇΓöÇΓöÇΓöÇΓöÇΓöÇΓöÇΓöÇΓöÇΓöÇΓöÇΓöÇΓöÇΓöÇΓöÇΓöÇΓöÇΓöÇΓöÇΓöÇΓöÇΓöÇΓöÇΓöÇΓöÇΓöÇΓöÇΓöÇΓöÇΓöÇΓöÇΓöÇΓöÇΓöÇΓöÇΓöÇΓöÇΓöÇΓöÇΓöÇΓöÇΓöÇΓöÇΓöÇΓöÇΓöÇΓöÇΓöÇΓöÇΓöÇΓöÇΓöÇΓöÇΓöÇΓöÇΓöÇΓöÇΓöÇΓöÇΓöÇΓöÇΓöÇΓöÇΓöÇΓöÇΓöÇΓöÇΓöÇΓöÇΓöÇΓöÇΓöÇΓöÇΓöÇΓöÇΓöÇΓöÇΓöÇΓöÇΓöÇΓöÇΓöÇΓöÇΓöÇΓöÇΓöÇΓöÇΓöÇΓöÇΓöÇΓöÇΓöÇΓöÇΓöÇΓöÇΓöÇΓöÇΓöÇΓöÇΓöÇΓöÇΓöÇΓöÇΓöÇΓöÇΓöÇΓöÇΓöÇΓöÇΓöÇΓöÇΓöÇΓöÇΓöÇΓöÇΓöÇ  
   FAILED  Tests\Feature\FavoriteTest > favorite pagination                                                                                            
  Failed asserting that actual size 15 matches expected size 5.

  at tests\Feature\FavoriteTest.php:106
    102Γûò         $response = $this->actingAs($this->client)->getJson('/api/v1/favorites?per_page=5');
    103Γûò 
    104Γûò         $response->assertStatus(200);
    105Γûò         $favorites = $response->json('data');
  Γ₧£ 106Γûò         $this->assertCount(5, $favorites);
    107Γûò     }
    108Γûò 
    109Γûò     /**
    110Γûò      * Test unauthenticated user cannot add favorites

  1   tests\Feature\FavoriteTest.php:106

  ΓöÇΓöÇΓöÇΓöÇΓöÇΓöÇΓöÇΓöÇΓöÇΓöÇΓöÇΓöÇΓöÇΓöÇΓöÇΓöÇΓöÇΓöÇΓöÇΓöÇΓöÇΓöÇΓöÇΓöÇΓöÇΓöÇΓöÇΓöÇΓöÇΓöÇΓöÇΓöÇΓöÇΓöÇΓöÇΓöÇΓöÇΓöÇΓöÇΓöÇΓöÇΓöÇΓöÇΓöÇΓöÇΓöÇΓöÇΓöÇΓöÇΓöÇΓöÇΓöÇΓöÇΓöÇΓöÇΓöÇΓöÇΓöÇΓöÇΓöÇΓöÇΓöÇΓöÇΓöÇΓöÇΓöÇΓöÇΓöÇΓöÇΓöÇΓöÇΓöÇΓöÇΓöÇΓöÇΓöÇΓöÇΓöÇΓöÇΓöÇΓöÇΓöÇΓöÇΓöÇΓöÇΓöÇΓöÇΓöÇΓöÇΓöÇΓöÇΓöÇΓöÇΓöÇΓöÇΓöÇΓöÇΓöÇΓöÇΓöÇΓöÇΓöÇΓöÇΓöÇΓöÇΓöÇΓöÇΓöÇΓöÇΓöÇΓöÇΓöÇΓöÇΓöÇΓöÇΓöÇΓöÇΓöÇΓöÇΓöÇΓöÇΓöÇΓöÇΓöÇΓöÇΓöÇΓöÇΓöÇΓöÇΓöÇΓöÇΓöÇΓöÇΓöÇΓöÇΓöÇΓöÇΓöÇΓöÇΓöÇΓöÇΓöÇΓöÇΓöÇΓöÇΓöÇΓöÇ  
   FAILED  Tests\Feature\FavoriteTest > favorite count in salon details                                                                                
  Failed asserting that null matches expected 2.

  at tests\Feature\FavoriteTest.php:171
    167Γûò 
    168Γûò         $response = $this->getJson("/api/v1/salons/{$this->salon->id}");
    169Γûò 
    170Γûò         $response->assertStatus(200);
  Γ₧£ 171Γûò         $this->assertEquals(2, $response->json('data.favorites_count'));
    172Γûò     }
    173Γûò 
    174Γûò     /**
    175Γûò      * Test salon owner cannot add own salon to favorites

  1   tests\Feature\FavoriteTest.php:171

  ΓöÇΓöÇΓöÇΓöÇΓöÇΓöÇΓöÇΓöÇΓöÇΓöÇΓöÇΓöÇΓöÇΓöÇΓöÇΓöÇΓöÇΓöÇΓöÇΓöÇΓöÇΓöÇΓöÇΓöÇΓöÇΓöÇΓöÇΓöÇΓöÇΓöÇΓöÇΓöÇΓöÇΓöÇΓöÇΓöÇΓöÇΓöÇΓöÇΓöÇΓöÇΓöÇΓöÇΓöÇΓöÇΓöÇΓöÇΓöÇΓöÇΓöÇΓöÇΓöÇΓöÇΓöÇΓöÇΓöÇΓöÇΓöÇΓöÇΓöÇΓöÇΓöÇΓöÇΓöÇΓöÇΓöÇΓöÇΓöÇΓöÇΓöÇΓöÇΓöÇΓöÇΓöÇΓöÇΓöÇΓöÇΓöÇΓöÇΓöÇΓöÇΓöÇΓöÇΓöÇΓöÇΓöÇΓöÇΓöÇΓöÇΓöÇΓöÇΓöÇΓöÇΓöÇΓöÇΓöÇΓöÇΓöÇΓöÇΓöÇΓöÇΓöÇΓöÇΓöÇΓöÇΓöÇΓöÇΓöÇΓöÇΓöÇΓöÇΓöÇΓöÇΓöÇΓöÇΓöÇΓöÇΓöÇΓöÇΓöÇΓöÇΓöÇΓöÇΓöÇΓöÇΓöÇΓöÇΓöÇΓöÇΓöÇΓöÇΓöÇΓöÇΓöÇΓöÇΓöÇΓöÇΓöÇΓöÇΓöÇΓöÇΓöÇΓöÇΓöÇΓöÇΓöÇΓöÇ  
   FAILED  Tests\Feature\FavoriteTest > salon owner cannot add own salon to favorites                                                 QueryException   
  SQLSTATE[42703]: Undefined column: 7 ERROR:  column "user_id" of relation "salons" does not exist
LINE 1: ..."booking_slot_interval", "latitude", "longitude", "user_id",...
                                                             ^ (Connection: pgsql, SQL: insert into "salons" ("name", "slug", "description", "address", "city", "postal_code", "country", "phone", "email", "website", "working_hours", "location", "target_audience", "amenities", "rating", "review_count", "owner_id", "status", "is_verified", "auto_confirm", "booking_slot_interval", "latitude", "longitude", "user_id", "city_slug", "updated_at", "created_at") values (Tromp Inc Salon, sunt-iusto-ipsa-ut-iusto, Et explicabo tempora et facilis nihil vel at. Porro ut non est natus fuga corrupti quaerat. Officiis est dolores sint cum sit eos qui qui., 87743 Destany Village, Turnermouth, 54944-7202, Bosnia and Herzegovina, +1 (669) 810-4871, tito.luettgen@example.net, http://www.oconnell.com/officia-eum-ipsa-dolore-molestiae-distinctio, {"monday":{"start":"09:00","end":"18:00"},"tuesday":{"start":"09:00","end":"18:00"},"wednesday":{"start":"09:00","end":"18:00"},"thursday":{"start":"09:00","end":"18:00"},"friday":{"start":"09:00","end":"18:00"},"saturday":{"start":"10:00","end":"16:00"},"sunday":null}, {"latitude":83.760832,"longitude":120.877844}, {"men":true,"women":true,"children":false}, ["parking","wifi","waiting_area"], 4.1, 2, 120, approved, 1, 0, 30, -38.581842, 7.637705, 119, turnermouth, 2025-12-15 19:13:04, 2025-12-15 19:13:04) returning "id")

  at vendor\laravel\framework\src\Illuminate\Database\Connection.php:822
    818Γûò                     $this->getName(), $query, $this->prepareBindings($bindings), $e
    819Γûò                 );
    820Γûò             }
    821Γûò 
  Γ₧£ 822Γûò             throw new QueryException(
    823Γûò                 $this->getName(), $query, $this->prepareBindings($bindings), $e
    824Γûò             );
    825Γûò         }
    826Γûò     }

  1   vendor\laravel\framework\src\Illuminate\Database\Connection.php:822

  2   vendor\laravel\framework\src\Illuminate\Database\Connection.php:409
      NunoMaduro\Collision\Exceptions\TestException::("SQLSTATE[42703]: Undefined column: 7 ERROR:  column "user_id" of relation "salons" does not exist
LINE 1: ..."booking_slot_interval", "latitude", "longitude", "user_id",...
                                                             ^")

  ΓöÇΓöÇΓöÇΓöÇΓöÇΓöÇΓöÇΓöÇΓöÇΓöÇΓöÇΓöÇΓöÇΓöÇΓöÇΓöÇΓöÇΓöÇΓöÇΓöÇΓöÇΓöÇΓöÇΓöÇΓöÇΓöÇΓöÇΓöÇΓöÇΓöÇΓöÇΓöÇΓöÇΓöÇΓöÇΓöÇΓöÇΓöÇΓöÇΓöÇΓöÇΓöÇΓöÇΓöÇΓöÇΓöÇΓöÇΓöÇΓöÇΓöÇΓöÇΓöÇΓöÇΓöÇΓöÇΓöÇΓöÇΓöÇΓöÇΓöÇΓöÇΓöÇΓöÇΓöÇΓöÇΓöÇΓöÇΓöÇΓöÇΓöÇΓöÇΓöÇΓöÇΓöÇΓöÇΓöÇΓöÇΓöÇΓöÇΓöÇΓöÇΓöÇΓöÇΓöÇΓöÇΓöÇΓöÇΓöÇΓöÇΓöÇΓöÇΓöÇΓöÇΓöÇΓöÇΓöÇΓöÇΓöÇΓöÇΓöÇΓöÇΓöÇΓöÇΓöÇΓöÇΓöÇΓöÇΓöÇΓöÇΓöÇΓöÇΓöÇΓöÇΓöÇΓöÇΓöÇΓöÇΓöÇΓöÇΓöÇΓöÇΓöÇΓöÇΓöÇΓöÇΓöÇΓöÇΓöÇΓöÇΓöÇΓöÇΓöÇΓöÇΓöÇΓöÇΓöÇΓöÇΓöÇΓöÇΓöÇΓöÇΓöÇΓöÇΓöÇΓöÇΓöÇΓöÇ  
   FAILED  Tests\Feature\PublicSearchTest > search returns all approved salons                                                        QueryException   
  SQLSTATE[42703]: Undefined column: 7 ERROR:  column "email" of relation "staff" does not exist
LINE 1: ...sert into "staff" ("salon_id", "user_id", "name", "email", "...
                                                             ^ (Connection: pgsql, SQL: insert into "staff" ("salon_id", "user_id", "name", "email", "phone", "specialization", "bio", "working_hours", "is_active", "auto_confirm", "updated_at", "created_at") values (63, 124, Marko, gkemmer@example.org, 1-458-587-3531, Colorist, Odit quia sapiente enim eveniet magni voluptatem. Dolorem autem porro illo fugit blanditiis. Tempora totam a a necessitatibus id. Aspernatur aliquid et et velit., {"monday":{"start":"08:00","end":"18:00","is_working":true},"tuesday":{"start":"08:00","end":"18:00","is_working":true},"wednesday":{"start":"08:00","end":"18:00","is_working":true},"thursday":{"start":"08:00","end":"18:00","is_working":true},"friday":{"start":"08:00","end":"18:00","is_working":true},"saturday":{"start":"09:00","end":"17:00","is_working":true},"sunday":{"start":"00:00","end":"00:00","is_working":false}}, 1, 0, 2025-12-15 19:13:04, 2025-12-15 19:13:04) returning "id")

  at vendor\laravel\framework\src\Illuminate\Database\Connection.php:822
    818Γûò                     $this->getName(), $query, $this->prepareBindings($bindings), $e
    819Γûò                 );
    820Γûò             }
    821Γûò 
  Γ₧£ 822Γûò             throw new QueryException(
    823Γûò                 $this->getName(), $query, $this->prepareBindings($bindings), $e
    824Γûò             );
    825Γûò         }
    826Γûò     }

  1   vendor\laravel\framework\src\Illuminate\Database\Connection.php:822

  2   vendor\laravel\framework\src\Illuminate\Database\Connection.php:409
      NunoMaduro\Collision\Exceptions\TestException::("SQLSTATE[42703]: Undefined column: 7 ERROR:  column "email" of relation "staff" does not exist
LINE 1: ...sert into "staff" ("salon_id", "user_id", "name", "email", "...
                                                             ^")

  ΓöÇΓöÇΓöÇΓöÇΓöÇΓöÇΓöÇΓöÇΓöÇΓöÇΓöÇΓöÇΓöÇΓöÇΓöÇΓöÇΓöÇΓöÇΓöÇΓöÇΓöÇΓöÇΓöÇΓöÇΓöÇΓöÇΓöÇΓöÇΓöÇΓöÇΓöÇΓöÇΓöÇΓöÇΓöÇΓöÇΓöÇΓöÇΓöÇΓöÇΓöÇΓöÇΓöÇΓöÇΓöÇΓöÇΓöÇΓöÇΓöÇΓöÇΓöÇΓöÇΓöÇΓöÇΓöÇΓöÇΓöÇΓöÇΓöÇΓöÇΓöÇΓöÇΓöÇΓöÇΓöÇΓöÇΓöÇΓöÇΓöÇΓöÇΓöÇΓöÇΓöÇΓöÇΓöÇΓöÇΓöÇΓöÇΓöÇΓöÇΓöÇΓöÇΓöÇΓöÇΓöÇΓöÇΓöÇΓöÇΓöÇΓöÇΓöÇΓöÇΓöÇΓöÇΓöÇΓöÇΓöÇΓöÇΓöÇΓöÇΓöÇΓöÇΓöÇΓöÇΓöÇΓöÇΓöÇΓöÇΓöÇΓöÇΓöÇΓöÇΓöÇΓöÇΓöÇΓöÇΓöÇΓöÇΓöÇΓöÇΓöÇΓöÇΓöÇΓöÇΓöÇΓöÇΓöÇΓöÇΓöÇΓöÇΓöÇΓöÇΓöÇΓöÇΓöÇΓöÇΓöÇΓöÇΓöÇΓöÇΓöÇΓöÇΓöÇΓöÇΓöÇΓöÇΓöÇ  
   FAILED  Tests\Feature\PublicSearchTest > search filters by city                                                                    QueryException   
  SQLSTATE[42703]: Undefined column: 7 ERROR:  column "email" of relation "staff" does not exist
LINE 1: ...sert into "staff" ("salon_id", "user_id", "name", "email", "...
                                                             ^ (Connection: pgsql, SQL: insert into "staff" ("salon_id", "user_id", "name", "email", "phone", "specialization", "bio", "working_hours", "is_active", "auto_confirm", "updated_at", "created_at") values (66, 128, Marko, matilde61@example.org, +1.757.952.0130, Colorist, Est repellendus enim suscipit ab voluptate assumenda sit. Cumque sed doloremque harum reiciendis et inventore. Autem quia ullam dolore pariatur eos dolor est nihil., {"monday":{"start":"08:00","end":"18:00","is_working":true},"tuesday":{"start":"08:00","end":"18:00","is_working":true},"wednesday":{"start":"08:00","end":"18:00","is_working":true},"thursday":{"start":"08:00","end":"18:00","is_working":true},"friday":{"start":"08:00","end":"18:00","is_working":true},"saturday":{"start":"09:00","end":"17:00","is_working":true},"sunday":{"start":"00:00","end":"00:00","is_working":false}}, 1, 0, 2025-12-15 19:13:04, 2025-12-15 19:13:04) returning "id")

  at vendor\laravel\framework\src\Illuminate\Database\Connection.php:822
    818Γûò                     $this->getName(), $query, $this->prepareBindings($bindings), $e
    819Γûò                 );
    820Γûò             }
    821Γûò 
  Γ₧£ 822Γûò             throw new QueryException(
    823Γûò                 $this->getName(), $query, $this->prepareBindings($bindings), $e
    824Γûò             );
    825Γûò         }
    826Γûò     }

  1   vendor\laravel\framework\src\Illuminate\Database\Connection.php:822

  2   vendor\laravel\framework\src\Illuminate\Database\Connection.php:409
      NunoMaduro\Collision\Exceptions\TestException::("SQLSTATE[42703]: Undefined column: 7 ERROR:  column "email" of relation "staff" does not exist
LINE 1: ...sert into "staff" ("salon_id", "user_id", "name", "email", "...
                                                             ^")

  ΓöÇΓöÇΓöÇΓöÇΓöÇΓöÇΓöÇΓöÇΓöÇΓöÇΓöÇΓöÇΓöÇΓöÇΓöÇΓöÇΓöÇΓöÇΓöÇΓöÇΓöÇΓöÇΓöÇΓöÇΓöÇΓöÇΓöÇΓöÇΓöÇΓöÇΓöÇΓöÇΓöÇΓöÇΓöÇΓöÇΓöÇΓöÇΓöÇΓöÇΓöÇΓöÇΓöÇΓöÇΓöÇΓöÇΓöÇΓöÇΓöÇΓöÇΓöÇΓöÇΓöÇΓöÇΓöÇΓöÇΓöÇΓöÇΓöÇΓöÇΓöÇΓöÇΓöÇΓöÇΓöÇΓöÇΓöÇΓöÇΓöÇΓöÇΓöÇΓöÇΓöÇΓöÇΓöÇΓöÇΓöÇΓöÇΓöÇΓöÇΓöÇΓöÇΓöÇΓöÇΓöÇΓöÇΓöÇΓöÇΓöÇΓöÇΓöÇΓöÇΓöÇΓöÇΓöÇΓöÇΓöÇΓöÇΓöÇΓöÇΓöÇΓöÇΓöÇΓöÇΓöÇΓöÇΓöÇΓöÇΓöÇΓöÇΓöÇΓöÇΓöÇΓöÇΓöÇΓöÇΓöÇΓöÇΓöÇΓöÇΓöÇΓöÇΓöÇΓöÇΓöÇΓöÇΓöÇΓöÇΓöÇΓöÇΓöÇΓöÇΓöÇΓöÇΓöÇΓöÇΓöÇΓöÇΓöÇΓöÇΓöÇΓöÇΓöÇΓöÇΓöÇΓöÇΓöÇ  
   FAILED  Tests\Feature\PublicSearchTest > search filters by name                                                                    QueryException   
  SQLSTATE[42703]: Undefined column: 7 ERROR:  column "email" of relation "staff" does not exist
LINE 1: ...sert into "staff" ("salon_id", "user_id", "name", "email", "...
                                                             ^ (Connection: pgsql, SQL: insert into "staff" ("salon_id", "user_id", "name", "email", "phone", "specialization", "bio", "working_hours", "is_active", "auto_confirm", "updated_at", "created_at") values (69, 132, Marko, kelley19@example.net, +1-814-299-6136, Hairdresser, Omnis illo libero doloremque unde maiores. Et temporibus minima similique eveniet aut doloribus enim., {"monday":{"start":"08:00","end":"18:00","is_working":true},"tuesday":{"start":"08:00","end":"18:00","is_working":true},"wednesday":{"start":"08:00","end":"18:00","is_working":true},"thursday":{"start":"08:00","end":"18:00","is_working":true},"friday":{"start":"08:00","end":"18:00","is_working":true},"saturday":{"start":"09:00","end":"17:00","is_working":true},"sunday":{"start":"00:00","end":"00:00","is_working":false}}, 1, 0, 2025-12-15 19:13:04, 2025-12-15 19:13:04) returning "id")

  at vendor\laravel\framework\src\Illuminate\Database\Connection.php:822
    818Γûò                     $this->getName(), $query, $this->prepareBindings($bindings), $e
    819Γûò                 );
    820Γûò             }
    821Γûò 
  Γ₧£ 822Γûò             throw new QueryException(
    823Γûò                 $this->getName(), $query, $this->prepareBindings($bindings), $e
    824Γûò             );
    825Γûò         }
    826Γûò     }

  1   vendor\laravel\framework\src\Illuminate\Database\Connection.php:822

  2   vendor\laravel\framework\src\Illuminate\Database\Connection.php:409
      NunoMaduro\Collision\Exceptions\TestException::("SQLSTATE[42703]: Undefined column: 7 ERROR:  column "email" of relation "staff" does not exist
LINE 1: ...sert into "staff" ("salon_id", "user_id", "name", "email", "...
                                                             ^")

  ΓöÇΓöÇΓöÇΓöÇΓöÇΓöÇΓöÇΓöÇΓöÇΓöÇΓöÇΓöÇΓöÇΓöÇΓöÇΓöÇΓöÇΓöÇΓöÇΓöÇΓöÇΓöÇΓöÇΓöÇΓöÇΓöÇΓöÇΓöÇΓöÇΓöÇΓöÇΓöÇΓöÇΓöÇΓöÇΓöÇΓöÇΓöÇΓöÇΓöÇΓöÇΓöÇΓöÇΓöÇΓöÇΓöÇΓöÇΓöÇΓöÇΓöÇΓöÇΓöÇΓöÇΓöÇΓöÇΓöÇΓöÇΓöÇΓöÇΓöÇΓöÇΓöÇΓöÇΓöÇΓöÇΓöÇΓöÇΓöÇΓöÇΓöÇΓöÇΓöÇΓöÇΓöÇΓöÇΓöÇΓöÇΓöÇΓöÇΓöÇΓöÇΓöÇΓöÇΓöÇΓöÇΓöÇΓöÇΓöÇΓöÇΓöÇΓöÇΓöÇΓöÇΓöÇΓöÇΓöÇΓöÇΓöÇΓöÇΓöÇΓöÇΓöÇΓöÇΓöÇΓöÇΓöÇΓöÇΓöÇΓöÇΓöÇΓöÇΓöÇΓöÇΓöÇΓöÇΓöÇΓöÇΓöÇΓöÇΓöÇΓöÇΓöÇΓöÇΓöÇΓöÇΓöÇΓöÇΓöÇΓöÇΓöÇΓöÇΓöÇΓöÇΓöÇΓöÇΓöÇΓöÇΓöÇΓöÇΓöÇΓöÇΓöÇΓöÇΓöÇΓöÇΓöÇΓöÇ  
   FAILED  Tests\Feature\PublicSearchTest > search filters by minimum rating                                                          QueryException   
  SQLSTATE[42703]: Undefined column: 7 ERROR:  column "email" of relation "staff" does not exist
LINE 1: ...sert into "staff" ("salon_id", "user_id", "name", "email", "...
                                                             ^ (Connection: pgsql, SQL: insert into "staff" ("salon_id", "user_id", "name", "email", "phone", "specialization", "bio", "working_hours", "is_active", "auto_confirm", "updated_at", "created_at") values (72, 136, Marko, beahan.omer@example.com, (928) 788-9662, Barber, Veritatis rerum impedit rem. Nesciunt non dolore qui sequi reprehenderit officiis eos. Quo laborum cumque ipsa sit sit. Ullam incidunt nostrum repellat alias. Perferendis magni sapiente dolorem quo sit aperiam., {"monday":{"start":"08:00","end":"18:00","is_working":true},"tuesday":{"start":"08:00","end":"18:00","is_working":true},"wednesday":{"start":"08:00","end":"18:00","is_working":true},"thursday":{"start":"08:00","end":"18:00","is_working":true},"friday":{"start":"08:00","end":"18:00","is_working":true},"saturday":{"start":"09:00","end":"17:00","is_working":true},"sunday":{"start":"00:00","end":"00:00","is_working":false}}, 1, 0, 2025-12-15 19:13:04, 2025-12-15 19:13:04) returning "id")

  at vendor\laravel\framework\src\Illuminate\Database\Connection.php:822
    818Γûò                     $this->getName(), $query, $this->prepareBindings($bindings), $e
    819Γûò                 );
    820Γûò             }
    821Γûò 
  Γ₧£ 822Γûò             throw new QueryException(
    823Γûò                 $this->getName(), $query, $this->prepareBindings($bindings), $e
    824Γûò             );
    825Γûò         }
    826Γûò     }

  1   vendor\laravel\framework\src\Illuminate\Database\Connection.php:822

  2   vendor\laravel\framework\src\Illuminate\Database\Connection.php:409
      NunoMaduro\Collision\Exceptions\TestException::("SQLSTATE[42703]: Undefined column: 7 ERROR:  column "email" of relation "staff" does not exist
LINE 1: ...sert into "staff" ("salon_id", "user_id", "name", "email", "...
                                                             ^")

  ΓöÇΓöÇΓöÇΓöÇΓöÇΓöÇΓöÇΓöÇΓöÇΓöÇΓöÇΓöÇΓöÇΓöÇΓöÇΓöÇΓöÇΓöÇΓöÇΓöÇΓöÇΓöÇΓöÇΓöÇΓöÇΓöÇΓöÇΓöÇΓöÇΓöÇΓöÇΓöÇΓöÇΓöÇΓöÇΓöÇΓöÇΓöÇΓöÇΓöÇΓöÇΓöÇΓöÇΓöÇΓöÇΓöÇΓöÇΓöÇΓöÇΓöÇΓöÇΓöÇΓöÇΓöÇΓöÇΓöÇΓöÇΓöÇΓöÇΓöÇΓöÇΓöÇΓöÇΓöÇΓöÇΓöÇΓöÇΓöÇΓöÇΓöÇΓöÇΓöÇΓöÇΓöÇΓöÇΓöÇΓöÇΓöÇΓöÇΓöÇΓöÇΓöÇΓöÇΓöÇΓöÇΓöÇΓöÇΓöÇΓöÇΓöÇΓöÇΓöÇΓöÇΓöÇΓöÇΓöÇΓöÇΓöÇΓöÇΓöÇΓöÇΓöÇΓöÇΓöÇΓöÇΓöÇΓöÇΓöÇΓöÇΓöÇΓöÇΓöÇΓöÇΓöÇΓöÇΓöÇΓöÇΓöÇΓöÇΓöÇΓöÇΓöÇΓöÇΓöÇΓöÇΓöÇΓöÇΓöÇΓöÇΓöÇΓöÇΓöÇΓöÇΓöÇΓöÇΓöÇΓöÇΓöÇΓöÇΓöÇΓöÇΓöÇΓöÇΓöÇΓöÇΓöÇΓöÇ  
   FAILED  Tests\Feature\PublicSearchTest > search filters by service                                                                 QueryException   
  SQLSTATE[42703]: Undefined column: 7 ERROR:  column "email" of relation "staff" does not exist
LINE 1: ...sert into "staff" ("salon_id", "user_id", "name", "email", "...
                                                             ^ (Connection: pgsql, SQL: insert into "staff" ("salon_id", "user_id", "name", "email", "phone", "specialization", "bio", "working_hours", "is_active", "auto_confirm", "updated_at", "created_at") values (75, 140, Marko, emilio.orn@example.org, +1-973-989-5291, Colorist, Dolor aperiam et ut dignissimos necessitatibus dicta in. Autem magni blanditiis qui totam eaque delectus. Ut consectetur adipisci beatae omnis harum et est eum., {"monday":{"start":"08:00","end":"18:00","is_working":true},"tuesday":{"start":"08:00","end":"18:00","is_working":true},"wednesday":{"start":"08:00","end":"18:00","is_working":true},"thursday":{"start":"08:00","end":"18:00","is_working":true},"friday":{"start":"08:00","end":"18:00","is_working":true},"saturday":{"start":"09:00","end":"17:00","is_working":true},"sunday":{"start":"00:00","end":"00:00","is_working":false}}, 1, 0, 2025-12-15 19:13:04, 2025-12-15 19:13:04) returning "id")

  at vendor\laravel\framework\src\Illuminate\Database\Connection.php:822
    818Γûò                     $this->getName(), $query, $this->prepareBindings($bindings), $e
    819Γûò                 );
    820Γûò             }
    821Γûò 
  Γ₧£ 822Γûò             throw new QueryException(
    823Γûò                 $this->getName(), $query, $this->prepareBindings($bindings), $e
    824Γûò             );
    825Γûò         }
    826Γûò     }

  1   vendor\laravel\framework\src\Illuminate\Database\Connection.php:822

  2   vendor\laravel\framework\src\Illuminate\Database\Connection.php:409
      NunoMaduro\Collision\Exceptions\TestException::("SQLSTATE[42703]: Undefined column: 7 ERROR:  column "email" of relation "staff" does not exist
LINE 1: ...sert into "staff" ("salon_id", "user_id", "name", "email", "...
                                                             ^")

  ΓöÇΓöÇΓöÇΓöÇΓöÇΓöÇΓöÇΓöÇΓöÇΓöÇΓöÇΓöÇΓöÇΓöÇΓöÇΓöÇΓöÇΓöÇΓöÇΓöÇΓöÇΓöÇΓöÇΓöÇΓöÇΓöÇΓöÇΓöÇΓöÇΓöÇΓöÇΓöÇΓöÇΓöÇΓöÇΓöÇΓöÇΓöÇΓöÇΓöÇΓöÇΓöÇΓöÇΓöÇΓöÇΓöÇΓöÇΓöÇΓöÇΓöÇΓöÇΓöÇΓöÇΓöÇΓöÇΓöÇΓöÇΓöÇΓöÇΓöÇΓöÇΓöÇΓöÇΓöÇΓöÇΓöÇΓöÇΓöÇΓöÇΓöÇΓöÇΓöÇΓöÇΓöÇΓöÇΓöÇΓöÇΓöÇΓöÇΓöÇΓöÇΓöÇΓöÇΓöÇΓöÇΓöÇΓöÇΓöÇΓöÇΓöÇΓöÇΓöÇΓöÇΓöÇΓöÇΓöÇΓöÇΓöÇΓöÇΓöÇΓöÇΓöÇΓöÇΓöÇΓöÇΓöÇΓöÇΓöÇΓöÇΓöÇΓöÇΓöÇΓöÇΓöÇΓöÇΓöÇΓöÇΓöÇΓöÇΓöÇΓöÇΓöÇΓöÇΓöÇΓöÇΓöÇΓöÇΓöÇΓöÇΓöÇΓöÇΓöÇΓöÇΓöÇΓöÇΓöÇΓöÇΓöÇΓöÇΓöÇΓöÇΓöÇΓöÇΓöÇΓöÇΓöÇΓöÇ  
   FAILED  Tests\Feature\PublicSearchTest > search filters by date today                                                              QueryException   
  SQLSTATE[42703]: Undefined column: 7 ERROR:  column "email" of relation "staff" does not exist
LINE 1: ...sert into "staff" ("salon_id", "user_id", "name", "email", "...
                                                             ^ (Connection: pgsql, SQL: insert into "staff" ("salon_id", "user_id", "name", "email", "phone", "specialization", "bio", "working_hours", "is_active", "auto_confirm", "updated_at", "created_at") values (78, 144, Marko, aratke@example.com, 267.668.7128, Hairdresser, Cumque ea possimus iusto velit eius dolore dolor nam. Minus assumenda aut aut consequatur architecto. Iusto quidem et et distinctio., {"monday":{"start":"08:00","end":"18:00","is_working":true},"tuesday":{"start":"08:00","end":"18:00","is_working":true},"wednesday":{"start":"08:00","end":"18:00","is_working":true},"thursday":{"start":"08:00","end":"18:00","is_working":true},"friday":{"start":"08:00","end":"18:00","is_working":true},"saturday":{"start":"09:00","end":"17:00","is_working":true},"sunday":{"start":"00:00","end":"00:00","is_working":false}}, 1, 0, 2025-12-15 19:13:04, 2025-12-15 19:13:04) returning "id")

  at vendor\laravel\framework\src\Illuminate\Database\Connection.php:822
    818Γûò                     $this->getName(), $query, $this->prepareBindings($bindings), $e
    819Γûò                 );
    820Γûò             }
    821Γûò 
  Γ₧£ 822Γûò             throw new QueryException(
    823Γûò                 $this->getName(), $query, $this->prepareBindings($bindings), $e
    824Γûò             );
    825Γûò         }
    826Γûò     }

  1   vendor\laravel\framework\src\Illuminate\Database\Connection.php:822

  2   vendor\laravel\framework\src\Illuminate\Database\Connection.php:409
      NunoMaduro\Collision\Exceptions\TestException::("SQLSTATE[42703]: Undefined column: 7 ERROR:  column "email" of relation "staff" does not exist
LINE 1: ...sert into "staff" ("salon_id", "user_id", "name", "email", "...
                                                             ^")

  ΓöÇΓöÇΓöÇΓöÇΓöÇΓöÇΓöÇΓöÇΓöÇΓöÇΓöÇΓöÇΓöÇΓöÇΓöÇΓöÇΓöÇΓöÇΓöÇΓöÇΓöÇΓöÇΓöÇΓöÇΓöÇΓöÇΓöÇΓöÇΓöÇΓöÇΓöÇΓöÇΓöÇΓöÇΓöÇΓöÇΓöÇΓöÇΓöÇΓöÇΓöÇΓöÇΓöÇΓöÇΓöÇΓöÇΓöÇΓöÇΓöÇΓöÇΓöÇΓöÇΓöÇΓöÇΓöÇΓöÇΓöÇΓöÇΓöÇΓöÇΓöÇΓöÇΓöÇΓöÇΓöÇΓöÇΓöÇΓöÇΓöÇΓöÇΓöÇΓöÇΓöÇΓöÇΓöÇΓöÇΓöÇΓöÇΓöÇΓöÇΓöÇΓöÇΓöÇΓöÇΓöÇΓöÇΓöÇΓöÇΓöÇΓöÇΓöÇΓöÇΓöÇΓöÇΓöÇΓöÇΓöÇΓöÇΓöÇΓöÇΓöÇΓöÇΓöÇΓöÇΓöÇΓöÇΓöÇΓöÇΓöÇΓöÇΓöÇΓöÇΓöÇΓöÇΓöÇΓöÇΓöÇΓöÇΓöÇΓöÇΓöÇΓöÇΓöÇΓöÇΓöÇΓöÇΓöÇΓöÇΓöÇΓöÇΓöÇΓöÇΓöÇΓöÇΓöÇΓöÇΓöÇΓöÇΓöÇΓöÇΓöÇΓöÇΓöÇΓöÇΓöÇΓöÇΓöÇ  
   FAILED  Tests\Feature\PublicSearchTest > search filters by time morning                                                            QueryException   
  SQLSTATE[42703]: Undefined column: 7 ERROR:  column "email" of relation "staff" does not exist
LINE 1: ...sert into "staff" ("salon_id", "user_id", "name", "email", "...
                                                             ^ (Connection: pgsql, SQL: insert into "staff" ("salon_id", "user_id", "name", "email", "phone", "specialization", "bio", "working_hours", "is_active", "auto_confirm", "updated_at", "created_at") values (81, 148, Marko, fahey.onie@example.com, 1-505-448-6969, Stylist, Illo voluptatum animi deleniti debitis est. Eveniet sequi velit illo labore aut esse., {"monday":{"start":"08:00","end":"18:00","is_working":true},"tuesday":{"start":"08:00","end":"18:00","is_working":true},"wednesday":{"start":"08:00","end":"18:00","is_working":true},"thursday":{"start":"08:00","end":"18:00","is_working":true},"friday":{"start":"08:00","end":"18:00","is_working":true},"saturday":{"start":"09:00","end":"17:00","is_working":true},"sunday":{"start":"00:00","end":"00:00","is_working":false}}, 1, 0, 2025-12-15 19:13:04, 2025-12-15 19:13:04) returning "id")

  at vendor\laravel\framework\src\Illuminate\Database\Connection.php:822
    818Γûò                     $this->getName(), $query, $this->prepareBindings($bindings), $e
    819Γûò                 );
    820Γûò             }
    821Γûò 
  Γ₧£ 822Γûò             throw new QueryException(
    823Γûò                 $this->getName(), $query, $this->prepareBindings($bindings), $e
    824Γûò             );
    825Γûò         }
    826Γûò     }

  1   vendor\laravel\framework\src\Illuminate\Database\Connection.php:822

  2   vendor\laravel\framework\src\Illuminate\Database\Connection.php:409
      NunoMaduro\Collision\Exceptions\TestException::("SQLSTATE[42703]: Undefined column: 7 ERROR:  column "email" of relation "staff" does not exist
LINE 1: ...sert into "staff" ("salon_id", "user_id", "name", "email", "...
                                                             ^")

  ΓöÇΓöÇΓöÇΓöÇΓöÇΓöÇΓöÇΓöÇΓöÇΓöÇΓöÇΓöÇΓöÇΓöÇΓöÇΓöÇΓöÇΓöÇΓöÇΓöÇΓöÇΓöÇΓöÇΓöÇΓöÇΓöÇΓöÇΓöÇΓöÇΓöÇΓöÇΓöÇΓöÇΓöÇΓöÇΓöÇΓöÇΓöÇΓöÇΓöÇΓöÇΓöÇΓöÇΓöÇΓöÇΓöÇΓöÇΓöÇΓöÇΓöÇΓöÇΓöÇΓöÇΓöÇΓöÇΓöÇΓöÇΓöÇΓöÇΓöÇΓöÇΓöÇΓöÇΓöÇΓöÇΓöÇΓöÇΓöÇΓöÇΓöÇΓöÇΓöÇΓöÇΓöÇΓöÇΓöÇΓöÇΓöÇΓöÇΓöÇΓöÇΓöÇΓöÇΓöÇΓöÇΓöÇΓöÇΓöÇΓöÇΓöÇΓöÇΓöÇΓöÇΓöÇΓöÇΓöÇΓöÇΓöÇΓöÇΓöÇΓöÇΓöÇΓöÇΓöÇΓöÇΓöÇΓöÇΓöÇΓöÇΓöÇΓöÇΓöÇΓöÇΓöÇΓöÇΓöÇΓöÇΓöÇΓöÇΓöÇΓöÇΓöÇΓöÇΓöÇΓöÇΓöÇΓöÇΓöÇΓöÇΓöÇΓöÇΓöÇΓöÇΓöÇΓöÇΓöÇΓöÇΓöÇΓöÇΓöÇΓöÇΓöÇΓöÇΓöÇΓöÇΓöÇΓöÇ  
   FAILED  Tests\Feature\PublicSearchTest > search filters by time late evening                                                       QueryException   
  SQLSTATE[42703]: Undefined column: 7 ERROR:  column "email" of relation "staff" does not exist
LINE 1: ...sert into "staff" ("salon_id", "user_id", "name", "email", "...
                                                             ^ (Connection: pgsql, SQL: insert into "staff" ("salon_id", "user_id", "name", "email", "phone", "specialization", "bio", "working_hours", "is_active", "auto_confirm", "updated_at", "created_at") values (84, 152, Marko, marielle.kulas@example.org, +1-281-915-2062, Barber, Corporis mollitia vero qui et. Qui voluptatibus ut et natus dolorem necessitatibus consectetur voluptatem. Provident autem laborum sit nihil blanditiis. Quis occaecati adipisci excepturi fugit explicabo vero., {"monday":{"start":"08:00","end":"18:00","is_working":true},"tuesday":{"start":"08:00","end":"18:00","is_working":true},"wednesday":{"start":"08:00","end":"18:00","is_working":true},"thursday":{"start":"08:00","end":"18:00","is_working":true},"friday":{"start":"08:00","end":"18:00","is_working":true},"saturday":{"start":"09:00","end":"17:00","is_working":true},"sunday":{"start":"00:00","end":"00:00","is_working":false}}, 1, 0, 2025-12-15 19:13:04, 2025-12-15 19:13:04) returning "id")

  at vendor\laravel\framework\src\Illuminate\Database\Connection.php:822
    818Γûò                     $this->getName(), $query, $this->prepareBindings($bindings), $e
    819Γûò                 );
    820Γûò             }
    821Γûò 
  Γ₧£ 822Γûò             throw new QueryException(
    823Γûò                 $this->getName(), $query, $this->prepareBindings($bindings), $e
    824Γûò             );
    825Γûò         }
    826Γûò     }

  1   vendor\laravel\framework\src\Illuminate\Database\Connection.php:822

  2   vendor\laravel\framework\src\Illuminate\Database\Connection.php:409
      NunoMaduro\Collision\Exceptions\TestException::("SQLSTATE[42703]: Undefined column: 7 ERROR:  column "email" of relation "staff" does not exist
LINE 1: ...sert into "staff" ("salon_id", "user_id", "name", "email", "...
                                                             ^")

  ΓöÇΓöÇΓöÇΓöÇΓöÇΓöÇΓöÇΓöÇΓöÇΓöÇΓöÇΓöÇΓöÇΓöÇΓöÇΓöÇΓöÇΓöÇΓöÇΓöÇΓöÇΓöÇΓöÇΓöÇΓöÇΓöÇΓöÇΓöÇΓöÇΓöÇΓöÇΓöÇΓöÇΓöÇΓöÇΓöÇΓöÇΓöÇΓöÇΓöÇΓöÇΓöÇΓöÇΓöÇΓöÇΓöÇΓöÇΓöÇΓöÇΓöÇΓöÇΓöÇΓöÇΓöÇΓöÇΓöÇΓöÇΓöÇΓöÇΓöÇΓöÇΓöÇΓöÇΓöÇΓöÇΓöÇΓöÇΓöÇΓöÇΓöÇΓöÇΓöÇΓöÇΓöÇΓöÇΓöÇΓöÇΓöÇΓöÇΓöÇΓöÇΓöÇΓöÇΓöÇΓöÇΓöÇΓöÇΓöÇΓöÇΓöÇΓöÇΓöÇΓöÇΓöÇΓöÇΓöÇΓöÇΓöÇΓöÇΓöÇΓöÇΓöÇΓöÇΓöÇΓöÇΓöÇΓöÇΓöÇΓöÇΓöÇΓöÇΓöÇΓöÇΓöÇΓöÇΓöÇΓöÇΓöÇΓöÇΓöÇΓöÇΓöÇΓöÇΓöÇΓöÇΓöÇΓöÇΓöÇΓöÇΓöÇΓöÇΓöÇΓöÇΓöÇΓöÇΓöÇΓöÇΓöÇΓöÇΓöÇΓöÇΓöÇΓöÇΓöÇΓöÇΓöÇΓöÇ  
   FAILED  Tests\Feature\PublicSearchTest > search filters by time early morning                                                      QueryException   
  SQLSTATE[42703]: Undefined column: 7 ERROR:  column "email" of relation "staff" does not exist
LINE 1: ...sert into "staff" ("salon_id", "user_id", "name", "email", "...
                                                             ^ (Connection: pgsql, SQL: insert into "staff" ("salon_id", "user_id", "name", "email", "phone", "specialization", "bio", "working_hours", "is_active", "auto_confirm", "updated_at", "created_at") values (87, 156, Marko, lon.streich@example.com, +1.417.747.3069, Hairdresser, Dolores et sunt ipsa adipisci. Tempora iusto quo velit dolor. Ut et esse sit accusamus., {"monday":{"start":"08:00","end":"18:00","is_working":true},"tuesday":{"start":"08:00","end":"18:00","is_working":true},"wednesday":{"start":"08:00","end":"18:00","is_working":true},"thursday":{"start":"08:00","end":"18:00","is_working":true},"friday":{"start":"08:00","end":"18:00","is_working":true},"saturday":{"start":"09:00","end":"17:00","is_working":true},"sunday":{"start":"00:00","end":"00:00","is_working":false}}, 1, 0, 2025-12-15 19:13:04, 2025-12-15 19:13:04) returning "id")

  at vendor\laravel\framework\src\Illuminate\Database\Connection.php:822
    818Γûò                     $this->getName(), $query, $this->prepareBindings($bindings), $e
    819Γûò                 );
    820Γûò             }
    821Γûò 
  Γ₧£ 822Γûò             throw new QueryException(
    823Γûò                 $this->getName(), $query, $this->prepareBindings($bindings), $e
    824Γûò             );
    825Γûò         }
    826Γûò     }

  1   vendor\laravel\framework\src\Illuminate\Database\Connection.php:822

  2   vendor\laravel\framework\src\Illuminate\Database\Connection.php:409
      NunoMaduro\Collision\Exceptions\TestException::("SQLSTATE[42703]: Undefined column: 7 ERROR:  column "email" of relation "staff" does not exist
LINE 1: ...sert into "staff" ("salon_id", "user_id", "name", "email", "...
                                                             ^")

  ΓöÇΓöÇΓöÇΓöÇΓöÇΓöÇΓöÇΓöÇΓöÇΓöÇΓöÇΓöÇΓöÇΓöÇΓöÇΓöÇΓöÇΓöÇΓöÇΓöÇΓöÇΓöÇΓöÇΓöÇΓöÇΓöÇΓöÇΓöÇΓöÇΓöÇΓöÇΓöÇΓöÇΓöÇΓöÇΓöÇΓöÇΓöÇΓöÇΓöÇΓöÇΓöÇΓöÇΓöÇΓöÇΓöÇΓöÇΓöÇΓöÇΓöÇΓöÇΓöÇΓöÇΓöÇΓöÇΓöÇΓöÇΓöÇΓöÇΓöÇΓöÇΓöÇΓöÇΓöÇΓöÇΓöÇΓöÇΓöÇΓöÇΓöÇΓöÇΓöÇΓöÇΓöÇΓöÇΓöÇΓöÇΓöÇΓöÇΓöÇΓöÇΓöÇΓöÇΓöÇΓöÇΓöÇΓöÇΓöÇΓöÇΓöÇΓöÇΓöÇΓöÇΓöÇΓöÇΓöÇΓöÇΓöÇΓöÇΓöÇΓöÇΓöÇΓöÇΓöÇΓöÇΓöÇΓöÇΓöÇΓöÇΓöÇΓöÇΓöÇΓöÇΓöÇΓöÇΓöÇΓöÇΓöÇΓöÇΓöÇΓöÇΓöÇΓöÇΓöÇΓöÇΓöÇΓöÇΓöÇΓöÇΓöÇΓöÇΓöÇΓöÇΓöÇΓöÇΓöÇΓöÇΓöÇΓöÇΓöÇΓöÇΓöÇΓöÇΓöÇΓöÇΓöÇΓöÇ  
   FAILED  Tests\Feature\PublicSearchTest > search pagination default                                                                 QueryException   
  SQLSTATE[42703]: Undefined column: 7 ERROR:  column "email" of relation "staff" does not exist
LINE 1: ...sert into "staff" ("salon_id", "user_id", "name", "email", "...
                                                             ^ (Connection: pgsql, SQL: insert into "staff" ("salon_id", "user_id", "name", "email", "phone", "specialization", "bio", "working_hours", "is_active", "auto_confirm", "updated_at", "created_at") values (90, 160, Marko, schuyler.maggio@example.net, +18645537391, Stylist, Repellat est corrupti sequi iusto temporibus. Aut numquam laborum nihil aut accusantium illo., {"monday":{"start":"08:00","end":"18:00","is_working":true},"tuesday":{"start":"08:00","end":"18:00","is_working":true},"wednesday":{"start":"08:00","end":"18:00","is_working":true},"thursday":{"start":"08:00","end":"18:00","is_working":true},"friday":{"start":"08:00","end":"18:00","is_working":true},"saturday":{"start":"09:00","end":"17:00","is_working":true},"sunday":{"start":"00:00","end":"00:00","is_working":false}}, 1, 0, 2025-12-15 19:13:05, 2025-12-15 19:13:05) returning "id")

  at vendor\laravel\framework\src\Illuminate\Database\Connection.php:822
    818Γûò                     $this->getName(), $query, $this->prepareBindings($bindings), $e
    819Γûò                 );
    820Γûò             }
    821Γûò 
  Γ₧£ 822Γûò             throw new QueryException(
    823Γûò                 $this->getName(), $query, $this->prepareBindings($bindings), $e
    824Γûò             );
    825Γûò         }
    826Γûò     }

  1   vendor\laravel\framework\src\Illuminate\Database\Connection.php:822

  2   vendor\laravel\framework\src\Illuminate\Database\Connection.php:409
      NunoMaduro\Collision\Exceptions\TestException::("SQLSTATE[42703]: Undefined column: 7 ERROR:  column "email" of relation "staff" does not exist
LINE 1: ...sert into "staff" ("salon_id", "user_id", "name", "email", "...
                                                             ^")

  ΓöÇΓöÇΓöÇΓöÇΓöÇΓöÇΓöÇΓöÇΓöÇΓöÇΓöÇΓöÇΓöÇΓöÇΓöÇΓöÇΓöÇΓöÇΓöÇΓöÇΓöÇΓöÇΓöÇΓöÇΓöÇΓöÇΓöÇΓöÇΓöÇΓöÇΓöÇΓöÇΓöÇΓöÇΓöÇΓöÇΓöÇΓöÇΓöÇΓöÇΓöÇΓöÇΓöÇΓöÇΓöÇΓöÇΓöÇΓöÇΓöÇΓöÇΓöÇΓöÇΓöÇΓöÇΓöÇΓöÇΓöÇΓöÇΓöÇΓöÇΓöÇΓöÇΓöÇΓöÇΓöÇΓöÇΓöÇΓöÇΓöÇΓöÇΓöÇΓöÇΓöÇΓöÇΓöÇΓöÇΓöÇΓöÇΓöÇΓöÇΓöÇΓöÇΓöÇΓöÇΓöÇΓöÇΓöÇΓöÇΓöÇΓöÇΓöÇΓöÇΓöÇΓöÇΓöÇΓöÇΓöÇΓöÇΓöÇΓöÇΓöÇΓöÇΓöÇΓöÇΓöÇΓöÇΓöÇΓöÇΓöÇΓöÇΓöÇΓöÇΓöÇΓöÇΓöÇΓöÇΓöÇΓöÇΓöÇΓöÇΓöÇΓöÇΓöÇΓöÇΓöÇΓöÇΓöÇΓöÇΓöÇΓöÇΓöÇΓöÇΓöÇΓöÇΓöÇΓöÇΓöÇΓöÇΓöÇΓöÇΓöÇΓöÇΓöÇΓöÇΓöÇΓöÇΓöÇ  
   FAILED  Tests\Feature\PublicSearchTest > search pagination custom per page                                                         QueryException   
  SQLSTATE[42703]: Undefined column: 7 ERROR:  column "email" of relation "staff" does not exist
LINE 1: ...sert into "staff" ("salon_id", "user_id", "name", "email", "...
                                                             ^ (Connection: pgsql, SQL: insert into "staff" ("salon_id", "user_id", "name", "email", "phone", "specialization", "bio", "working_hours", "is_active", "auto_confirm", "updated_at", "created_at") values (93, 164, Marko, khalid41@example.net, +1.631.595.9803, Stylist, Voluptas quo ex officia pariatur porro error. Omnis voluptate ea officia beatae laboriosam. Soluta aliquid porro doloremque qui magnam modi. Et et culpa quisquam molestiae., {"monday":{"start":"08:00","end":"18:00","is_working":true},"tuesday":{"start":"08:00","end":"18:00","is_working":true},"wednesday":{"start":"08:00","end":"18:00","is_working":true},"thursday":{"start":"08:00","end":"18:00","is_working":true},"friday":{"start":"08:00","end":"18:00","is_working":true},"saturday":{"start":"09:00","end":"17:00","is_working":true},"sunday":{"start":"00:00","end":"00:00","is_working":false}}, 1, 0, 2025-12-15 19:13:05, 2025-12-15 19:13:05) returning "id")

  at vendor\laravel\framework\src\Illuminate\Database\Connection.php:822
    818Γûò                     $this->getName(), $query, $this->prepareBindings($bindings), $e
    819Γûò                 );
    820Γûò             }
    821Γûò 
  Γ₧£ 822Γûò             throw new QueryException(
    823Γûò                 $this->getName(), $query, $this->prepareBindings($bindings), $e
    824Γûò             );
    825Γûò         }
    826Γûò     }

  1   vendor\laravel\framework\src\Illuminate\Database\Connection.php:822

  2   vendor\laravel\framework\src\Illuminate\Database\Connection.php:409
      NunoMaduro\Collision\Exceptions\TestException::("SQLSTATE[42703]: Undefined column: 7 ERROR:  column "email" of relation "staff" does not exist
LINE 1: ...sert into "staff" ("salon_id", "user_id", "name", "email", "...
                                                             ^")

  ΓöÇΓöÇΓöÇΓöÇΓöÇΓöÇΓöÇΓöÇΓöÇΓöÇΓöÇΓöÇΓöÇΓöÇΓöÇΓöÇΓöÇΓöÇΓöÇΓöÇΓöÇΓöÇΓöÇΓöÇΓöÇΓöÇΓöÇΓöÇΓöÇΓöÇΓöÇΓöÇΓöÇΓöÇΓöÇΓöÇΓöÇΓöÇΓöÇΓöÇΓöÇΓöÇΓöÇΓöÇΓöÇΓöÇΓöÇΓöÇΓöÇΓöÇΓöÇΓöÇΓöÇΓöÇΓöÇΓöÇΓöÇΓöÇΓöÇΓöÇΓöÇΓöÇΓöÇΓöÇΓöÇΓöÇΓöÇΓöÇΓöÇΓöÇΓöÇΓöÇΓöÇΓöÇΓöÇΓöÇΓöÇΓöÇΓöÇΓöÇΓöÇΓöÇΓöÇΓöÇΓöÇΓöÇΓöÇΓöÇΓöÇΓöÇΓöÇΓöÇΓöÇΓöÇΓöÇΓöÇΓöÇΓöÇΓöÇΓöÇΓöÇΓöÇΓöÇΓöÇΓöÇΓöÇΓöÇΓöÇΓöÇΓöÇΓöÇΓöÇΓöÇΓöÇΓöÇΓöÇΓöÇΓöÇΓöÇΓöÇΓöÇΓöÇΓöÇΓöÇΓöÇΓöÇΓöÇΓöÇΓöÇΓöÇΓöÇΓöÇΓöÇΓöÇΓöÇΓöÇΓöÇΓöÇΓöÇΓöÇΓöÇΓöÇΓöÇΓöÇΓöÇΓöÇΓöÇ  
   FAILED  Tests\Feature\PublicSearchTest > search pagination page 2                                                                  QueryException   
  SQLSTATE[42703]: Undefined column: 7 ERROR:  column "email" of relation "staff" does not exist
LINE 1: ...sert into "staff" ("salon_id", "user_id", "name", "email", "...
                                                             ^ (Connection: pgsql, SQL: insert into "staff" ("salon_id", "user_id", "name", "email", "phone", "specialization", "bio", "working_hours", "is_active", "auto_confirm", "updated_at", "created_at") values (96, 168, Marko, yesenia88@example.com, 269.285.7325, Stylist, Voluptatibus recusandae officia qui autem voluptatem magni ut. Qui eveniet velit voluptatem recusandae. Ut cupiditate qui sed atque doloribus., {"monday":{"start":"08:00","end":"18:00","is_working":true},"tuesday":{"start":"08:00","end":"18:00","is_working":true},"wednesday":{"start":"08:00","end":"18:00","is_working":true},"thursday":{"start":"08:00","end":"18:00","is_working":true},"friday":{"start":"08:00","end":"18:00","is_working":true},"saturday":{"start":"09:00","end":"17:00","is_working":true},"sunday":{"start":"00:00","end":"00:00","is_working":false}}, 1, 0, 2025-12-15 19:13:05, 2025-12-15 19:13:05) returning "id")

  at vendor\laravel\framework\src\Illuminate\Database\Connection.php:822
    818Γûò                     $this->getName(), $query, $this->prepareBindings($bindings), $e
    819Γûò                 );
    820Γûò             }
    821Γûò 
  Γ₧£ 822Γûò             throw new QueryException(
    823Γûò                 $this->getName(), $query, $this->prepareBindings($bindings), $e
    824Γûò             );
    825Γûò         }
    826Γûò     }

  1   vendor\laravel\framework\src\Illuminate\Database\Connection.php:822

  2   vendor\laravel\framework\src\Illuminate\Database\Connection.php:409
      NunoMaduro\Collision\Exceptions\TestException::("SQLSTATE[42703]: Undefined column: 7 ERROR:  column "email" of relation "staff" does not exist
LINE 1: ...sert into "staff" ("salon_id", "user_id", "name", "email", "...
                                                             ^")

  ΓöÇΓöÇΓöÇΓöÇΓöÇΓöÇΓöÇΓöÇΓöÇΓöÇΓöÇΓöÇΓöÇΓöÇΓöÇΓöÇΓöÇΓöÇΓöÇΓöÇΓöÇΓöÇΓöÇΓöÇΓöÇΓöÇΓöÇΓöÇΓöÇΓöÇΓöÇΓöÇΓöÇΓöÇΓöÇΓöÇΓöÇΓöÇΓöÇΓöÇΓöÇΓöÇΓöÇΓöÇΓöÇΓöÇΓöÇΓöÇΓöÇΓöÇΓöÇΓöÇΓöÇΓöÇΓöÇΓöÇΓöÇΓöÇΓöÇΓöÇΓöÇΓöÇΓöÇΓöÇΓöÇΓöÇΓöÇΓöÇΓöÇΓöÇΓöÇΓöÇΓöÇΓöÇΓöÇΓöÇΓöÇΓöÇΓöÇΓöÇΓöÇΓöÇΓöÇΓöÇΓöÇΓöÇΓöÇΓöÇΓöÇΓöÇΓöÇΓöÇΓöÇΓöÇΓöÇΓöÇΓöÇΓöÇΓöÇΓöÇΓöÇΓöÇΓöÇΓöÇΓöÇΓöÇΓöÇΓöÇΓöÇΓöÇΓöÇΓöÇΓöÇΓöÇΓöÇΓöÇΓöÇΓöÇΓöÇΓöÇΓöÇΓöÇΓöÇΓöÇΓöÇΓöÇΓöÇΓöÇΓöÇΓöÇΓöÇΓöÇΓöÇΓöÇΓöÇΓöÇΓöÇΓöÇΓöÇΓöÇΓöÇΓöÇΓöÇΓöÇΓöÇΓöÇΓöÇ  
   FAILED  Tests\Feature\PublicSearchTest > search with combined filters                                                              QueryException   
  SQLSTATE[42703]: Undefined column: 7 ERROR:  column "email" of relation "staff" does not exist
LINE 1: ...sert into "staff" ("salon_id", "user_id", "name", "email", "...
                                                             ^ (Connection: pgsql, SQL: insert into "staff" ("salon_id", "user_id", "name", "email", "phone", "specialization", "bio", "working_hours", "is_active", "auto_confirm", "updated_at", "created_at") values (99, 172, Marko, kendrick75@example.com, +1-283-855-3736, Colorist, Quo architecto non omnis provident est. Laborum tempora officia sit., {"monday":{"start":"08:00","end":"18:00","is_working":true},"tuesday":{"start":"08:00","end":"18:00","is_working":true},"wednesday":{"start":"08:00","end":"18:00","is_working":true},"thursday":{"start":"08:00","end":"18:00","is_working":true},"friday":{"start":"08:00","end":"18:00","is_working":true},"saturday":{"start":"09:00","end":"17:00","is_working":true},"sunday":{"start":"00:00","end":"00:00","is_working":false}}, 1, 0, 2025-12-15 19:13:05, 2025-12-15 19:13:05) returning "id")

  at vendor\laravel\framework\src\Illuminate\Database\Connection.php:822
    818Γûò                     $this->getName(), $query, $this->prepareBindings($bindings), $e
    819Γûò                 );
    820Γûò             }
    821Γûò 
  Γ₧£ 822Γûò             throw new QueryException(
    823Γûò                 $this->getName(), $query, $this->prepareBindings($bindings), $e
    824Γûò             );
    825Γûò         }
    826Γûò     }

  1   vendor\laravel\framework\src\Illuminate\Database\Connection.php:822

  2   vendor\laravel\framework\src\Illuminate\Database\Connection.php:409
      NunoMaduro\Collision\Exceptions\TestException::("SQLSTATE[42703]: Undefined column: 7 ERROR:  column "email" of relation "staff" does not exist
LINE 1: ...sert into "staff" ("salon_id", "user_id", "name", "email", "...
                                                             ^")

  ΓöÇΓöÇΓöÇΓöÇΓöÇΓöÇΓöÇΓöÇΓöÇΓöÇΓöÇΓöÇΓöÇΓöÇΓöÇΓöÇΓöÇΓöÇΓöÇΓöÇΓöÇΓöÇΓöÇΓöÇΓöÇΓöÇΓöÇΓöÇΓöÇΓöÇΓöÇΓöÇΓöÇΓöÇΓöÇΓöÇΓöÇΓöÇΓöÇΓöÇΓöÇΓöÇΓöÇΓöÇΓöÇΓöÇΓöÇΓöÇΓöÇΓöÇΓöÇΓöÇΓöÇΓöÇΓöÇΓöÇΓöÇΓöÇΓöÇΓöÇΓöÇΓöÇΓöÇΓöÇΓöÇΓöÇΓöÇΓöÇΓöÇΓöÇΓöÇΓöÇΓöÇΓöÇΓöÇΓöÇΓöÇΓöÇΓöÇΓöÇΓöÇΓöÇΓöÇΓöÇΓöÇΓöÇΓöÇΓöÇΓöÇΓöÇΓöÇΓöÇΓöÇΓöÇΓöÇΓöÇΓöÇΓöÇΓöÇΓöÇΓöÇΓöÇΓöÇΓöÇΓöÇΓöÇΓöÇΓöÇΓöÇΓöÇΓöÇΓöÇΓöÇΓöÇΓöÇΓöÇΓöÇΓöÇΓöÇΓöÇΓöÇΓöÇΓöÇΓöÇΓöÇΓöÇΓöÇΓöÇΓöÇΓöÇΓöÇΓöÇΓöÇΓöÇΓöÇΓöÇΓöÇΓöÇΓöÇΓöÇΓöÇΓöÇΓöÇΓöÇΓöÇΓöÇΓöÇ  
   FAILED  Tests\Feature\PublicSearchTest > search returns meta information                                                           QueryException   
  SQLSTATE[42703]: Undefined column: 7 ERROR:  column "email" of relation "staff" does not exist
LINE 1: ...sert into "staff" ("salon_id", "user_id", "name", "email", "...
                                                             ^ (Connection: pgsql, SQL: insert into "staff" ("salon_id", "user_id", "name", "email", "phone", "specialization", "bio", "working_hours", "is_active", "auto_confirm", "updated_at", "created_at") values (102, 176, Marko, mina32@example.com, 731-271-3648, Hairdresser, Animi blanditiis totam voluptas dolores saepe aliquid ducimus. Et sunt eveniet nostrum beatae. Ea quibusdam saepe et nihil ullam et ea sed., {"monday":{"start":"08:00","end":"18:00","is_working":true},"tuesday":{"start":"08:00","end":"18:00","is_working":true},"wednesday":{"start":"08:00","end":"18:00","is_working":true},"thursday":{"start":"08:00","end":"18:00","is_working":true},"friday":{"start":"08:00","end":"18:00","is_working":true},"saturday":{"start":"09:00","end":"17:00","is_working":true},"sunday":{"start":"00:00","end":"00:00","is_working":false}}, 1, 0, 2025-12-15 19:13:05, 2025-12-15 19:13:05) returning "id")

  at vendor\laravel\framework\src\Illuminate\Database\Connection.php:822
    818Γûò                     $this->getName(), $query, $this->prepareBindings($bindings), $e
    819Γûò                 );
    820Γûò             }
    821Γûò 
  Γ₧£ 822Γûò             throw new QueryException(
    823Γûò                 $this->getName(), $query, $this->prepareBindings($bindings), $e
    824Γûò             );
    825Γûò         }
    826Γûò     }

  1   vendor\laravel\framework\src\Illuminate\Database\Connection.php:822

  2   vendor\laravel\framework\src\Illuminate\Database\Connection.php:409
      NunoMaduro\Collision\Exceptions\TestException::("SQLSTATE[42703]: Undefined column: 7 ERROR:  column "email" of relation "staff" does not exist
LINE 1: ...sert into "staff" ("salon_id", "user_id", "name", "email", "...
                                                             ^")

  ΓöÇΓöÇΓöÇΓöÇΓöÇΓöÇΓöÇΓöÇΓöÇΓöÇΓöÇΓöÇΓöÇΓöÇΓöÇΓöÇΓöÇΓöÇΓöÇΓöÇΓöÇΓöÇΓöÇΓöÇΓöÇΓöÇΓöÇΓöÇΓöÇΓöÇΓöÇΓöÇΓöÇΓöÇΓöÇΓöÇΓöÇΓöÇΓöÇΓöÇΓöÇΓöÇΓöÇΓöÇΓöÇΓöÇΓöÇΓöÇΓöÇΓöÇΓöÇΓöÇΓöÇΓöÇΓöÇΓöÇΓöÇΓöÇΓöÇΓöÇΓöÇΓöÇΓöÇΓöÇΓöÇΓöÇΓöÇΓöÇΓöÇΓöÇΓöÇΓöÇΓöÇΓöÇΓöÇΓöÇΓöÇΓöÇΓöÇΓöÇΓöÇΓöÇΓöÇΓöÇΓöÇΓöÇΓöÇΓöÇΓöÇΓöÇΓöÇΓöÇΓöÇΓöÇΓöÇΓöÇΓöÇΓöÇΓöÇΓöÇΓöÇΓöÇΓöÇΓöÇΓöÇΓöÇΓöÇΓöÇΓöÇΓöÇΓöÇΓöÇΓöÇΓöÇΓöÇΓöÇΓöÇΓöÇΓöÇΓöÇΓöÇΓöÇΓöÇΓöÇΓöÇΓöÇΓöÇΓöÇΓöÇΓöÇΓöÇΓöÇΓöÇΓöÇΓöÇΓöÇΓöÇΓöÇΓöÇΓöÇΓöÇΓöÇΓöÇΓöÇΓöÇΓöÇΓöÇ  
   FAILED  Tests\Feature\PublicSearchTest > search returns applied filters                                                            QueryException   
  SQLSTATE[42703]: Undefined column: 7 ERROR:  column "email" of relation "staff" does not exist
LINE 1: ...sert into "staff" ("salon_id", "user_id", "name", "email", "...
                                                             ^ (Connection: pgsql, SQL: insert into "staff" ("salon_id", "user_id", "name", "email", "phone", "specialization", "bio", "working_hours", "is_active", "auto_confirm", "updated_at", "created_at") values (105, 180, Marko, rosalia90@example.net, +1.248.382.4824, Colorist, Voluptatum esse eum voluptas at nihil. Sint sunt corrupti sit consequatur et cupiditate., {"monday":{"start":"08:00","end":"18:00","is_working":true},"tuesday":{"start":"08:00","end":"18:00","is_working":true},"wednesday":{"start":"08:00","end":"18:00","is_working":true},"thursday":{"start":"08:00","end":"18:00","is_working":true},"friday":{"start":"08:00","end":"18:00","is_working":true},"saturday":{"start":"09:00","end":"17:00","is_working":true},"sunday":{"start":"00:00","end":"00:00","is_working":false}}, 1, 0, 2025-12-15 19:13:05, 2025-12-15 19:13:05) returning "id")

  at vendor\laravel\framework\src\Illuminate\Database\Connection.php:822
    818Γûò                     $this->getName(), $query, $this->prepareBindings($bindings), $e
    819Γûò                 );
    820Γûò             }
    821Γûò 
  Γ₧£ 822Γûò             throw new QueryException(
    823Γûò                 $this->getName(), $query, $this->prepareBindings($bindings), $e
    824Γûò             );
    825Γûò         }
    826Γûò     }

  1   vendor\laravel\framework\src\Illuminate\Database\Connection.php:822

  2   vendor\laravel\framework\src\Illuminate\Database\Connection.php:409
      NunoMaduro\Collision\Exceptions\TestException::("SQLSTATE[42703]: Undefined column: 7 ERROR:  column "email" of relation "staff" does not exist
LINE 1: ...sert into "staff" ("salon_id", "user_id", "name", "email", "...
                                                             ^")

  ΓöÇΓöÇΓöÇΓöÇΓöÇΓöÇΓöÇΓöÇΓöÇΓöÇΓöÇΓöÇΓöÇΓöÇΓöÇΓöÇΓöÇΓöÇΓöÇΓöÇΓöÇΓöÇΓöÇΓöÇΓöÇΓöÇΓöÇΓöÇΓöÇΓöÇΓöÇΓöÇΓöÇΓöÇΓöÇΓöÇΓöÇΓöÇΓöÇΓöÇΓöÇΓöÇΓöÇΓöÇΓöÇΓöÇΓöÇΓöÇΓöÇΓöÇΓöÇΓöÇΓöÇΓöÇΓöÇΓöÇΓöÇΓöÇΓöÇΓöÇΓöÇΓöÇΓöÇΓöÇΓöÇΓöÇΓöÇΓöÇΓöÇΓöÇΓöÇΓöÇΓöÇΓöÇΓöÇΓöÇΓöÇΓöÇΓöÇΓöÇΓöÇΓöÇΓöÇΓöÇΓöÇΓöÇΓöÇΓöÇΓöÇΓöÇΓöÇΓöÇΓöÇΓöÇΓöÇΓöÇΓöÇΓöÇΓöÇΓöÇΓöÇΓöÇΓöÇΓöÇΓöÇΓöÇΓöÇΓöÇΓöÇΓöÇΓöÇΓöÇΓöÇΓöÇΓöÇΓöÇΓöÇΓöÇΓöÇΓöÇΓöÇΓöÇΓöÇΓöÇΓöÇΓöÇΓöÇΓöÇΓöÇΓöÇΓöÇΓöÇΓöÇΓöÇΓöÇΓöÇΓöÇΓöÇΓöÇΓöÇΓöÇΓöÇΓöÇΓöÇΓöÇΓöÇΓöÇ  
   FAILED  Tests\Feature\PublicSearchTest > search with invalid date format                                                           QueryException   
  SQLSTATE[42703]: Undefined column: 7 ERROR:  column "email" of relation "staff" does not exist
LINE 1: ...sert into "staff" ("salon_id", "user_id", "name", "email", "...
                                                             ^ (Connection: pgsql, SQL: insert into "staff" ("salon_id", "user_id", "name", "email", "phone", "specialization", "bio", "working_hours", "is_active", "auto_confirm", "updated_at", "created_at") values (108, 184, Marko, assunta55@example.org, 1-669-954-1704, Stylist, Est vel iusto quas quam et. Maiores et labore cupiditate corporis illo. Tempora et debitis et officia dicta dicta., {"monday":{"start":"08:00","end":"18:00","is_working":true},"tuesday":{"start":"08:00","end":"18:00","is_working":true},"wednesday":{"start":"08:00","end":"18:00","is_working":true},"thursday":{"start":"08:00","end":"18:00","is_working":true},"friday":{"start":"08:00","end":"18:00","is_working":true},"saturday":{"start":"09:00","end":"17:00","is_working":true},"sunday":{"start":"00:00","end":"00:00","is_working":false}}, 1, 0, 2025-12-15 19:13:05, 2025-12-15 19:13:05) returning "id")

  at vendor\laravel\framework\src\Illuminate\Database\Connection.php:822
    818Γûò                     $this->getName(), $query, $this->prepareBindings($bindings), $e
    819Γûò                 );
    820Γûò             }
    821Γûò 
  Γ₧£ 822Γûò             throw new QueryException(
    823Γûò                 $this->getName(), $query, $this->prepareBindings($bindings), $e
    824Γûò             );
    825Γûò         }
    826Γûò     }

  1   vendor\laravel\framework\src\Illuminate\Database\Connection.php:822

  2   vendor\laravel\framework\src\Illuminate\Database\Connection.php:409
      NunoMaduro\Collision\Exceptions\TestException::("SQLSTATE[42703]: Undefined column: 7 ERROR:  column "email" of relation "staff" does not exist
LINE 1: ...sert into "staff" ("salon_id", "user_id", "name", "email", "...
                                                             ^")

  ΓöÇΓöÇΓöÇΓöÇΓöÇΓöÇΓöÇΓöÇΓöÇΓöÇΓöÇΓöÇΓöÇΓöÇΓöÇΓöÇΓöÇΓöÇΓöÇΓöÇΓöÇΓöÇΓöÇΓöÇΓöÇΓöÇΓöÇΓöÇΓöÇΓöÇΓöÇΓöÇΓöÇΓöÇΓöÇΓöÇΓöÇΓöÇΓöÇΓöÇΓöÇΓöÇΓöÇΓöÇΓöÇΓöÇΓöÇΓöÇΓöÇΓöÇΓöÇΓöÇΓöÇΓöÇΓöÇΓöÇΓöÇΓöÇΓöÇΓöÇΓöÇΓöÇΓöÇΓöÇΓöÇΓöÇΓöÇΓöÇΓöÇΓöÇΓöÇΓöÇΓöÇΓöÇΓöÇΓöÇΓöÇΓöÇΓöÇΓöÇΓöÇΓöÇΓöÇΓöÇΓöÇΓöÇΓöÇΓöÇΓöÇΓöÇΓöÇΓöÇΓöÇΓöÇΓöÇΓöÇΓöÇΓöÇΓöÇΓöÇΓöÇΓöÇΓöÇΓöÇΓöÇΓöÇΓöÇΓöÇΓöÇΓöÇΓöÇΓöÇΓöÇΓöÇΓöÇΓöÇΓöÇΓöÇΓöÇΓöÇΓöÇΓöÇΓöÇΓöÇΓöÇΓöÇΓöÇΓöÇΓöÇΓöÇΓöÇΓöÇΓöÇΓöÇΓöÇΓöÇΓöÇΓöÇΓöÇΓöÇΓöÇΓöÇΓöÇΓöÇΓöÇΓöÇΓöÇ  
   FAILED  Tests\Feature\PublicSearchTest > search with invalid time format                                                           QueryException   
  SQLSTATE[42703]: Undefined column: 7 ERROR:  column "email" of relation "staff" does not exist
LINE 1: ...sert into "staff" ("salon_id", "user_id", "name", "email", "...
                                                             ^ (Connection: pgsql, SQL: insert into "staff" ("salon_id", "user_id", "name", "email", "phone", "specialization", "bio", "working_hours", "is_active", "auto_confirm", "updated_at", "created_at") values (111, 188, Marko, nader.keven@example.net, 1-763-989-4215, Hairdresser, Aliquid labore quisquam quos est. Non cumque veniam et vel quasi aperiam totam. Iusto rerum corporis quasi totam. Provident vitae officiis maxime id molestiae reiciendis optio., {"monday":{"start":"08:00","end":"18:00","is_working":true},"tuesday":{"start":"08:00","end":"18:00","is_working":true},"wednesday":{"start":"08:00","end":"18:00","is_working":true},"thursday":{"start":"08:00","end":"18:00","is_working":true},"friday":{"start":"08:00","end":"18:00","is_working":true},"saturday":{"start":"09:00","end":"17:00","is_working":true},"sunday":{"start":"00:00","end":"00:00","is_working":false}}, 1, 0, 2025-12-15 19:13:05, 2025-12-15 19:13:05) returning "id")

  at vendor\laravel\framework\src\Illuminate\Database\Connection.php:822
    818Γûò                     $this->getName(), $query, $this->prepareBindings($bindings), $e
    819Γûò                 );
    820Γûò             }
    821Γûò 
  Γ₧£ 822Γûò             throw new QueryException(
    823Γûò                 $this->getName(), $query, $this->prepareBindings($bindings), $e
    824Γûò             );
    825Γûò         }
    826Γûò     }

  1   vendor\laravel\framework\src\Illuminate\Database\Connection.php:822

  2   vendor\laravel\framework\src\Illuminate\Database\Connection.php:409
      NunoMaduro\Collision\Exceptions\TestException::("SQLSTATE[42703]: Undefined column: 7 ERROR:  column "email" of relation "staff" does not exist
LINE 1: ...sert into "staff" ("salon_id", "user_id", "name", "email", "...
                                                             ^")

  ΓöÇΓöÇΓöÇΓöÇΓöÇΓöÇΓöÇΓöÇΓöÇΓöÇΓöÇΓöÇΓöÇΓöÇΓöÇΓöÇΓöÇΓöÇΓöÇΓöÇΓöÇΓöÇΓöÇΓöÇΓöÇΓöÇΓöÇΓöÇΓöÇΓöÇΓöÇΓöÇΓöÇΓöÇΓöÇΓöÇΓöÇΓöÇΓöÇΓöÇΓöÇΓöÇΓöÇΓöÇΓöÇΓöÇΓöÇΓöÇΓöÇΓöÇΓöÇΓöÇΓöÇΓöÇΓöÇΓöÇΓöÇΓöÇΓöÇΓöÇΓöÇΓöÇΓöÇΓöÇΓöÇΓöÇΓöÇΓöÇΓöÇΓöÇΓöÇΓöÇΓöÇΓöÇΓöÇΓöÇΓöÇΓöÇΓöÇΓöÇΓöÇΓöÇΓöÇΓöÇΓöÇΓöÇΓöÇΓöÇΓöÇΓöÇΓöÇΓöÇΓöÇΓöÇΓöÇΓöÇΓöÇΓöÇΓöÇΓöÇΓöÇΓöÇΓöÇΓöÇΓöÇΓöÇΓöÇΓöÇΓöÇΓöÇΓöÇΓöÇΓöÇΓöÇΓöÇΓöÇΓöÇΓöÇΓöÇΓöÇΓöÇΓöÇΓöÇΓöÇΓöÇΓöÇΓöÇΓöÇΓöÇΓöÇΓöÇΓöÇΓöÇΓöÇΓöÇΓöÇΓöÇΓöÇΓöÇΓöÇΓöÇΓöÇΓöÇΓöÇΓöÇΓöÇΓöÇ  
   FAILED  Tests\Feature\PublicSearchTest > search excludes unapproved salons                                                         QueryException   
  SQLSTATE[42703]: Undefined column: 7 ERROR:  column "email" of relation "staff" does not exist
LINE 1: ...sert into "staff" ("salon_id", "user_id", "name", "email", "...
                                                             ^ (Connection: pgsql, SQL: insert into "staff" ("salon_id", "user_id", "name", "email", "phone", "specialization", "bio", "working_hours", "is_active", "auto_confirm", "updated_at", "created_at") values (114, 192, Marko, schumm.reva@example.org, 509-695-4879, Stylist, Natus reprehenderit eaque cupiditate dolores. Voluptatem minus quisquam vel sint voluptates illo et. Eius eum quibusdam error accusamus tempora sed. Culpa sint doloremque perspiciatis architecto qui et., {"monday":{"start":"08:00","end":"18:00","is_working":true},"tuesday":{"start":"08:00","end":"18:00","is_working":true},"wednesday":{"start":"08:00","end":"18:00","is_working":true},"thursday":{"start":"08:00","end":"18:00","is_working":true},"friday":{"start":"08:00","end":"18:00","is_working":true},"saturday":{"start":"09:00","end":"17:00","is_working":true},"sunday":{"start":"00:00","end":"00:00","is_working":false}}, 1, 0, 2025-12-15 19:13:05, 2025-12-15 19:13:05) returning "id")

  at vendor\laravel\framework\src\Illuminate\Database\Connection.php:822
    818Γûò                     $this->getName(), $query, $this->prepareBindings($bindings), $e
    819Γûò                 );
    820Γûò             }
    821Γûò 
  Γ₧£ 822Γûò             throw new QueryException(
    823Γûò                 $this->getName(), $query, $this->prepareBindings($bindings), $e
    824Γûò             );
    825Γûò         }
    826Γûò     }

  1   vendor\laravel\framework\src\Illuminate\Database\Connection.php:822

  2   vendor\laravel\framework\src\Illuminate\Database\Connection.php:409
      NunoMaduro\Collision\Exceptions\TestException::("SQLSTATE[42703]: Undefined column: 7 ERROR:  column "email" of relation "staff" does not exist
LINE 1: ...sert into "staff" ("salon_id", "user_id", "name", "email", "...
                                                             ^")

  ΓöÇΓöÇΓöÇΓöÇΓöÇΓöÇΓöÇΓöÇΓöÇΓöÇΓöÇΓöÇΓöÇΓöÇΓöÇΓöÇΓöÇΓöÇΓöÇΓöÇΓöÇΓöÇΓöÇΓöÇΓöÇΓöÇΓöÇΓöÇΓöÇΓöÇΓöÇΓöÇΓöÇΓöÇΓöÇΓöÇΓöÇΓöÇΓöÇΓöÇΓöÇΓöÇΓöÇΓöÇΓöÇΓöÇΓöÇΓöÇΓöÇΓöÇΓöÇΓöÇΓöÇΓöÇΓöÇΓöÇΓöÇΓöÇΓöÇΓöÇΓöÇΓöÇΓöÇΓöÇΓöÇΓöÇΓöÇΓöÇΓöÇΓöÇΓöÇΓöÇΓöÇΓöÇΓöÇΓöÇΓöÇΓöÇΓöÇΓöÇΓöÇΓöÇΓöÇΓöÇΓöÇΓöÇΓöÇΓöÇΓöÇΓöÇΓöÇΓöÇΓöÇΓöÇΓöÇΓöÇΓöÇΓöÇΓöÇΓöÇΓöÇΓöÇΓöÇΓöÇΓöÇΓöÇΓöÇΓöÇΓöÇΓöÇΓöÇΓöÇΓöÇΓöÇΓöÇΓöÇΓöÇΓöÇΓöÇΓöÇΓöÇΓöÇΓöÇΓöÇΓöÇΓöÇΓöÇΓöÇΓöÇΓöÇΓöÇΓöÇΓöÇΓöÇΓöÇΓöÇΓöÇΓöÇΓöÇΓöÇΓöÇΓöÇΓöÇΓöÇΓöÇΓöÇΓöÇ  
   FAILED  Tests\Feature\PublicSearchTest > search filters by audience                                                                QueryException   
  SQLSTATE[42703]: Undefined column: 7 ERROR:  column "email" of relation "staff" does not exist
LINE 1: ...sert into "staff" ("salon_id", "user_id", "name", "email", "...
                                                             ^ (Connection: pgsql, SQL: insert into "staff" ("salon_id", "user_id", "name", "email", "phone", "specialization", "bio", "working_hours", "is_active", "auto_confirm", "updated_at", "created_at") values (117, 196, Marko, jayce.feeney@example.com, 681-460-2027, Colorist, Quos reprehenderit ut eligendi corporis sit laudantium voluptatem. Autem odio dolor beatae commodi et. Deserunt sequi dolor beatae harum., {"monday":{"start":"08:00","end":"18:00","is_working":true},"tuesday":{"start":"08:00","end":"18:00","is_working":true},"wednesday":{"start":"08:00","end":"18:00","is_working":true},"thursday":{"start":"08:00","end":"18:00","is_working":true},"friday":{"start":"08:00","end":"18:00","is_working":true},"saturday":{"start":"09:00","end":"17:00","is_working":true},"sunday":{"start":"00:00","end":"00:00","is_working":false}}, 1, 0, 2025-12-15 19:13:05, 2025-12-15 19:13:05) returning "id")

  at vendor\laravel\framework\src\Illuminate\Database\Connection.php:822
    818Γûò                     $this->getName(), $query, $this->prepareBindings($bindings), $e
    819Γûò                 );
    820Γûò             }
    821Γûò 
  Γ₧£ 822Γûò             throw new QueryException(
    823Γûò                 $this->getName(), $query, $this->prepareBindings($bindings), $e
    824Γûò             );
    825Γûò         }
    826Γûò     }

  1   vendor\laravel\framework\src\Illuminate\Database\Connection.php:822

  2   vendor\laravel\framework\src\Illuminate\Database\Connection.php:409
      NunoMaduro\Collision\Exceptions\TestException::("SQLSTATE[42703]: Undefined column: 7 ERROR:  column "email" of relation "staff" does not exist
LINE 1: ...sert into "staff" ("salon_id", "user_id", "name", "email", "...
                                                             ^")

  ΓöÇΓöÇΓöÇΓöÇΓöÇΓöÇΓöÇΓöÇΓöÇΓöÇΓöÇΓöÇΓöÇΓöÇΓöÇΓöÇΓöÇΓöÇΓöÇΓöÇΓöÇΓöÇΓöÇΓöÇΓöÇΓöÇΓöÇΓöÇΓöÇΓöÇΓöÇΓöÇΓöÇΓöÇΓöÇΓöÇΓöÇΓöÇΓöÇΓöÇΓöÇΓöÇΓöÇΓöÇΓöÇΓöÇΓöÇΓöÇΓöÇΓöÇΓöÇΓöÇΓöÇΓöÇΓöÇΓöÇΓöÇΓöÇΓöÇΓöÇΓöÇΓöÇΓöÇΓöÇΓöÇΓöÇΓöÇΓöÇΓöÇΓöÇΓöÇΓöÇΓöÇΓöÇΓöÇΓöÇΓöÇΓöÇΓöÇΓöÇΓöÇΓöÇΓöÇΓöÇΓöÇΓöÇΓöÇΓöÇΓöÇΓöÇΓöÇΓöÇΓöÇΓöÇΓöÇΓöÇΓöÇΓöÇΓöÇΓöÇΓöÇΓöÇΓöÇΓöÇΓöÇΓöÇΓöÇΓöÇΓöÇΓöÇΓöÇΓöÇΓöÇΓöÇΓöÇΓöÇΓöÇΓöÇΓöÇΓöÇΓöÇΓöÇΓöÇΓöÇΓöÇΓöÇΓöÇΓöÇΓöÇΓöÇΓöÇΓöÇΓöÇΓöÇΓöÇΓöÇΓöÇΓöÇΓöÇΓöÇΓöÇΓöÇΓöÇΓöÇΓöÇΓöÇΓöÇ  
   FAILED  Tests\Feature\ReviewTest > create review                                                                                                    
  Expected response status code [201] but received 405.
Failed asserting that 405 is identical to 201.

  at tests\Feature\ReviewTest.php:36
     32Γûò             'rating' => 5,
     33Γûò             'comment' => 'Odli─ìan salon, preporu─ìujem!',
     34Γûò         ]);
     35Γûò 
  Γ₧£  36Γûò         $response->assertStatus(201);
     37Γûò         $this->assertDatabaseHas('reviews', [
     38Γûò             'salon_id' => $this->salon->id,
     39Γûò             'user_id' => $this->client->id,
     40Γûò             'rating' => 5,

  ΓöÇΓöÇΓöÇΓöÇΓöÇΓöÇΓöÇΓöÇΓöÇΓöÇΓöÇΓöÇΓöÇΓöÇΓöÇΓöÇΓöÇΓöÇΓöÇΓöÇΓöÇΓöÇΓöÇΓöÇΓöÇΓöÇΓöÇΓöÇΓöÇΓöÇΓöÇΓöÇΓöÇΓöÇΓöÇΓöÇΓöÇΓöÇΓöÇΓöÇΓöÇΓöÇΓöÇΓöÇΓöÇΓöÇΓöÇΓöÇΓöÇΓöÇΓöÇΓöÇΓöÇΓöÇΓöÇΓöÇΓöÇΓöÇΓöÇΓöÇΓöÇΓöÇΓöÇΓöÇΓöÇΓöÇΓöÇΓöÇΓöÇΓöÇΓöÇΓöÇΓöÇΓöÇΓöÇΓöÇΓöÇΓöÇΓöÇΓöÇΓöÇΓöÇΓöÇΓöÇΓöÇΓöÇΓöÇΓöÇΓöÇΓöÇΓöÇΓöÇΓöÇΓöÇΓöÇΓöÇΓöÇΓöÇΓöÇΓöÇΓöÇΓöÇΓöÇΓöÇΓöÇΓöÇΓöÇΓöÇΓöÇΓöÇΓöÇΓöÇΓöÇΓöÇΓöÇΓöÇΓöÇΓöÇΓöÇΓöÇΓöÇΓöÇΓöÇΓöÇΓöÇΓöÇΓöÇΓöÇΓöÇΓöÇΓöÇΓöÇΓöÇΓöÇΓöÇΓöÇΓöÇΓöÇΓöÇΓöÇΓöÇΓöÇΓöÇΓöÇΓöÇΓöÇΓöÇ  
   FAILED  Tests\Feature\ReviewTest > review validation missing rating                                                                                 
  Expected response status code [422] but received 405.
Failed asserting that 405 is identical to 422.

  at tests\Feature\ReviewTest.php:53
     49Γûò         $response = $this->actingAs($this->client)->postJson("/api/v1/salons/{$this->salon->id}/reviews", [
     50Γûò             'comment' => 'Odli─ìan salon, preporu─ìujem!',
     51Γûò         ]);
     52Γûò 
  Γ₧£  53Γûò         $response->assertStatus(422);
     54Γûò         $response->assertJsonValidationErrors('rating');
     55Γûò     }
     56Γûò 
     57Γûò     /**

  ΓöÇΓöÇΓöÇΓöÇΓöÇΓöÇΓöÇΓöÇΓöÇΓöÇΓöÇΓöÇΓöÇΓöÇΓöÇΓöÇΓöÇΓöÇΓöÇΓöÇΓöÇΓöÇΓöÇΓöÇΓöÇΓöÇΓöÇΓöÇΓöÇΓöÇΓöÇΓöÇΓöÇΓöÇΓöÇΓöÇΓöÇΓöÇΓöÇΓöÇΓöÇΓöÇΓöÇΓöÇΓöÇΓöÇΓöÇΓöÇΓöÇΓöÇΓöÇΓöÇΓöÇΓöÇΓöÇΓöÇΓöÇΓöÇΓöÇΓöÇΓöÇΓöÇΓöÇΓöÇΓöÇΓöÇΓöÇΓöÇΓöÇΓöÇΓöÇΓöÇΓöÇΓöÇΓöÇΓöÇΓöÇΓöÇΓöÇΓöÇΓöÇΓöÇΓöÇΓöÇΓöÇΓöÇΓöÇΓöÇΓöÇΓöÇΓöÇΓöÇΓöÇΓöÇΓöÇΓöÇΓöÇΓöÇΓöÇΓöÇΓöÇΓöÇΓöÇΓöÇΓöÇΓöÇΓöÇΓöÇΓöÇΓöÇΓöÇΓöÇΓöÇΓöÇΓöÇΓöÇΓöÇΓöÇΓöÇΓöÇΓöÇΓöÇΓöÇΓöÇΓöÇΓöÇΓöÇΓöÇΓöÇΓöÇΓöÇΓöÇΓöÇΓöÇΓöÇΓöÇΓöÇΓöÇΓöÇΓöÇΓöÇΓöÇΓöÇΓöÇΓöÇΓöÇΓöÇ  
   FAILED  Tests\Feature\ReviewTest > review validation invalid rating too low                                                                         
  Expected response status code [422] but received 405.
Failed asserting that 405 is identical to 422.

  at tests\Feature\ReviewTest.php:67
     63Γûò             'rating' => 0,
     64Γûò             'comment' => 'Lo┼í salon',
     65Γûò         ]);
     66Γûò 
  Γ₧£  67Γûò         $response->assertStatus(422);
     68Γûò         $response->assertJsonValidationErrors('rating');
     69Γûò     }
     70Γûò 
     71Γûò     /**

  ΓöÇΓöÇΓöÇΓöÇΓöÇΓöÇΓöÇΓöÇΓöÇΓöÇΓöÇΓöÇΓöÇΓöÇΓöÇΓöÇΓöÇΓöÇΓöÇΓöÇΓöÇΓöÇΓöÇΓöÇΓöÇΓöÇΓöÇΓöÇΓöÇΓöÇΓöÇΓöÇΓöÇΓöÇΓöÇΓöÇΓöÇΓöÇΓöÇΓöÇΓöÇΓöÇΓöÇΓöÇΓöÇΓöÇΓöÇΓöÇΓöÇΓöÇΓöÇΓöÇΓöÇΓöÇΓöÇΓöÇΓöÇΓöÇΓöÇΓöÇΓöÇΓöÇΓöÇΓöÇΓöÇΓöÇΓöÇΓöÇΓöÇΓöÇΓöÇΓöÇΓöÇΓöÇΓöÇΓöÇΓöÇΓöÇΓöÇΓöÇΓöÇΓöÇΓöÇΓöÇΓöÇΓöÇΓöÇΓöÇΓöÇΓöÇΓöÇΓöÇΓöÇΓöÇΓöÇΓöÇΓöÇΓöÇΓöÇΓöÇΓöÇΓöÇΓöÇΓöÇΓöÇΓöÇΓöÇΓöÇΓöÇΓöÇΓöÇΓöÇΓöÇΓöÇΓöÇΓöÇΓöÇΓöÇΓöÇΓöÇΓöÇΓöÇΓöÇΓöÇΓöÇΓöÇΓöÇΓöÇΓöÇΓöÇΓöÇΓöÇΓöÇΓöÇΓöÇΓöÇΓöÇΓöÇΓöÇΓöÇΓöÇΓöÇΓöÇΓöÇΓöÇΓöÇΓöÇ  
   FAILED  Tests\Feature\ReviewTest > review validation invalid rating too high                                                                        
  Expected response status code [422] but received 405.
Failed asserting that 405 is identical to 422.

  at tests\Feature\ReviewTest.php:81
     77Γûò             'rating' => 6,
     78Γûò             'comment' => 'Odli─ìan salon',
     79Γûò         ]);
     80Γûò 
  Γ₧£  81Γûò         $response->assertStatus(422);
     82Γûò         $response->assertJsonValidationErrors('rating');
     83Γûò     }
     84Γûò 
     85Γûò     /**

  ΓöÇΓöÇΓöÇΓöÇΓöÇΓöÇΓöÇΓöÇΓöÇΓöÇΓöÇΓöÇΓöÇΓöÇΓöÇΓöÇΓöÇΓöÇΓöÇΓöÇΓöÇΓöÇΓöÇΓöÇΓöÇΓöÇΓöÇΓöÇΓöÇΓöÇΓöÇΓöÇΓöÇΓöÇΓöÇΓöÇΓöÇΓöÇΓöÇΓöÇΓöÇΓöÇΓöÇΓöÇΓöÇΓöÇΓöÇΓöÇΓöÇΓöÇΓöÇΓöÇΓöÇΓöÇΓöÇΓöÇΓöÇΓöÇΓöÇΓöÇΓöÇΓöÇΓöÇΓöÇΓöÇΓöÇΓöÇΓöÇΓöÇΓöÇΓöÇΓöÇΓöÇΓöÇΓöÇΓöÇΓöÇΓöÇΓöÇΓöÇΓöÇΓöÇΓöÇΓöÇΓöÇΓöÇΓöÇΓöÇΓöÇΓöÇΓöÇΓöÇΓöÇΓöÇΓöÇΓöÇΓöÇΓöÇΓöÇΓöÇΓöÇΓöÇΓöÇΓöÇΓöÇΓöÇΓöÇΓöÇΓöÇΓöÇΓöÇΓöÇΓöÇΓöÇΓöÇΓöÇΓöÇΓöÇΓöÇΓöÇΓöÇΓöÇΓöÇΓöÇΓöÇΓöÇΓöÇΓöÇΓöÇΓöÇΓöÇΓöÇΓöÇΓöÇΓöÇΓöÇΓöÇΓöÇΓöÇΓöÇΓöÇΓöÇΓöÇΓöÇΓöÇΓöÇΓöÇ  
   FAILED  Tests\Feature\ReviewTest > review validation comment too short                                                                              
  Expected response status code [422] but received 405.
Failed asserting that 405 is identical to 422.

  at tests\Feature\ReviewTest.php:95
     91Γûò             'rating' => 5,
     92Γûò             'comment' => 'OK',
     93Γûò         ]);
     94Γûò 
  Γ₧£  95Γûò         $response->assertStatus(422);
     96Γûò         $response->assertJsonValidationErrors('comment');
     97Γûò     }
     98Γûò 
     99Γûò     /**

  ΓöÇΓöÇΓöÇΓöÇΓöÇΓöÇΓöÇΓöÇΓöÇΓöÇΓöÇΓöÇΓöÇΓöÇΓöÇΓöÇΓöÇΓöÇΓöÇΓöÇΓöÇΓöÇΓöÇΓöÇΓöÇΓöÇΓöÇΓöÇΓöÇΓöÇΓöÇΓöÇΓöÇΓöÇΓöÇΓöÇΓöÇΓöÇΓöÇΓöÇΓöÇΓöÇΓöÇΓöÇΓöÇΓöÇΓöÇΓöÇΓöÇΓöÇΓöÇΓöÇΓöÇΓöÇΓöÇΓöÇΓöÇΓöÇΓöÇΓöÇΓöÇΓöÇΓöÇΓöÇΓöÇΓöÇΓöÇΓöÇΓöÇΓöÇΓöÇΓöÇΓöÇΓöÇΓöÇΓöÇΓöÇΓöÇΓöÇΓöÇΓöÇΓöÇΓöÇΓöÇΓöÇΓöÇΓöÇΓöÇΓöÇΓöÇΓöÇΓöÇΓöÇΓöÇΓöÇΓöÇΓöÇΓöÇΓöÇΓöÇΓöÇΓöÇΓöÇΓöÇΓöÇΓöÇΓöÇΓöÇΓöÇΓöÇΓöÇΓöÇΓöÇΓöÇΓöÇΓöÇΓöÇΓöÇΓöÇΓöÇΓöÇΓöÇΓöÇΓöÇΓöÇΓöÇΓöÇΓöÇΓöÇΓöÇΓöÇΓöÇΓöÇΓöÇΓöÇΓöÇΓöÇΓöÇΓöÇΓöÇΓöÇΓöÇΓöÇΓöÇΓöÇΓöÇΓöÇ  
   FAILED  Tests\Feature\ReviewTest > review validation comment too long                                                                               
  Expected response status code [422] but received 405.
Failed asserting that 405 is identical to 422.

  at tests\Feature\ReviewTest.php:111
    107Γûò             'rating' => 5,
    108Γûò             'comment' => $longComment,
    109Γûò         ]);
    110Γûò 
  Γ₧£ 111Γûò         $response->assertStatus(422);
    112Γûò         $response->assertJsonValidationErrors('comment');
    113Γûò     }
    114Γûò 
    115Γûò     /**

  ΓöÇΓöÇΓöÇΓöÇΓöÇΓöÇΓöÇΓöÇΓöÇΓöÇΓöÇΓöÇΓöÇΓöÇΓöÇΓöÇΓöÇΓöÇΓöÇΓöÇΓöÇΓöÇΓöÇΓöÇΓöÇΓöÇΓöÇΓöÇΓöÇΓöÇΓöÇΓöÇΓöÇΓöÇΓöÇΓöÇΓöÇΓöÇΓöÇΓöÇΓöÇΓöÇΓöÇΓöÇΓöÇΓöÇΓöÇΓöÇΓöÇΓöÇΓöÇΓöÇΓöÇΓöÇΓöÇΓöÇΓöÇΓöÇΓöÇΓöÇΓöÇΓöÇΓöÇΓöÇΓöÇΓöÇΓöÇΓöÇΓöÇΓöÇΓöÇΓöÇΓöÇΓöÇΓöÇΓöÇΓöÇΓöÇΓöÇΓöÇΓöÇΓöÇΓöÇΓöÇΓöÇΓöÇΓöÇΓöÇΓöÇΓöÇΓöÇΓöÇΓöÇΓöÇΓöÇΓöÇΓöÇΓöÇΓöÇΓöÇΓöÇΓöÇΓöÇΓöÇΓöÇΓöÇΓöÇΓöÇΓöÇΓöÇΓöÇΓöÇΓöÇΓöÇΓöÇΓöÇΓöÇΓöÇΓöÇΓöÇΓöÇΓöÇΓöÇΓöÇΓöÇΓöÇΓöÇΓöÇΓöÇΓöÇΓöÇΓöÇΓöÇΓöÇΓöÇΓöÇΓöÇΓöÇΓöÇΓöÇΓöÇΓöÇΓöÇΓöÇΓöÇΓöÇΓöÇ  
   FAILED  Tests\Feature\ReviewTest > user cannot create duplicate review                                                             QueryException   
  SQLSTATE[42703]: Undefined column: 7 ERROR:  column "user_id" of relation "reviews" does not exist
LINE 1: ... "client_id", "rating", "comment", "is_verified", "user_id",...
                                                             ^ (Connection: pgsql, SQL: insert into "reviews" ("salon_id", "client_id", "rating", "comment", "is_verified", "user_id", "updated_at", "created_at") values (126, 211, 2, Deleniti omnis sunt inventore. Necessitatibus quia saepe nostrum eaque maiores sed aliquam. Amet qui ipsa sed eos. Inventore exercitationem similique aut quisquam amet consequuntur., 1, 210, 2025-12-15 19:13:06, 2025-12-15 19:13:06) returning "id")

  at vendor\laravel\framework\src\Illuminate\Database\Connection.php:822
    818Γûò                     $this->getName(), $query, $this->prepareBindings($bindings), $e
    819Γûò                 );
    820Γûò             }
    821Γûò 
  Γ₧£ 822Γûò             throw new QueryException(
    823Γûò                 $this->getName(), $query, $this->prepareBindings($bindings), $e
    824Γûò             );
    825Γûò         }
    826Γûò     }

  1   vendor\laravel\framework\src\Illuminate\Database\Connection.php:822

  2   vendor\laravel\framework\src\Illuminate\Database\Connection.php:409
      NunoMaduro\Collision\Exceptions\TestException::("SQLSTATE[42703]: Undefined column: 7 ERROR:  column "user_id" of relation "reviews" does not exist
LINE 1: ... "client_id", "rating", "comment", "is_verified", "user_id",...
                                                             ^")

  ΓöÇΓöÇΓöÇΓöÇΓöÇΓöÇΓöÇΓöÇΓöÇΓöÇΓöÇΓöÇΓöÇΓöÇΓöÇΓöÇΓöÇΓöÇΓöÇΓöÇΓöÇΓöÇΓöÇΓöÇΓöÇΓöÇΓöÇΓöÇΓöÇΓöÇΓöÇΓöÇΓöÇΓöÇΓöÇΓöÇΓöÇΓöÇΓöÇΓöÇΓöÇΓöÇΓöÇΓöÇΓöÇΓöÇΓöÇΓöÇΓöÇΓöÇΓöÇΓöÇΓöÇΓöÇΓöÇΓöÇΓöÇΓöÇΓöÇΓöÇΓöÇΓöÇΓöÇΓöÇΓöÇΓöÇΓöÇΓöÇΓöÇΓöÇΓöÇΓöÇΓöÇΓöÇΓöÇΓöÇΓöÇΓöÇΓöÇΓöÇΓöÇΓöÇΓöÇΓöÇΓöÇΓöÇΓöÇΓöÇΓöÇΓöÇΓöÇΓöÇΓöÇΓöÇΓöÇΓöÇΓöÇΓöÇΓöÇΓöÇΓöÇΓöÇΓöÇΓöÇΓöÇΓöÇΓöÇΓöÇΓöÇΓöÇΓöÇΓöÇΓöÇΓöÇΓöÇΓöÇΓöÇΓöÇΓöÇΓöÇΓöÇΓöÇΓöÇΓöÇΓöÇΓöÇΓöÇΓöÇΓöÇΓöÇΓöÇΓöÇΓöÇΓöÇΓöÇΓöÇΓöÇΓöÇΓöÇΓöÇΓöÇΓöÇΓöÇΓöÇΓöÇΓöÇΓöÇ  
   FAILED  Tests\Feature\ReviewTest > get salon reviews                                                                               QueryException   
  SQLSTATE[23502]: Not null violation: 7 ERROR:  null value in column "client_name" of relation "reviews" violates not-null constraint
DETAIL:  Failing row contains (1, 214, null, 127, null, null, 2, Officiis voluptate porro vel. Voluptatem eius delectus fugit at ..., null, null, t, 2025-12-15 19:13:06, 2025-12-15 19:13:06). (Connection: pgsql, SQL: insert into "reviews" ("salon_id", "client_id", "rating", "comment", "is_verified", "updated_at", "created_at") values (127, 214, 2, Officiis voluptate porro vel. Voluptatem eius delectus fugit at odio. Dolorum veritatis libero rerum deserunt voluptate quia blanditiis. Voluptas ut vel suscipit voluptas eum iusto voluptate., 1, 2025-12-15 19:13:06, 2025-12-15 19:13:06) returning "id")

  at vendor\laravel\framework\src\Illuminate\Database\Connection.php:822
    818Γûò                     $this->getName(), $query, $this->prepareBindings($bindings), $e
    819Γûò                 );
    820Γûò             }
    821Γûò 
  Γ₧£ 822Γûò             throw new QueryException(
    823Γûò                 $this->getName(), $query, $this->prepareBindings($bindings), $e
    824Γûò             );
    825Γûò         }
    826Γûò     }

  1   vendor\laravel\framework\src\Illuminate\Database\Connection.php:822

  2   vendor\laravel\framework\src\Illuminate\Database\Connection.php:409
      NunoMaduro\Collision\Exceptions\TestException::("SQLSTATE[23502]: Not null violation: 7 ERROR:  null value in column "client_name" of relation "reviews" violates not-null constraint
DETAIL:  Failing row contains (1, 214, null, 127, null, null, 2, Officiis voluptate porro vel. Voluptatem eius delectus fugit at ..., null, null, t, 2025-12-15 19:13:06, 2025-12-15 19:13:06).")

  ΓöÇΓöÇΓöÇΓöÇΓöÇΓöÇΓöÇΓöÇΓöÇΓöÇΓöÇΓöÇΓöÇΓöÇΓöÇΓöÇΓöÇΓöÇΓöÇΓöÇΓöÇΓöÇΓöÇΓöÇΓöÇΓöÇΓöÇΓöÇΓöÇΓöÇΓöÇΓöÇΓöÇΓöÇΓöÇΓöÇΓöÇΓöÇΓöÇΓöÇΓöÇΓöÇΓöÇΓöÇΓöÇΓöÇΓöÇΓöÇΓöÇΓöÇΓöÇΓöÇΓöÇΓöÇΓöÇΓöÇΓöÇΓöÇΓöÇΓöÇΓöÇΓöÇΓöÇΓöÇΓöÇΓöÇΓöÇΓöÇΓöÇΓöÇΓöÇΓöÇΓöÇΓöÇΓöÇΓöÇΓöÇΓöÇΓöÇΓöÇΓöÇΓöÇΓöÇΓöÇΓöÇΓöÇΓöÇΓöÇΓöÇΓöÇΓöÇΓöÇΓöÇΓöÇΓöÇΓöÇΓöÇΓöÇΓöÇΓöÇΓöÇΓöÇΓöÇΓöÇΓöÇΓöÇΓöÇΓöÇΓöÇΓöÇΓöÇΓöÇΓöÇΓöÇΓöÇΓöÇΓöÇΓöÇΓöÇΓöÇΓöÇΓöÇΓöÇΓöÇΓöÇΓöÇΓöÇΓöÇΓöÇΓöÇΓöÇΓöÇΓöÇΓöÇΓöÇΓöÇΓöÇΓöÇΓöÇΓöÇΓöÇΓöÇΓöÇΓöÇΓöÇΓöÇΓöÇ  
   FAILED  Tests\Feature\ReviewTest > review pagination                                                                               QueryException   
  SQLSTATE[23502]: Not null violation: 7 ERROR:  null value in column "client_name" of relation "reviews" violates not-null constraint
DETAIL:  Failing row contains (2, 221, null, 128, null, null, 3, Repellat labore libero necessitatibus sed minus ut. Voluptatem d..., null, null, t, 2025-12-15 19:13:06, 2025-12-15 19:13:06). (Connection: pgsql, SQL: insert into "reviews" ("salon_id", "client_id", "rating", "comment", "is_verified", "updated_at", "created_at") values (128, 221, 3, Repellat labore libero necessitatibus sed minus ut. Voluptatem debitis animi magni consequatur. Vitae iure qui error quas laboriosam., 1, 2025-12-15 19:13:06, 2025-12-15 19:13:06) returning "id")

  at vendor\laravel\framework\src\Illuminate\Database\Connection.php:822
    818Γûò                     $this->getName(), $query, $this->prepareBindings($bindings), $e
    819Γûò                 );
    820Γûò             }
    821Γûò 
  Γ₧£ 822Γûò             throw new QueryException(
    823Γûò                 $this->getName(), $query, $this->prepareBindings($bindings), $e
    824Γûò             );
    825Γûò         }
    826Γûò     }

  1   vendor\laravel\framework\src\Illuminate\Database\Connection.php:822

  2   vendor\laravel\framework\src\Illuminate\Database\Connection.php:409
      NunoMaduro\Collision\Exceptions\TestException::("SQLSTATE[23502]: Not null violation: 7 ERROR:  null value in column "client_name" of relation "reviews" violates not-null constraint
DETAIL:  Failing row contains (2, 221, null, 128, null, null, 3, Repellat labore libero necessitatibus sed minus ut. Voluptatem d..., null, null, t, 2025-12-15 19:13:06, 2025-12-15 19:13:06).")

  ΓöÇΓöÇΓöÇΓöÇΓöÇΓöÇΓöÇΓöÇΓöÇΓöÇΓöÇΓöÇΓöÇΓöÇΓöÇΓöÇΓöÇΓöÇΓöÇΓöÇΓöÇΓöÇΓöÇΓöÇΓöÇΓöÇΓöÇΓöÇΓöÇΓöÇΓöÇΓöÇΓöÇΓöÇΓöÇΓöÇΓöÇΓöÇΓöÇΓöÇΓöÇΓöÇΓöÇΓöÇΓöÇΓöÇΓöÇΓöÇΓöÇΓöÇΓöÇΓöÇΓöÇΓöÇΓöÇΓöÇΓöÇΓöÇΓöÇΓöÇΓöÇΓöÇΓöÇΓöÇΓöÇΓöÇΓöÇΓöÇΓöÇΓöÇΓöÇΓöÇΓöÇΓöÇΓöÇΓöÇΓöÇΓöÇΓöÇΓöÇΓöÇΓöÇΓöÇΓöÇΓöÇΓöÇΓöÇΓöÇΓöÇΓöÇΓöÇΓöÇΓöÇΓöÇΓöÇΓöÇΓöÇΓöÇΓöÇΓöÇΓöÇΓöÇΓöÇΓöÇΓöÇΓöÇΓöÇΓöÇΓöÇΓöÇΓöÇΓöÇΓöÇΓöÇΓöÇΓöÇΓöÇΓöÇΓöÇΓöÇΓöÇΓöÇΓöÇΓöÇΓöÇΓöÇΓöÇΓöÇΓöÇΓöÇΓöÇΓöÇΓöÇΓöÇΓöÇΓöÇΓöÇΓöÇΓöÇΓöÇΓöÇΓöÇΓöÇΓöÇΓöÇΓöÇΓöÇ  
   FAILED  Tests\Feature\ReviewTest > update own review                                                                               QueryException   
  SQLSTATE[42703]: Undefined column: 7 ERROR:  column "user_id" of relation "reviews" does not exist
LINE 1: ... "client_id", "rating", "comment", "is_verified", "user_id",...
                                                             ^ (Connection: pgsql, SQL: insert into "reviews" ("salon_id", "client_id", "rating", "comment", "is_verified", "user_id", "updated_at", "created_at") values (129, 238, 3, Recusandae pariatur sit eos aliquam omnis. Quo minus est aut. Maiores et modi magni occaecati. Corrupti vel consectetur debitis blanditiis., 1, 237, 2025-12-15 19:13:06, 2025-12-15 19:13:06) returning "id")

  at vendor\laravel\framework\src\Illuminate\Database\Connection.php:822
    818Γûò                     $this->getName(), $query, $this->prepareBindings($bindings), $e
    819Γûò                 );
    820Γûò             }
    821Γûò 
  Γ₧£ 822Γûò             throw new QueryException(
    823Γûò                 $this->getName(), $query, $this->prepareBindings($bindings), $e
    824Γûò             );
    825Γûò         }
    826Γûò     }

  1   vendor\laravel\framework\src\Illuminate\Database\Connection.php:822

  2   vendor\laravel\framework\src\Illuminate\Database\Connection.php:409
      NunoMaduro\Collision\Exceptions\TestException::("SQLSTATE[42703]: Undefined column: 7 ERROR:  column "user_id" of relation "reviews" does not exist
LINE 1: ... "client_id", "rating", "comment", "is_verified", "user_id",...
                                                             ^")

  ΓöÇΓöÇΓöÇΓöÇΓöÇΓöÇΓöÇΓöÇΓöÇΓöÇΓöÇΓöÇΓöÇΓöÇΓöÇΓöÇΓöÇΓöÇΓöÇΓöÇΓöÇΓöÇΓöÇΓöÇΓöÇΓöÇΓöÇΓöÇΓöÇΓöÇΓöÇΓöÇΓöÇΓöÇΓöÇΓöÇΓöÇΓöÇΓöÇΓöÇΓöÇΓöÇΓöÇΓöÇΓöÇΓöÇΓöÇΓöÇΓöÇΓöÇΓöÇΓöÇΓöÇΓöÇΓöÇΓöÇΓöÇΓöÇΓöÇΓöÇΓöÇΓöÇΓöÇΓöÇΓöÇΓöÇΓöÇΓöÇΓöÇΓöÇΓöÇΓöÇΓöÇΓöÇΓöÇΓöÇΓöÇΓöÇΓöÇΓöÇΓöÇΓöÇΓöÇΓöÇΓöÇΓöÇΓöÇΓöÇΓöÇΓöÇΓöÇΓöÇΓöÇΓöÇΓöÇΓöÇΓöÇΓöÇΓöÇΓöÇΓöÇΓöÇΓöÇΓöÇΓöÇΓöÇΓöÇΓöÇΓöÇΓöÇΓöÇΓöÇΓöÇΓöÇΓöÇΓöÇΓöÇΓöÇΓöÇΓöÇΓöÇΓöÇΓöÇΓöÇΓöÇΓöÇΓöÇΓöÇΓöÇΓöÇΓöÇΓöÇΓöÇΓöÇΓöÇΓöÇΓöÇΓöÇΓöÇΓöÇΓöÇΓöÇΓöÇΓöÇΓöÇΓöÇΓöÇ  
   FAILED  Tests\Feature\ReviewTest > user cannot update others review                                                                QueryException   
  SQLSTATE[42703]: Undefined column: 7 ERROR:  column "user_id" of relation "reviews" does not exist
LINE 1: ... "client_id", "rating", "comment", "is_verified", "user_id",...
                                                             ^ (Connection: pgsql, SQL: insert into "reviews" ("salon_id", "client_id", "rating", "comment", "is_verified", "user_id", "updated_at", "created_at") values (130, 242, 5, Accusamus nisi voluptatem quae tempora sit. Hic nisi delectus est id odit. Error perferendis et et ea. Aliquam omnis dolor mollitia in sunt deserunt., 1, 241, 2025-12-15 19:13:06, 2025-12-15 19:13:06) returning "id")

  at vendor\laravel\framework\src\Illuminate\Database\Connection.php:822
    818Γûò                     $this->getName(), $query, $this->prepareBindings($bindings), $e
    819Γûò                 );
    820Γûò             }
    821Γûò 
  Γ₧£ 822Γûò             throw new QueryException(
    823Γûò                 $this->getName(), $query, $this->prepareBindings($bindings), $e
    824Γûò             );
    825Γûò         }
    826Γûò     }

  1   vendor\laravel\framework\src\Illuminate\Database\Connection.php:822

  2   vendor\laravel\framework\src\Illuminate\Database\Connection.php:409
      NunoMaduro\Collision\Exceptions\TestException::("SQLSTATE[42703]: Undefined column: 7 ERROR:  column "user_id" of relation "reviews" does not exist
LINE 1: ... "client_id", "rating", "comment", "is_verified", "user_id",...
                                                             ^")

  ΓöÇΓöÇΓöÇΓöÇΓöÇΓöÇΓöÇΓöÇΓöÇΓöÇΓöÇΓöÇΓöÇΓöÇΓöÇΓöÇΓöÇΓöÇΓöÇΓöÇΓöÇΓöÇΓöÇΓöÇΓöÇΓöÇΓöÇΓöÇΓöÇΓöÇΓöÇΓöÇΓöÇΓöÇΓöÇΓöÇΓöÇΓöÇΓöÇΓöÇΓöÇΓöÇΓöÇΓöÇΓöÇΓöÇΓöÇΓöÇΓöÇΓöÇΓöÇΓöÇΓöÇΓöÇΓöÇΓöÇΓöÇΓöÇΓöÇΓöÇΓöÇΓöÇΓöÇΓöÇΓöÇΓöÇΓöÇΓöÇΓöÇΓöÇΓöÇΓöÇΓöÇΓöÇΓöÇΓöÇΓöÇΓöÇΓöÇΓöÇΓöÇΓöÇΓöÇΓöÇΓöÇΓöÇΓöÇΓöÇΓöÇΓöÇΓöÇΓöÇΓöÇΓöÇΓöÇΓöÇΓöÇΓöÇΓöÇΓöÇΓöÇΓöÇΓöÇΓöÇΓöÇΓöÇΓöÇΓöÇΓöÇΓöÇΓöÇΓöÇΓöÇΓöÇΓöÇΓöÇΓöÇΓöÇΓöÇΓöÇΓöÇΓöÇΓöÇΓöÇΓöÇΓöÇΓöÇΓöÇΓöÇΓöÇΓöÇΓöÇΓöÇΓöÇΓöÇΓöÇΓöÇΓöÇΓöÇΓöÇΓöÇΓöÇΓöÇΓöÇΓöÇΓöÇΓöÇ  
   FAILED  Tests\Feature\ReviewTest > delete own review                                                                               QueryException   
  SQLSTATE[42703]: Undefined column: 7 ERROR:  column "user_id" of relation "reviews" does not exist
LINE 1: ... "client_id", "rating", "comment", "is_verified", "user_id",...
                                                             ^ (Connection: pgsql, SQL: insert into "reviews" ("salon_id", "client_id", "rating", "comment", "is_verified", "user_id", "updated_at", "created_at") values (131, 245, 5, Sint tenetur facere iure eos. Ullam inventore tempore velit facere cum. Sequi ea voluptatum unde deserunt neque. Ut rerum est qui consequuntur eos aliquid., 1, 244, 2025-12-15 19:13:06, 2025-12-15 19:13:06) returning "id")

  at vendor\laravel\framework\src\Illuminate\Database\Connection.php:822
    818Γûò                     $this->getName(), $query, $this->prepareBindings($bindings), $e
    819Γûò                 );
    820Γûò             }
    821Γûò 
  Γ₧£ 822Γûò             throw new QueryException(
    823Γûò                 $this->getName(), $query, $this->prepareBindings($bindings), $e
    824Γûò             );
    825Γûò         }
    826Γûò     }

  1   vendor\laravel\framework\src\Illuminate\Database\Connection.php:822

  2   vendor\laravel\framework\src\Illuminate\Database\Connection.php:409
      NunoMaduro\Collision\Exceptions\TestException::("SQLSTATE[42703]: Undefined column: 7 ERROR:  column "user_id" of relation "reviews" does not exist
LINE 1: ... "client_id", "rating", "comment", "is_verified", "user_id",...
                                                             ^")

  ΓöÇΓöÇΓöÇΓöÇΓöÇΓöÇΓöÇΓöÇΓöÇΓöÇΓöÇΓöÇΓöÇΓöÇΓöÇΓöÇΓöÇΓöÇΓöÇΓöÇΓöÇΓöÇΓöÇΓöÇΓöÇΓöÇΓöÇΓöÇΓöÇΓöÇΓöÇΓöÇΓöÇΓöÇΓöÇΓöÇΓöÇΓöÇΓöÇΓöÇΓöÇΓöÇΓöÇΓöÇΓöÇΓöÇΓöÇΓöÇΓöÇΓöÇΓöÇΓöÇΓöÇΓöÇΓöÇΓöÇΓöÇΓöÇΓöÇΓöÇΓöÇΓöÇΓöÇΓöÇΓöÇΓöÇΓöÇΓöÇΓöÇΓöÇΓöÇΓöÇΓöÇΓöÇΓöÇΓöÇΓöÇΓöÇΓöÇΓöÇΓöÇΓöÇΓöÇΓöÇΓöÇΓöÇΓöÇΓöÇΓöÇΓöÇΓöÇΓöÇΓöÇΓöÇΓöÇΓöÇΓöÇΓöÇΓöÇΓöÇΓöÇΓöÇΓöÇΓöÇΓöÇΓöÇΓöÇΓöÇΓöÇΓöÇΓöÇΓöÇΓöÇΓöÇΓöÇΓöÇΓöÇΓöÇΓöÇΓöÇΓöÇΓöÇΓöÇΓöÇΓöÇΓöÇΓöÇΓöÇΓöÇΓöÇΓöÇΓöÇΓöÇΓöÇΓöÇΓöÇΓöÇΓöÇΓöÇΓöÇΓöÇΓöÇΓöÇΓöÇΓöÇΓöÇΓöÇ  
   FAILED  Tests\Feature\ReviewTest > user cannot delete others review                                                                QueryException   
  SQLSTATE[42703]: Undefined column: 7 ERROR:  column "user_id" of relation "reviews" does not exist
LINE 1: ... "client_id", "rating", "comment", "is_verified", "user_id",...
                                                             ^ (Connection: pgsql, SQL: insert into "reviews" ("salon_id", "client_id", "rating", "comment", "is_verified", "user_id", "updated_at", "created_at") values (132, 249, 5, Sit quidem dicta rem ut minima dolores. Qui dolores quibusdam vel totam. Aliquid voluptas voluptatem est nobis saepe. Suscipit sed dolores consectetur eum ut sed aut. Non et est molestiae dolorum., 1, 248, 2025-12-15 19:13:06, 2025-12-15 19:13:06) returning "id")

  at vendor\laravel\framework\src\Illuminate\Database\Connection.php:822
    818Γûò                     $this->getName(), $query, $this->prepareBindings($bindings), $e
    819Γûò                 );
    820Γûò             }
    821Γûò 
  Γ₧£ 822Γûò             throw new QueryException(
    823Γûò                 $this->getName(), $query, $this->prepareBindings($bindings), $e
    824Γûò             );
    825Γûò         }
    826Γûò     }

  1   vendor\laravel\framework\src\Illuminate\Database\Connection.php:822

  2   vendor\laravel\framework\src\Illuminate\Database\Connection.php:409
      NunoMaduro\Collision\Exceptions\TestException::("SQLSTATE[42703]: Undefined column: 7 ERROR:  column "user_id" of relation "reviews" does not exist
LINE 1: ... "client_id", "rating", "comment", "is_verified", "user_id",...
                                                             ^")

  ΓöÇΓöÇΓöÇΓöÇΓöÇΓöÇΓöÇΓöÇΓöÇΓöÇΓöÇΓöÇΓöÇΓöÇΓöÇΓöÇΓöÇΓöÇΓöÇΓöÇΓöÇΓöÇΓöÇΓöÇΓöÇΓöÇΓöÇΓöÇΓöÇΓöÇΓöÇΓöÇΓöÇΓöÇΓöÇΓöÇΓöÇΓöÇΓöÇΓöÇΓöÇΓöÇΓöÇΓöÇΓöÇΓöÇΓöÇΓöÇΓöÇΓöÇΓöÇΓöÇΓöÇΓöÇΓöÇΓöÇΓöÇΓöÇΓöÇΓöÇΓöÇΓöÇΓöÇΓöÇΓöÇΓöÇΓöÇΓöÇΓöÇΓöÇΓöÇΓöÇΓöÇΓöÇΓöÇΓöÇΓöÇΓöÇΓöÇΓöÇΓöÇΓöÇΓöÇΓöÇΓöÇΓöÇΓöÇΓöÇΓöÇΓöÇΓöÇΓöÇΓöÇΓöÇΓöÇΓöÇΓöÇΓöÇΓöÇΓöÇΓöÇΓöÇΓöÇΓöÇΓöÇΓöÇΓöÇΓöÇΓöÇΓöÇΓöÇΓöÇΓöÇΓöÇΓöÇΓöÇΓöÇΓöÇΓöÇΓöÇΓöÇΓöÇΓöÇΓöÇΓöÇΓöÇΓöÇΓöÇΓöÇΓöÇΓöÇΓöÇΓöÇΓöÇΓöÇΓöÇΓöÇΓöÇΓöÇΓöÇΓöÇΓöÇΓöÇΓöÇΓöÇΓöÇΓöÇ  
   FAILED  Tests\Feature\ReviewTest > salon rating calculation                                                                        QueryException   
  SQLSTATE[23502]: Not null violation: 7 ERROR:  null value in column "client_name" of relation "reviews" violates not-null constraint
DETAIL:  Failing row contains (3, 252, null, 133, null, null, 5, Voluptas corrupti esse consequuntur deleniti sed. Deserunt qui a..., null, null, t, 2025-12-15 19:13:06, 2025-12-15 19:13:06). (Connection: pgsql, SQL: insert into "reviews" ("salon_id", "client_id", "rating", "comment", "is_verified", "updated_at", "created_at") values (133, 252, 5, Voluptas corrupti esse consequuntur deleniti sed. Deserunt qui aspernatur esse ut vero. Magnam perferendis quam ut et., 1, 2025-12-15 19:13:06, 2025-12-15 19:13:06) returning "id")

  at vendor\laravel\framework\src\Illuminate\Database\Connection.php:822
    818Γûò                     $this->getName(), $query, $this->prepareBindings($bindings), $e
    819Γûò                 );
    820Γûò             }
    821Γûò 
  Γ₧£ 822Γûò             throw new QueryException(
    823Γûò                 $this->getName(), $query, $this->prepareBindings($bindings), $e
    824Γûò             );
    825Γûò         }
    826Γûò     }

  1   vendor\laravel\framework\src\Illuminate\Database\Connection.php:822

  2   vendor\laravel\framework\src\Illuminate\Database\Connection.php:409
      NunoMaduro\Collision\Exceptions\TestException::("SQLSTATE[23502]: Not null violation: 7 ERROR:  null value in column "client_name" of relation "reviews" violates not-null constraint
DETAIL:  Failing row contains (3, 252, null, 133, null, null, 5, Voluptas corrupti esse consequuntur deleniti sed. Deserunt qui a..., null, null, t, 2025-12-15 19:13:06, 2025-12-15 19:13:06).")

  ΓöÇΓöÇΓöÇΓöÇΓöÇΓöÇΓöÇΓöÇΓöÇΓöÇΓöÇΓöÇΓöÇΓöÇΓöÇΓöÇΓöÇΓöÇΓöÇΓöÇΓöÇΓöÇΓöÇΓöÇΓöÇΓöÇΓöÇΓöÇΓöÇΓöÇΓöÇΓöÇΓöÇΓöÇΓöÇΓöÇΓöÇΓöÇΓöÇΓöÇΓöÇΓöÇΓöÇΓöÇΓöÇΓöÇΓöÇΓöÇΓöÇΓöÇΓöÇΓöÇΓöÇΓöÇΓöÇΓöÇΓöÇΓöÇΓöÇΓöÇΓöÇΓöÇΓöÇΓöÇΓöÇΓöÇΓöÇΓöÇΓöÇΓöÇΓöÇΓöÇΓöÇΓöÇΓöÇΓöÇΓöÇΓöÇΓöÇΓöÇΓöÇΓöÇΓöÇΓöÇΓöÇΓöÇΓöÇΓöÇΓöÇΓöÇΓöÇΓöÇΓöÇΓöÇΓöÇΓöÇΓöÇΓöÇΓöÇΓöÇΓöÇΓöÇΓöÇΓöÇΓöÇΓöÇΓöÇΓöÇΓöÇΓöÇΓöÇΓöÇΓöÇΓöÇΓöÇΓöÇΓöÇΓöÇΓöÇΓöÇΓöÇΓöÇΓöÇΓöÇΓöÇΓöÇΓöÇΓöÇΓöÇΓöÇΓöÇΓöÇΓöÇΓöÇΓöÇΓöÇΓöÇΓöÇΓöÇΓöÇΓöÇΓöÇΓöÇΓöÇΓöÇΓöÇΓöÇ  
   FAILED  Tests\Feature\ReviewTest > review sorting by rating                                                                        QueryException   
  SQLSTATE[23502]: Not null violation: 7 ERROR:  null value in column "client_name" of relation "reviews" violates not-null constraint
DETAIL:  Failing row contains (4, 255, null, 134, null, null, 3, Id omnis aut sunt omnis doloremque illum. Fugit molestiae eaque ..., null, null, t, 2025-12-15 19:13:06, 2025-12-15 19:13:06). (Connection: pgsql, SQL: insert into "reviews" ("salon_id", "client_id", "rating", "comment", "is_verified", "updated_at", "created_at") values (134, 255, 3, Id omnis aut sunt omnis doloremque illum. Fugit molestiae eaque rem architecto quibusdam. Porro sit repellendus et est aut., 1, 2025-12-15 19:13:06, 2025-12-15 19:13:06) returning "id")

  at vendor\laravel\framework\src\Illuminate\Database\Connection.php:822
    818Γûò                     $this->getName(), $query, $this->prepareBindings($bindings), $e
    819Γûò                 );
    820Γûò             }
    821Γûò 
  Γ₧£ 822Γûò             throw new QueryException(
    823Γûò                 $this->getName(), $query, $this->prepareBindings($bindings), $e
    824Γûò             );
    825Γûò         }
    826Γûò     }

  1   vendor\laravel\framework\src\Illuminate\Database\Connection.php:822

  2   vendor\laravel\framework\src\Illuminate\Database\Connection.php:409
      NunoMaduro\Collision\Exceptions\TestException::("SQLSTATE[23502]: Not null violation: 7 ERROR:  null value in column "client_name" of relation "reviews" violates not-null constraint
DETAIL:  Failing row contains (4, 255, null, 134, null, null, 3, Id omnis aut sunt omnis doloremque illum. Fugit molestiae eaque ..., null, null, t, 2025-12-15 19:13:06, 2025-12-15 19:13:06).")

  ΓöÇΓöÇΓöÇΓöÇΓöÇΓöÇΓöÇΓöÇΓöÇΓöÇΓöÇΓöÇΓöÇΓöÇΓöÇΓöÇΓöÇΓöÇΓöÇΓöÇΓöÇΓöÇΓöÇΓöÇΓöÇΓöÇΓöÇΓöÇΓöÇΓöÇΓöÇΓöÇΓöÇΓöÇΓöÇΓöÇΓöÇΓöÇΓöÇΓöÇΓöÇΓöÇΓöÇΓöÇΓöÇΓöÇΓöÇΓöÇΓöÇΓöÇΓöÇΓöÇΓöÇΓöÇΓöÇΓöÇΓöÇΓöÇΓöÇΓöÇΓöÇΓöÇΓöÇΓöÇΓöÇΓöÇΓöÇΓöÇΓöÇΓöÇΓöÇΓöÇΓöÇΓöÇΓöÇΓöÇΓöÇΓöÇΓöÇΓöÇΓöÇΓöÇΓöÇΓöÇΓöÇΓöÇΓöÇΓöÇΓöÇΓöÇΓöÇΓöÇΓöÇΓöÇΓöÇΓöÇΓöÇΓöÇΓöÇΓöÇΓöÇΓöÇΓöÇΓöÇΓöÇΓöÇΓöÇΓöÇΓöÇΓöÇΓöÇΓöÇΓöÇΓöÇΓöÇΓöÇΓöÇΓöÇΓöÇΓöÇΓöÇΓöÇΓöÇΓöÇΓöÇΓöÇΓöÇΓöÇΓöÇΓöÇΓöÇΓöÇΓöÇΓöÇΓöÇΓöÇΓöÇΓöÇΓöÇΓöÇΓöÇΓöÇΓöÇΓöÇΓöÇΓöÇΓöÇ  
   FAILED  Tests\Feature\ReviewTest > unauthenticated user cannot create review                                                                        
  Expected response status code [401] but received 405.
Failed asserting that 405 is identical to 401.

  at tests\Feature\ReviewTest.php:279
    275Γûò             'rating' => 5,
    276Γûò             'comment' => 'Great salon!',
    277Γûò         ]);
    278Γûò 
  Γ₧£ 279Γûò         $response->assertStatus(401);
    280Γûò     }
    281Γûò 
    282Γûò     /**
    283Γûò      * Test review with all valid ratings

  ΓöÇΓöÇΓöÇΓöÇΓöÇΓöÇΓöÇΓöÇΓöÇΓöÇΓöÇΓöÇΓöÇΓöÇΓöÇΓöÇΓöÇΓöÇΓöÇΓöÇΓöÇΓöÇΓöÇΓöÇΓöÇΓöÇΓöÇΓöÇΓöÇΓöÇΓöÇΓöÇΓöÇΓöÇΓöÇΓöÇΓöÇΓöÇΓöÇΓöÇΓöÇΓöÇΓöÇΓöÇΓöÇΓöÇΓöÇΓöÇΓöÇΓöÇΓöÇΓöÇΓöÇΓöÇΓöÇΓöÇΓöÇΓöÇΓöÇΓöÇΓöÇΓöÇΓöÇΓöÇΓöÇΓöÇΓöÇΓöÇΓöÇΓöÇΓöÇΓöÇΓöÇΓöÇΓöÇΓöÇΓöÇΓöÇΓöÇΓöÇΓöÇΓöÇΓöÇΓöÇΓöÇΓöÇΓöÇΓöÇΓöÇΓöÇΓöÇΓöÇΓöÇΓöÇΓöÇΓöÇΓöÇΓöÇΓöÇΓöÇΓöÇΓöÇΓöÇΓöÇΓöÇΓöÇΓöÇΓöÇΓöÇΓöÇΓöÇΓöÇΓöÇΓöÇΓöÇΓöÇΓöÇΓöÇΓöÇΓöÇΓöÇΓöÇΓöÇΓöÇΓöÇΓöÇΓöÇΓöÇΓöÇΓöÇΓöÇΓöÇΓöÇΓöÇΓöÇΓöÇΓöÇΓöÇΓöÇΓöÇΓöÇΓöÇΓöÇΓöÇΓöÇΓöÇΓöÇ  
   FAILED  Tests\Feature\ReviewTest > review with all valid ratings                                                                                    
  Expected response status code [201] but received 405.
Failed asserting that 405 is identical to 201.

  at tests\Feature\ReviewTest.php:296
    292Γûò                     'comment' => "Rating {$rating} comment",
    293Γûò                 ]
    294Γûò             );
    295Γûò 
  Γ₧£ 296Γûò             $response->assertStatus(201);
    297Γûò         }
    298Γûò 
    299Γûò         $this->assertDatabaseCount('reviews', 5);
    300Γûò     }

  ΓöÇΓöÇΓöÇΓöÇΓöÇΓöÇΓöÇΓöÇΓöÇΓöÇΓöÇΓöÇΓöÇΓöÇΓöÇΓöÇΓöÇΓöÇΓöÇΓöÇΓöÇΓöÇΓöÇΓöÇΓöÇΓöÇΓöÇΓöÇΓöÇΓöÇΓöÇΓöÇΓöÇΓöÇΓöÇΓöÇΓöÇΓöÇΓöÇΓöÇΓöÇΓöÇΓöÇΓöÇΓöÇΓöÇΓöÇΓöÇΓöÇΓöÇΓöÇΓöÇΓöÇΓöÇΓöÇΓöÇΓöÇΓöÇΓöÇΓöÇΓöÇΓöÇΓöÇΓöÇΓöÇΓöÇΓöÇΓöÇΓöÇΓöÇΓöÇΓöÇΓöÇΓöÇΓöÇΓöÇΓöÇΓöÇΓöÇΓöÇΓöÇΓöÇΓöÇΓöÇΓöÇΓöÇΓöÇΓöÇΓöÇΓöÇΓöÇΓöÇΓöÇΓöÇΓöÇΓöÇΓöÇΓöÇΓöÇΓöÇΓöÇΓöÇΓöÇΓöÇΓöÇΓöÇΓöÇΓöÇΓöÇΓöÇΓöÇΓöÇΓöÇΓöÇΓöÇΓöÇΓöÇΓöÇΓöÇΓöÇΓöÇΓöÇΓöÇΓöÇΓöÇΓöÇΓöÇΓöÇΓöÇΓöÇΓöÇΓöÇΓöÇΓöÇΓöÇΓöÇΓöÇΓöÇΓöÇΓöÇΓöÇΓöÇΓöÇΓöÇΓöÇΓöÇΓöÇ  
   FAILED  Tests\Feature\SalonTest > get salon details                                                                                                 
  Expected response status code [200] but received 404.
Failed asserting that 404 is identical to 200.

  at tests\Feature\SalonTest.php:28
     24Γûò         ]);
     25Γûò 
     26Γûò         $response = $this->getJson("/api/v1/public/salons/{$salon->id}");
     27Γûò 
  Γ₧£  28Γûò         $response->assertStatus(200);
     29Γûò         $response->assertJsonPath('data.name', 'Test Salon');
     30Γûò     }
     31Γûò 
     32Γûò     /**

  ΓöÇΓöÇΓöÇΓöÇΓöÇΓöÇΓöÇΓöÇΓöÇΓöÇΓöÇΓöÇΓöÇΓöÇΓöÇΓöÇΓöÇΓöÇΓöÇΓöÇΓöÇΓöÇΓöÇΓöÇΓöÇΓöÇΓöÇΓöÇΓöÇΓöÇΓöÇΓöÇΓöÇΓöÇΓöÇΓöÇΓöÇΓöÇΓöÇΓöÇΓöÇΓöÇΓöÇΓöÇΓöÇΓöÇΓöÇΓöÇΓöÇΓöÇΓöÇΓöÇΓöÇΓöÇΓöÇΓöÇΓöÇΓöÇΓöÇΓöÇΓöÇΓöÇΓöÇΓöÇΓöÇΓöÇΓöÇΓöÇΓöÇΓöÇΓöÇΓöÇΓöÇΓöÇΓöÇΓöÇΓöÇΓöÇΓöÇΓöÇΓöÇΓöÇΓöÇΓöÇΓöÇΓöÇΓöÇΓöÇΓöÇΓöÇΓöÇΓöÇΓöÇΓöÇΓöÇΓöÇΓöÇΓöÇΓöÇΓöÇΓöÇΓöÇΓöÇΓöÇΓöÇΓöÇΓöÇΓöÇΓöÇΓöÇΓöÇΓöÇΓöÇΓöÇΓöÇΓöÇΓöÇΓöÇΓöÇΓöÇΓöÇΓöÇΓöÇΓöÇΓöÇΓöÇΓöÇΓöÇΓöÇΓöÇΓöÇΓöÇΓöÇΓöÇΓöÇΓöÇΓöÇΓöÇΓöÇΓöÇΓöÇΓöÇΓöÇΓöÇΓöÇΓöÇΓöÇ  
   FAILED  Tests\Feature\SalonTest > get salon services                                                                               QueryException   
  SQLSTATE[42703]: Undefined column: 7 ERROR:  column "email" of relation "staff" does not exist
LINE 1: ...sert into "staff" ("salon_id", "user_id", "name", "email", "...
                                                             ^ (Connection: pgsql, SQL: insert into "staff" ("salon_id", "user_id", "name", "email", "phone", "specialization", "bio", "working_hours", "is_active", "auto_confirm", "updated_at", "created_at") values (138, 265, Dolly, oconner.agnes@example.org, (772) 361-3871, Stylist, Odio distinctio qui optio. Ut aut cupiditate quia voluptatum et hic dolorem. Repellendus ullam omnis dolor recusandae tempore et nesciunt. Accusamus quisquam corporis assumenda sunt ducimus., {"monday":{"start":"09:00","end":"18:00"},"tuesday":{"start":"09:00","end":"18:00"},"wednesday":{"start":"09:00","end":"18:00"},"thursday":{"start":"09:00","end":"18:00"},"friday":{"start":"09:00","end":"18:00"},"saturday":{"start":"10:00","end":"16:00"},"sunday":null}, 1, 0, 2025-12-15 19:13:07, 2025-12-15 19:13:07) returning "id")

  at vendor\laravel\framework\src\Illuminate\Database\Connection.php:822
    818Γûò                     $this->getName(), $query, $this->prepareBindings($bindings), $e
    819Γûò                 );
    820Γûò             }
    821Γûò 
  Γ₧£ 822Γûò             throw new QueryException(
    823Γûò                 $this->getName(), $query, $this->prepareBindings($bindings), $e
    824Γûò             );
    825Γûò         }
    826Γûò     }

  1   vendor\laravel\framework\src\Illuminate\Database\Connection.php:822

  2   vendor\laravel\framework\src\Illuminate\Database\Connection.php:409
      NunoMaduro\Collision\Exceptions\TestException::("SQLSTATE[42703]: Undefined column: 7 ERROR:  column "email" of relation "staff" does not exist
LINE 1: ...sert into "staff" ("salon_id", "user_id", "name", "email", "...
                                                             ^")

  ΓöÇΓöÇΓöÇΓöÇΓöÇΓöÇΓöÇΓöÇΓöÇΓöÇΓöÇΓöÇΓöÇΓöÇΓöÇΓöÇΓöÇΓöÇΓöÇΓöÇΓöÇΓöÇΓöÇΓöÇΓöÇΓöÇΓöÇΓöÇΓöÇΓöÇΓöÇΓöÇΓöÇΓöÇΓöÇΓöÇΓöÇΓöÇΓöÇΓöÇΓöÇΓöÇΓöÇΓöÇΓöÇΓöÇΓöÇΓöÇΓöÇΓöÇΓöÇΓöÇΓöÇΓöÇΓöÇΓöÇΓöÇΓöÇΓöÇΓöÇΓöÇΓöÇΓöÇΓöÇΓöÇΓöÇΓöÇΓöÇΓöÇΓöÇΓöÇΓöÇΓöÇΓöÇΓöÇΓöÇΓöÇΓöÇΓöÇΓöÇΓöÇΓöÇΓöÇΓöÇΓöÇΓöÇΓöÇΓöÇΓöÇΓöÇΓöÇΓöÇΓöÇΓöÇΓöÇΓöÇΓöÇΓöÇΓöÇΓöÇΓöÇΓöÇΓöÇΓöÇΓöÇΓöÇΓöÇΓöÇΓöÇΓöÇΓöÇΓöÇΓöÇΓöÇΓöÇΓöÇΓöÇΓöÇΓöÇΓöÇΓöÇΓöÇΓöÇΓöÇΓöÇΓöÇΓöÇΓöÇΓöÇΓöÇΓöÇΓöÇΓöÇΓöÇΓöÇΓöÇΓöÇΓöÇΓöÇΓöÇΓöÇΓöÇΓöÇΓöÇΓöÇΓöÇΓöÇ  
   FAILED  Tests\Feature\SalonTest > get salon staff                                                                                  QueryException   
  SQLSTATE[42703]: Undefined column: 7 ERROR:  column "email" of relation "staff" does not exist
LINE 1: ...sert into "staff" ("salon_id", "user_id", "name", "email", "...
                                                             ^ (Connection: pgsql, SQL: insert into "staff" ("salon_id", "user_id", "name", "email", "phone", "specialization", "bio", "working_hours", "is_active", "auto_confirm", "updated_at", "created_at") values (141, 267, Curt, mccullough.estelle@example.org, +16319073730, Barber, Dolor commodi officiis amet aliquid non. Eos earum facere error similique suscipit unde. Ipsam totam sed ut voluptatibus ut autem illo., {"monday":{"start":"09:00","end":"18:00"},"tuesday":{"start":"09:00","end":"18:00"},"wednesday":{"start":"09:00","end":"18:00"},"thursday":{"start":"09:00","end":"18:00"},"friday":{"start":"09:00","end":"18:00"},"saturday":{"start":"10:00","end":"16:00"},"sunday":null}, 1, 0, 2025-12-15 19:13:07, 2025-12-15 19:13:07) returning "id")

  at vendor\laravel\framework\src\Illuminate\Database\Connection.php:822
    818Γûò                     $this->getName(), $query, $this->prepareBindings($bindings), $e
    819Γûò                 );
    820Γûò             }
    821Γûò 
  Γ₧£ 822Γûò             throw new QueryException(
    823Γûò                 $this->getName(), $query, $this->prepareBindings($bindings), $e
    824Γûò             );
    825Γûò         }
    826Γûò     }

  1   vendor\laravel\framework\src\Illuminate\Database\Connection.php:822

  2   vendor\laravel\framework\src\Illuminate\Database\Connection.php:409
      NunoMaduro\Collision\Exceptions\TestException::("SQLSTATE[42703]: Undefined column: 7 ERROR:  column "email" of relation "staff" does not exist
LINE 1: ...sert into "staff" ("salon_id", "user_id", "name", "email", "...
                                                             ^")

  ΓöÇΓöÇΓöÇΓöÇΓöÇΓöÇΓöÇΓöÇΓöÇΓöÇΓöÇΓöÇΓöÇΓöÇΓöÇΓöÇΓöÇΓöÇΓöÇΓöÇΓöÇΓöÇΓöÇΓöÇΓöÇΓöÇΓöÇΓöÇΓöÇΓöÇΓöÇΓöÇΓöÇΓöÇΓöÇΓöÇΓöÇΓöÇΓöÇΓöÇΓöÇΓöÇΓöÇΓöÇΓöÇΓöÇΓöÇΓöÇΓöÇΓöÇΓöÇΓöÇΓöÇΓöÇΓöÇΓöÇΓöÇΓöÇΓöÇΓöÇΓöÇΓöÇΓöÇΓöÇΓöÇΓöÇΓöÇΓöÇΓöÇΓöÇΓöÇΓöÇΓöÇΓöÇΓöÇΓöÇΓöÇΓöÇΓöÇΓöÇΓöÇΓöÇΓöÇΓöÇΓöÇΓöÇΓöÇΓöÇΓöÇΓöÇΓöÇΓöÇΓöÇΓöÇΓöÇΓöÇΓöÇΓöÇΓöÇΓöÇΓöÇΓöÇΓöÇΓöÇΓöÇΓöÇΓöÇΓöÇΓöÇΓöÇΓöÇΓöÇΓöÇΓöÇΓöÇΓöÇΓöÇΓöÇΓöÇΓöÇΓöÇΓöÇΓöÇΓöÇΓöÇΓöÇΓöÇΓöÇΓöÇΓöÇΓöÇΓöÇΓöÇΓöÇΓöÇΓöÇΓöÇΓöÇΓöÇΓöÇΓöÇΓöÇΓöÇΓöÇΓöÇΓöÇΓöÇ  
   FAILED  Tests\Feature\SalonTest > salon images upload                                                                                               
  Expected response status code [200] but received 422.
Failed asserting that 422 is identical to 200.

The following errors occurred during the last request:

{
    "success": false,
    "message": "Validacija nije uspjela.",
    "error_code": "VALIDATION_ERROR",
    "errors": {
        "images.0": [
            "The images.0 field must be an image.",
            "The images.0 field must be a file of type: jpeg, png, jpg, webp."
        ]
    }
}

  at tests\Feature\SalonTest.php:129
    125Γûò                 'data:image/jpeg;base64,/9j/4AAQSkZJRgABAQEAYABgAAD/2wBDAA==',
    126Γûò             ],
    127Γûò         ]);
    128Γûò 
  Γ₧£ 129Γûò         $response->assertStatus(200);
    130Γûò     }
    131Γûò 
    132Γûò     /**
    133Γûò      * Test salon working hours update

  ΓöÇΓöÇΓöÇΓöÇΓöÇΓöÇΓöÇΓöÇΓöÇΓöÇΓöÇΓöÇΓöÇΓöÇΓöÇΓöÇΓöÇΓöÇΓöÇΓöÇΓöÇΓöÇΓöÇΓöÇΓöÇΓöÇΓöÇΓöÇΓöÇΓöÇΓöÇΓöÇΓöÇΓöÇΓöÇΓöÇΓöÇΓöÇΓöÇΓöÇΓöÇΓöÇΓöÇΓöÇΓöÇΓöÇΓöÇΓöÇΓöÇΓöÇΓöÇΓöÇΓöÇΓöÇΓöÇΓöÇΓöÇΓöÇΓöÇΓöÇΓöÇΓöÇΓöÇΓöÇΓöÇΓöÇΓöÇΓöÇΓöÇΓöÇΓöÇΓöÇΓöÇΓöÇΓöÇΓöÇΓöÇΓöÇΓöÇΓöÇΓöÇΓöÇΓöÇΓöÇΓöÇΓöÇΓöÇΓöÇΓöÇΓöÇΓöÇΓöÇΓöÇΓöÇΓöÇΓöÇΓöÇΓöÇΓöÇΓöÇΓöÇΓöÇΓöÇΓöÇΓöÇΓöÇΓöÇΓöÇΓöÇΓöÇΓöÇΓöÇΓöÇΓöÇΓöÇΓöÇΓöÇΓöÇΓöÇΓöÇΓöÇΓöÇΓöÇΓöÇΓöÇΓöÇΓöÇΓöÇΓöÇΓöÇΓöÇΓöÇΓöÇΓöÇΓöÇΓöÇΓöÇΓöÇΓöÇΓöÇΓöÇΓöÇΓöÇΓöÇΓöÇΓöÇΓöÇ  
   FAILED  Tests\Feature\SalonTest > get salon reviews                                                                                                 
  Expected response status code [200] but received 404.
Failed asserting that 404 is identical to 200.

  at tests\Feature\SalonTest.php:166
    162Γûò         $salon = Salon::factory()->create(['status' => 'approved']);
    163Γûò 
    164Γûò         $response = $this->getJson("/api/v1/public/salons/{$salon->id}/reviews");
    165Γûò 
  Γ₧£ 166Γûò         $response->assertStatus(200);
    167Γûò         $response->assertJsonStructure([
    168Γûò             'data' => [
    169Γûò                 '*' => ['id', 'rating', 'comment', 'user_name']
    170Γûò             ]

  ΓöÇΓöÇΓöÇΓöÇΓöÇΓöÇΓöÇΓöÇΓöÇΓöÇΓöÇΓöÇΓöÇΓöÇΓöÇΓöÇΓöÇΓöÇΓöÇΓöÇΓöÇΓöÇΓöÇΓöÇΓöÇΓöÇΓöÇΓöÇΓöÇΓöÇΓöÇΓöÇΓöÇΓöÇΓöÇΓöÇΓöÇΓöÇΓöÇΓöÇΓöÇΓöÇΓöÇΓöÇΓöÇΓöÇΓöÇΓöÇΓöÇΓöÇΓöÇΓöÇΓöÇΓöÇΓöÇΓöÇΓöÇΓöÇΓöÇΓöÇΓöÇΓöÇΓöÇΓöÇΓöÇΓöÇΓöÇΓöÇΓöÇΓöÇΓöÇΓöÇΓöÇΓöÇΓöÇΓöÇΓöÇΓöÇΓöÇΓöÇΓöÇΓöÇΓöÇΓöÇΓöÇΓöÇΓöÇΓöÇΓöÇΓöÇΓöÇΓöÇΓöÇΓöÇΓöÇΓöÇΓöÇΓöÇΓöÇΓöÇΓöÇΓöÇΓöÇΓöÇΓöÇΓöÇΓöÇΓöÇΓöÇΓöÇΓöÇΓöÇΓöÇΓöÇΓöÇΓöÇΓöÇΓöÇΓöÇΓöÇΓöÇΓöÇΓöÇΓöÇΓöÇΓöÇΓöÇΓöÇΓöÇΓöÇΓöÇΓöÇΓöÇΓöÇΓöÇΓöÇΓöÇΓöÇΓöÇΓöÇΓöÇΓöÇΓöÇΓöÇΓöÇΓöÇΓöÇ  
   FAILED  Tests\Feature\SalonTest > salon rating calculation                                                                                          
  Expected response status code [200] but received 404.
Failed asserting that 404 is identical to 200.

  at tests\Feature\SalonTest.php:232
    228Γûò         $salon = Salon::factory()->create(['status' => 'approved']);
    229Γûò 
    230Γûò         $response = $this->getJson("/api/v1/public/salons/{$salon->id}");
    231Γûò 
  Γ₧£ 232Γûò         $response->assertStatus(200);
    233Γûò         $this->assertIsNumeric($response->json('data.rating'));
    234Γûò     }
    235Γûò 
    236Γûò     /**

  ΓöÇΓöÇΓöÇΓöÇΓöÇΓöÇΓöÇΓöÇΓöÇΓöÇΓöÇΓöÇΓöÇΓöÇΓöÇΓöÇΓöÇΓöÇΓöÇΓöÇΓöÇΓöÇΓöÇΓöÇΓöÇΓöÇΓöÇΓöÇΓöÇΓöÇΓöÇΓöÇΓöÇΓöÇΓöÇΓöÇΓöÇΓöÇΓöÇΓöÇΓöÇΓöÇΓöÇΓöÇΓöÇΓöÇΓöÇΓöÇΓöÇΓöÇΓöÇΓöÇΓöÇΓöÇΓöÇΓöÇΓöÇΓöÇΓöÇΓöÇΓöÇΓöÇΓöÇΓöÇΓöÇΓöÇΓöÇΓöÇΓöÇΓöÇΓöÇΓöÇΓöÇΓöÇΓöÇΓöÇΓöÇΓöÇΓöÇΓöÇΓöÇΓöÇΓöÇΓöÇΓöÇΓöÇΓöÇΓöÇΓöÇΓöÇΓöÇΓöÇΓöÇΓöÇΓöÇΓöÇΓöÇΓöÇΓöÇΓöÇΓöÇΓöÇΓöÇΓöÇΓöÇΓöÇΓöÇΓöÇΓöÇΓöÇΓöÇΓöÇΓöÇΓöÇΓöÇΓöÇΓöÇΓöÇΓöÇΓöÇΓöÇΓöÇΓöÇΓöÇΓöÇΓöÇΓöÇΓöÇΓöÇΓöÇΓöÇΓöÇΓöÇΓöÇΓöÇΓöÇΓöÇΓöÇΓöÇΓöÇΓöÇΓöÇΓöÇΓöÇΓöÇΓöÇΓöÇ  
   FAILED  Tests\Feature\SalonTest > salon with no reviews                                                                                             
  Expected response status code [200] but received 404.
Failed asserting that 404 is identical to 200.

  at tests\Feature\SalonTest.php:245
    241Γûò         $salon = Salon::factory()->create(['status' => 'approved']);
    242Γûò 
    243Γûò         $response = $this->getJson("/api/v1/public/salons/{$salon->id}");
    244Γûò 
  Γ₧£ 245Γûò         $response->assertStatus(200);
    246Γûò         $this->assertEquals(0, $response->json('data.review_count'));
    247Γûò     }
    248Γûò }
    249Γûò


  Tests:    98 failed, 16 passed (60 assertions)
  Duration: 9.53s

